Archive member included to satisfy reference by file (symbol)

c:/gnu tools arm embedded/bin/../lib/gcc/arm-none-eabi/9.2.1/../../../../arm-none-eabi/lib/thumb/v6-m/nofp\libc_nano.a(lib_a-exit.o)
                              c:/gnu tools arm embedded/bin/../lib/gcc/arm-none-eabi/9.2.1/../../../../arm-none-eabi/lib/thumb/v6-m/nofp/crt0.o (exit)
c:/gnu tools arm embedded/bin/../lib/gcc/arm-none-eabi/9.2.1/../../../../arm-none-eabi/lib/thumb/v6-m/nofp\libc_nano.a(lib_a-impure.o)
                              c:/gnu tools arm embedded/bin/../lib/gcc/arm-none-eabi/9.2.1/../../../../arm-none-eabi/lib/thumb/v6-m/nofp\libc_nano.a(lib_a-exit.o) (_global_impure_ptr)
c:/gnu tools arm embedded/bin/../lib/gcc/arm-none-eabi/9.2.1/../../../../arm-none-eabi/lib/thumb/v6-m/nofp\libc_nano.a(lib_a-init.o)
                              c:/gnu tools arm embedded/bin/../lib/gcc/arm-none-eabi/9.2.1/../../../../arm-none-eabi/lib/thumb/v6-m/nofp/crt0.o (__libc_init_array)
c:/gnu tools arm embedded/bin/../lib/gcc/arm-none-eabi/9.2.1/../../../../arm-none-eabi/lib/thumb/v6-m/nofp\libc_nano.a(lib_a-memcpy-stub.o)
                              build/PID.o (memcpy)
c:/gnu tools arm embedded/bin/../lib/gcc/arm-none-eabi/9.2.1/../../../../arm-none-eabi/lib/thumb/v6-m/nofp\libc_nano.a(lib_a-memset.o)
                              c:/gnu tools arm embedded/bin/../lib/gcc/arm-none-eabi/9.2.1/../../../../arm-none-eabi/lib/thumb/v6-m/nofp/crt0.o (memset)
c:/gnu tools arm embedded/bin/../lib/gcc/arm-none-eabi/9.2.1/../../../../arm-none-eabi/lib/thumb/v6-m/nofp\libc_nano.a(lib_a-sprintf.o)
                              build/main.o (sprintf)
c:/gnu tools arm embedded/bin/../lib/gcc/arm-none-eabi/9.2.1/../../../../arm-none-eabi/lib/thumb/v6-m/nofp\libc_nano.a(lib_a-strcmp.o)
                              build/usart_utils.o (strcmp)
c:/gnu tools arm embedded/bin/../lib/gcc/arm-none-eabi/9.2.1/../../../../arm-none-eabi/lib/thumb/v6-m/nofp\libc_nano.a(lib_a-nano-svfprintf.o)
                              c:/gnu tools arm embedded/bin/../lib/gcc/arm-none-eabi/9.2.1/../../../../arm-none-eabi/lib/thumb/v6-m/nofp\libc_nano.a(lib_a-sprintf.o) (_svfprintf_r)
c:/gnu tools arm embedded/bin/../lib/gcc/arm-none-eabi/9.2.1/../../../../arm-none-eabi/lib/thumb/v6-m/nofp\libc_nano.a(lib_a-nano-vfprintf_i.o)
                              c:/gnu tools arm embedded/bin/../lib/gcc/arm-none-eabi/9.2.1/../../../../arm-none-eabi/lib/thumb/v6-m/nofp\libc_nano.a(lib_a-nano-svfprintf.o) (_printf_i)
c:/gnu tools arm embedded/bin/../lib/gcc/arm-none-eabi/9.2.1/../../../../arm-none-eabi/lib/thumb/v6-m/nofp\libc_nano.a(lib_a-memchr-stub.o)
                              c:/gnu tools arm embedded/bin/../lib/gcc/arm-none-eabi/9.2.1/../../../../arm-none-eabi/lib/thumb/v6-m/nofp\libc_nano.a(lib_a-nano-svfprintf.o) (memchr)
c:/gnu tools arm embedded/bin/../lib/gcc/arm-none-eabi/9.2.1/../../../../arm-none-eabi/lib/thumb/v6-m/nofp\libc_nano.a(lib_a-memmove.o)
                              c:/gnu tools arm embedded/bin/../lib/gcc/arm-none-eabi/9.2.1/../../../../arm-none-eabi/lib/thumb/v6-m/nofp\libc_nano.a(lib_a-nano-svfprintf.o) (memmove)
c:/gnu tools arm embedded/bin/../lib/gcc/arm-none-eabi/9.2.1/../../../../arm-none-eabi/lib/thumb/v6-m/nofp\libc_nano.a(lib_a-nano-freer.o)
                              c:/gnu tools arm embedded/bin/../lib/gcc/arm-none-eabi/9.2.1/../../../../arm-none-eabi/lib/thumb/v6-m/nofp\libc_nano.a(lib_a-nano-svfprintf.o) (_free_r)
c:/gnu tools arm embedded/bin/../lib/gcc/arm-none-eabi/9.2.1/../../../../arm-none-eabi/lib/thumb/v6-m/nofp\libc_nano.a(lib_a-nano-mallocr.o)
                              c:/gnu tools arm embedded/bin/../lib/gcc/arm-none-eabi/9.2.1/../../../../arm-none-eabi/lib/thumb/v6-m/nofp\libc_nano.a(lib_a-nano-svfprintf.o) (_malloc_r)
c:/gnu tools arm embedded/bin/../lib/gcc/arm-none-eabi/9.2.1/../../../../arm-none-eabi/lib/thumb/v6-m/nofp\libc_nano.a(lib_a-nano-reallocr.o)
                              c:/gnu tools arm embedded/bin/../lib/gcc/arm-none-eabi/9.2.1/../../../../arm-none-eabi/lib/thumb/v6-m/nofp\libc_nano.a(lib_a-nano-svfprintf.o) (_realloc_r)
c:/gnu tools arm embedded/bin/../lib/gcc/arm-none-eabi/9.2.1/../../../../arm-none-eabi/lib/thumb/v6-m/nofp\libc_nano.a(lib_a-sbrkr.o)
                              c:/gnu tools arm embedded/bin/../lib/gcc/arm-none-eabi/9.2.1/../../../../arm-none-eabi/lib/thumb/v6-m/nofp\libc_nano.a(lib_a-nano-mallocr.o) (_sbrk_r)
c:/gnu tools arm embedded/bin/../lib/gcc/arm-none-eabi/9.2.1/../../../../arm-none-eabi/lib/thumb/v6-m/nofp\libc_nano.a(lib_a-mlock.o)
                              c:/gnu tools arm embedded/bin/../lib/gcc/arm-none-eabi/9.2.1/../../../../arm-none-eabi/lib/thumb/v6-m/nofp\libc_nano.a(lib_a-nano-freer.o) (__malloc_lock)
c:/gnu tools arm embedded/bin/../lib/gcc/arm-none-eabi/9.2.1/../../../../arm-none-eabi/lib/thumb/v6-m/nofp\libc_nano.a(lib_a-nano-msizer.o)
[...]
Memory Configuration

Name             Origin             Length             Attributes
RAM              0x20000000         0x00009000         xrw
FLASH            0x08000000         0x00020000         xr
*default*        0x00000000         0xffffffff

Linker script and memory map

LOAD c:/gnu tools arm embedded/bin/../lib/gcc/arm-none-eabi/9.2.1/thumb/v6-m/nofp/crti.o
LOAD c:/gnu tools arm embedded/bin/../lib/gcc/arm-none-eabi/9.2.1/thumb/v6-m/nofp/crtbegin.o
LOAD c:/gnu tools arm embedded/bin/../lib/gcc/arm-none-eabi/9.2.1/../../../../arm-none-eabi/lib/thumb/v6-m/nofp/crt0.o
LOAD build/main.o
LOAD build/gpio.o
LOAD build/stm32g0xx_it.o
LOAD build/stm32g0xx_hal_msp.o
LOAD build/stm32g0xx_hal_gpio.o
LOAD build/stm32g0xx_hal_tim.o
LOAD build/stm32g0xx_hal_tim_ex.o
LOAD build/stm32g0xx_hal_rcc.o
LOAD build/stm32g0xx_hal_rcc_ex.o
LOAD build/stm32g0xx_ll_rcc.o
LOAD build/stm32g0xx_hal_flash.o
LOAD build/stm32g0xx_hal_flash_ex.o
LOAD build/stm32g0xx_hal_dma.o
LOAD build/stm32g0xx_hal_dma_ex.o
LOAD build/stm32g0xx_hal_pwr.o
LOAD build/stm32g0xx_hal_pwr_ex.o
LOAD build/stm32g0xx_hal_cortex.o
LOAD build/stm32g0xx_hal.o
LOAD build/stm32g0xx_hal_exti.o
LOAD build/system_stm32g0xx.o
LOAD build/lptim.o
LOAD build/usart.o
LOAD build/cmd.o
LOAD build/Filter.o
LOAD build/PID.o
LOAD build/usart_utils.o
LOAD build/stm32g0xx_hal_lptim.o
LOAD build/stm32g0xx_hal_uart.o
LOAD build/stm32g0xx_hal_uart_ex.o
LOAD build/spi.o
LOAD build/ADC.o
LOAD build/DAC.o
LOAD build/stm32g0xx_hal_spi.o
LOAD build/stm32g0xx_hal_spi_ex.o
LOAD build/dma.o
LOAD build/startup_stm32g071xx.o
LOAD c:/gnu tools arm embedded/bin/../lib/gcc/arm-none-eabi/9.2.1/../../../../arm-none-eabi/lib/thumb/v6-m/nofp\libc_nano.a
LOAD c:/gnu tools arm embedded/bin/../lib/gcc/arm-none-eabi/9.2.1/../../../../arm-none-eabi/lib/thumb/v6-m/nofp\libm.a
LOAD c:/gnu tools arm embedded/bin/../lib/gcc/arm-none-eabi/9.2.1/../../../../arm-none-eabi/lib/thumb/v6-m/nofp\libnosys.a
START GROUP
LOAD c:/gnu tools arm embedded/bin/../lib/gcc/arm-none-eabi/9.2.1/thumb/v6-m/nofp\libgcc.a
LOAD c:/gnu tools arm embedded/bin/../lib/gcc/arm-none-eabi/9.2.1/../../../../arm-none-eabi/lib/thumb/v6-m/nofp\libc_nano.a
END GROUP
START GROUP
LOAD c:/gnu tools arm embedded/bin/../lib/gcc/arm-none-eabi/9.2.1/thumb/v6-m/nofp\libgcc.a
LOAD c:/gnu tools arm embedded/bin/../lib/gcc/arm-none-eabi/9.2.1/../../../../arm-none-eabi/lib/thumb/v6-m/nofp\libc_nano.a
END GROUP
LOAD c:/gnu tools arm embedded/bin/../lib/gcc/arm-none-eabi/9.2.1/thumb/v6-m/nofp/crtend.o
LOAD c:/gnu tools arm embedded/bin/../lib/gcc/arm-none-eabi/9.2.1/thumb/v6-m/nofp/crtn.o
                0x20009000                _estack = 0x20009000
                0x00000200                _Min_Heap_Size = 0x200
                0x00000400                _Min_Stack_Size = 0x400

.isr_vector     0x08000000       0xbc
                0x08000000                . = ALIGN (0x4)
 *(.isr_vector)
 .isr_vector    0x08000000       0xbc build/startup_stm32g071xx.o
                0x08000000                g_pfnVectors
                0x080000bc                . = ALIGN (0x4)

.text           0x080000bc     0x6f80
                0x080000bc                . = ALIGN (0x4)
 *(.text)
 .text          0x080000bc       0x48 c:/gnu tools arm embedded/bin/../lib/gcc/arm-none-eabi/9.2.1/thumb/v6-m/nofp/crtbegin.o
 .text          0x08000104       0x14 c:/gnu tools arm embedded/bin/../lib/gcc/arm-none-eabi/9.2.1/../../../../arm-none-eabi/lib/thumb/v6-m/nofp\libc_nano.a(lib_a-strcmp.o)
                0x08000104                strcmp
 .text          0x08000118       0x14 c:/gnu tools arm embedded/bin/../lib/gcc/arm-none-eabi/9.2.1/thumb/v6-m/nofp\libgcc.a(_thumb1_case_shi.o)
                0x08000118                __gnu_thumb1_case_shi
 .text          0x0800012c      0x114 c:/gnu tools arm embedded/bin/../lib/gcc/arm-none-eabi/9.2.1/thumb/v6-m/nofp\libgcc.a(_udivsi3.o)
                0x0800012c                __aeabi_uidiv
                0x0800012c                __udivsi3
                0x08000238                __aeabi_uidivmod
 .text          0x08000240      0x1d4 c:/gnu tools arm embedded/bin/../lib/gcc/arm-none-eabi/9.2.1/thumb/v6-m/nofp\libgcc.a(_divsi3.o)
                0x08000240                __divsi3
                0x08000240                __aeabi_idiv
                0x0800040c                __aeabi_idivmod
 .text          0x08000414        0x4 c:/gnu tools arm embedded/bin/../lib/gcc/arm-none-eabi/9.2.1/thumb/v6-m/nofp\libgcc.a(_dvmd_tls.o)
                0x08000414                __aeabi_idiv0
                0x08000414                __aeabi_ldiv0
 .text          0x08000418       0x48 c:/gnu tools arm embedded/bin/../lib/gcc/arm-none-eabi/9.2.1/thumb/v6-m/nofp\libgcc.a(_aeabi_ldivmod.o)
                0x08000418                __aeabi_ldivmod
 .text          0x08000460       0x40 c:/gnu tools arm embedded/bin/../lib/gcc/arm-none-eabi/9.2.1/thumb/v6-m/nofp\libgcc.a(_aeabi_uldivmod.o)
                0x08000460                __aeabi_uldivmod
 .text          0x080004a0       0x50 c:/gnu tools arm embedded/bin/../lib/gcc/arm-none-eabi/9.2.1/thumb/v6-m/nofp\libgcc.a(_muldi3.o)
                0x080004a0                __muldi3
                0x080004a0                __aeabi_lmul
 .text          0x080004f0      0x198 c:/gnu tools arm embedded/bin/../lib/gcc/arm-none-eabi/9.2.1/thumb/v6-m/nofp\libgcc.a(_udivmoddi4.o)
                0x080004f0                __udivmoddi4
 .text          0x08000688       0x3c c:/gnu tools arm embedded/bin/../lib/gcc/arm-none-eabi/9.2.1/thumb/v6-m/nofp\libgcc.a(bpabi.o)
                0x08000688                __gnu_ldivmod_helper
 .text          0x080006c4       0x18 c:/gnu tools arm embedded/bin/../lib/gcc/arm-none-eabi/9.2.1/thumb/v6-m/nofp\libgcc.a(_clzdi2.o)
                0x080006c4                __clzdi2
 .text          0x080006dc      0x1cc c:/gnu tools arm embedded/bin/../lib/gcc/arm-none-eabi/9.2.1/thumb/v6-m/nofp\libgcc.a(_divdi3.o)
                0x080006dc                __divdi3
 .text          0x080008a8       0x3c c:/gnu tools arm embedded/bin/../lib/gcc/arm-none-eabi/9.2.1/thumb/v6-m/nofp\libgcc.a(_clzsi2.o)
                0x080008a8                __clzsi2
 *(.text*)
 .text.Error_Handler
                0x080008e4       0x2a build/main.o
                0x080008e4                Error_Handler
 *fill*         0x0800090e        0x2 
 .text.SystemClock_Config
                0x08000910       0xb4 build/main.o
                0x08000910                SystemClock_Config
 .text.main     0x080009c4      0x4c4 build/main.o
                0x080009c4                main
 .text.MX_GPIO_Init
                0x08000e88      0x13c build/gpio.o
                0x08000e88                MX_GPIO_Init
 .text.NMI_Handler
                0x08000fc4        0x2 build/stm32g0xx_it.o
                0x08000fc4                NMI_Handler
 .text.HardFault_Handler
                0x08000fc6        0x2 build/stm32g0xx_it.o
                0x08000fc6                HardFault_Handler
 .text.SVC_Handler
                0x08000fc8        0x2 build/stm32g0xx_it.o
                0x08000fc8                SVC_Handler
 .text.PendSV_Handler
                0x08000fca        0x2 build/stm32g0xx_it.o
                0x08000fca                PendSV_Handler
 .text.SysTick_Handler
                0x08000fcc        0x8 build/stm32g0xx_it.o
                0x08000fcc                SysTick_Handler
 .text.FLASH_IRQHandler
                0x08000fd4        0x8 build/stm32g0xx_it.o
                0x08000fd4                FLASH_IRQHandler
 .text.RCC_IRQHandler
                0x08000fdc        0x2 build/stm32g0xx_it.o
                0x08000fdc                RCC_IRQHandler
 .text.EXTI4_15_IRQHandler
                0x08000fde        0xa build/stm32g0xx_it.o
                0x08000fde                EXTI4_15_IRQHandler
 .text.DMA1_Channel1_IRQHandler
                0x08000fe8       0x10 build/stm32g0xx_it.o
                0x08000fe8                DMA1_Channel1_IRQHandler
 .text.TIM6_DAC_LPTIM1_IRQHandler
                0x08000ff8       0x24 build/stm32g0xx_it.o
                0x08000ff8                TIM6_DAC_LPTIM1_IRQHandler
 .text.SPI2_IRQHandler
                0x0800101c       0x10 build/stm32g0xx_it.o
                0x0800101c                SPI2_IRQHandler
 .text.USART2_IRQHandler
                0x0800102c       0x18 build/stm32g0xx_it.o
                0x0800102c                USART2_IRQHandler
 .text.HAL_GPIO_EXTI_Falling_Callback
                0x08001044        0xe build/stm32g0xx_it.o
                0x08001044                HAL_GPIO_EXTI_Falling_Callback
 *fill*         0x08001052        0x2 
 .text.HAL_MspInit
                0x08001054       0x50 build/stm32g0xx_hal_msp.o
                0x08001054                HAL_MspInit
 .text.HAL_GPIO_Init
                0x080010a4      0x174 build/stm32g0xx_hal_gpio.o
                0x080010a4                HAL_GPIO_Init
 .text.HAL_GPIO_DeInit
                0x08001218       0xf4 build/stm32g0xx_hal_gpio.o
                0x08001218                HAL_GPIO_DeInit
 .text.HAL_GPIO_WritePin
                0x0800130c        0xc build/stm32g0xx_hal_gpio.o
                0x0800130c                HAL_GPIO_WritePin
 .text.HAL_GPIO_TogglePin
                0x08001318        0xe build/stm32g0xx_hal_gpio.o
                0x08001318                HAL_GPIO_TogglePin
 .text.HAL_GPIO_EXTI_Rising_Callback
                0x08001326        0x2 build/stm32g0xx_hal_gpio.o
                0x08001326                HAL_GPIO_EXTI_Rising_Callback
 .text.HAL_GPIO_EXTI_IRQHandler
                0x08001328       0x30 build/stm32g0xx_hal_gpio.o
                0x08001328                HAL_GPIO_EXTI_IRQHandler
 .text.HAL_RCC_OscConfig
                0x08001358      0x4c0 build/stm32g0xx_hal_rcc.o
                0x08001358                HAL_RCC_OscConfig
 .text.HAL_RCC_GetSysClockFreq
                0x08001818       0xbc build/stm32g0xx_hal_rcc.o
                0x08001818                HAL_RCC_GetSysClockFreq
 .text.HAL_RCC_ClockConfig
                0x080018d4      0x18c build/stm32g0xx_hal_rcc.o
                0x080018d4                HAL_RCC_ClockConfig
 .text.HAL_RCC_GetHCLKFreq
                0x08001a60        0xc build/stm32g0xx_hal_rcc.o
                0x08001a60                HAL_RCC_GetHCLKFreq
 .text.HAL_RCC_GetPCLK1Freq
                0x08001a6c       0x28 build/stm32g0xx_hal_rcc.o
                0x08001a6c                HAL_RCC_GetPCLK1Freq
 .text.HAL_RCCEx_PeriphCLKConfig
                0x08001a94      0x244 build/stm32g0xx_hal_rcc_ex.o
                0x08001a94                HAL_RCCEx_PeriphCLKConfig
 .text.HAL_FLASH_EndOfOperationCallback
                0x08001cd8        0x2 build/stm32g0xx_hal_flash.o
                0x08001cd8                HAL_FLASH_EndOfOperationCallback
 .text.HAL_FLASH_OperationErrorCallback
                0x08001cda        0x2 build/stm32g0xx_hal_flash.o
                0x08001cda                HAL_FLASH_OperationErrorCallback
 .text.HAL_FLASH_IRQHandler
                0x08001cdc       0xe8 build/stm32g0xx_hal_flash.o
                0x08001cdc                HAL_FLASH_IRQHandler
 .text.FLASH_PageErase
                0x08001dc4       0x20 build/stm32g0xx_hal_flash_ex.o
                0x08001dc4                FLASH_PageErase
 .text.DMA_SetConfig
                0x08001de4       0x48 build/stm32g0xx_hal_dma.o
 .text.DMA_CalcDMAMUXChannelBaseAndMask
                0x08001e2c       0x38 build/stm32g0xx_hal_dma.o
 .text.DMA_CalcDMAMUXRequestGenBaseAndMask
                0x08001e64       0x28 build/stm32g0xx_hal_dma.o
 .text.HAL_DMA_Init
                0x08001e8c       0xb0 build/stm32g0xx_hal_dma.o
                0x08001e8c                HAL_DMA_Init
 .text.HAL_DMA_Start_IT
                0x08001f3c       0x98 build/stm32g0xx_hal_dma.o
                0x08001f3c                HAL_DMA_Start_IT
 .text.HAL_DMA_Abort
                0x08001fd4       0x80 build/stm32g0xx_hal_dma.o
                0x08001fd4                HAL_DMA_Abort
 .text.HAL_DMA_Abort_IT
                0x08002054       0x84 build/stm32g0xx_hal_dma.o
                0x08002054                HAL_DMA_Abort_IT
 .text.HAL_DMA_IRQHandler
                0x080020d8       0xcc build/stm32g0xx_hal_dma.o
                0x080020d8                HAL_DMA_IRQHandler
 .text.HAL_DMA_GetError
                0x080021a4        0x4 build/stm32g0xx_hal_dma.o
                0x080021a4                HAL_DMA_GetError
 .text.HAL_PWREx_ControlVoltageScaling
                0x080021a8       0x54 build/stm32g0xx_hal_pwr_ex.o
                0x080021a8                HAL_PWREx_ControlVoltageScaling
 .text.HAL_NVIC_SetPriority
                0x080021fc       0x64 build/stm32g0xx_hal_cortex.o
                0x080021fc                HAL_NVIC_SetPriority
 .text.HAL_NVIC_EnableIRQ
                0x08002260       0x18 build/stm32g0xx_hal_cortex.o
                0x08002260                HAL_NVIC_EnableIRQ
 .text.HAL_NVIC_DisableIRQ
                0x08002278       0x20 build/stm32g0xx_hal_cortex.o
                0x08002278                HAL_NVIC_DisableIRQ
 .text.HAL_SYSTICK_Config
                0x08002298       0x38 build/stm32g0xx_hal_cortex.o
                0x08002298                HAL_SYSTICK_Config
 .text.HAL_InitTick
                0x080022d0       0x58 build/stm32g0xx_hal.o
                0x080022d0                HAL_InitTick
 .text.HAL_Init
                0x08002328       0x28 build/stm32g0xx_hal.o
                0x08002328                HAL_Init
 .text.HAL_IncTick
                0x08002350       0x18 build/stm32g0xx_hal.o
                0x08002350                HAL_IncTick
 .text.HAL_GetTick
                0x08002368        0xc build/stm32g0xx_hal.o
                0x08002368                HAL_GetTick
 .text.HAL_Delay
                0x08002374       0x24 build/stm32g0xx_hal.o
                0x08002374                HAL_Delay
 .text.SystemInit
                0x08002398       0x10 build/system_stm32g0xx.o
                0x08002398                SystemInit
 .text.MX_LPTIM1_Init
                0x080023a8       0x3c build/lptim.o
                0x080023a8                MX_LPTIM1_Init
 .text.HAL_LPTIM_MspInit
                0x080023e4       0x40 build/lptim.o
                0x080023e4                HAL_LPTIM_MspInit
 .text.MX_USART2_UART_Init
                0x08002424       0x70 build/usart.o
                0x08002424                MX_USART2_UART_Init
 .text.HAL_UART_MspInit
                0x08002494       0xbc build/usart.o
                0x08002494                HAL_UART_MspInit
 .text.CHECK_IF_END
                0x08002550      0x100 build/usart.o
                0x08002550                CHECK_IF_END
 .text.IDLE_UART_IRQHandler
                0x08002650       0x28 build/usart.o
                0x08002650                IDLE_UART_IRQHandler
 .text.cmd      0x08002678      0xe18 build/cmd.o
                0x08002678                cmd
 .text.Filter   0x08003490       0xcc build/Filter.o
                0x08003490                Filter
 .text.Voltage  0x0800355c       0x30 build/PID.o
                0x0800355c                Voltage
 .text.Phase    0x0800358c       0x20 build/PID.o
                0x0800358c                Phase
 .text.Temperature
                0x080035ac       0x30 build/PID.o
                0x080035ac                Temperature
 .text.Relative_Power
                0x080035dc       0x20 build/PID.o
                0x080035dc                Relative_Power
 .text.RMS_Power
                0x080035fc       0x40 build/PID.o
                0x080035fc                RMS_Power
 .text.Calib    0x0800363c      0x6a8 build/PID.o
                0x0800363c                Calib
 .text.PID_Init
                0x08003ce4       0x9c build/PID.o
                0x08003ce4                PID_Init
 .text.PID352   0x08003d80       0x94 build/PID.o
                0x08003d80                PID352
 .text.PID704   0x08003e14       0x98 build/PID.o
                0x08003e14                PID704
 .text.PID      0x08003eac        0xc build/PID.o
                0x08003eac                PID
 .text.UART_PARSE
                0x08003eb8      0x124 build/usart_utils.o
                0x08003eb8                UART_PARSE
 .text.HAL_LPTIM_Init
                0x08003fdc       0xb4 build/stm32g0xx_hal_lptim.o
                0x08003fdc                HAL_LPTIM_Init
 .text.HAL_LPTIM_Counter_Start_IT
                0x08004090       0x5c build/stm32g0xx_hal_lptim.o
                0x08004090                HAL_LPTIM_Counter_Start_IT
 .text.HAL_LPTIM_CompareMatchCallback
                0x080040ec        0x2 build/stm32g0xx_hal_lptim.o
                0x080040ec                HAL_LPTIM_CompareMatchCallback
 .text.HAL_LPTIM_AutoReloadMatchCallback
                0x080040ee        0x2 build/stm32g0xx_hal_lptim.o
                0x080040ee                HAL_LPTIM_AutoReloadMatchCallback
 .text.HAL_LPTIM_TriggerCallback
                0x080040f0        0x2 build/stm32g0xx_hal_lptim.o
                0x080040f0                HAL_LPTIM_TriggerCallback
 .text.HAL_LPTIM_CompareWriteCallback
                0x080040f2        0x2 build/stm32g0xx_hal_lptim.o
                0x080040f2                HAL_LPTIM_CompareWriteCallback
 .text.HAL_LPTIM_AutoReloadWriteCallback
                0x080040f4        0x2 build/stm32g0xx_hal_lptim.o
                0x080040f4                HAL_LPTIM_AutoReloadWriteCallback
 .text.HAL_LPTIM_DirectionUpCallback
                0x080040f6        0x2 build/stm32g0xx_hal_lptim.o
                0x080040f6                HAL_LPTIM_DirectionUpCallback
 .text.HAL_LPTIM_DirectionDownCallback
                0x080040f8        0x2 build/stm32g0xx_hal_lptim.o
                0x080040f8                HAL_LPTIM_DirectionDownCallback
 .text.HAL_LPTIM_IRQHandler
                0x080040fa       0xba build/stm32g0xx_hal_lptim.o
                0x080040fa                HAL_LPTIM_IRQHandler
 .text.UART_EndTxTransfer
                0x080041b4       0x20 build/stm32g0xx_hal_uart.o
 .text.UART_EndRxTransfer
                0x080041d4       0x28 build/stm32g0xx_hal_uart.o
 .text.HAL_UART_Receive_DMA
                0x080041fc       0xd4 build/stm32g0xx_hal_uart.o
                0x080041fc                HAL_UART_Receive_DMA
 .text.HAL_UART_DMAStop
                0x080042d0       0x92 build/stm32g0xx_hal_uart.o
                0x080042d0                HAL_UART_DMAStop
 .text.HAL_UART_TxCpltCallback
                0x08004362        0x2 build/stm32g0xx_hal_uart.o
                0x08004362                HAL_UART_TxCpltCallback
 .text.UART_EndTransmit_IT
                0x08004364       0x1c build/stm32g0xx_hal_uart.o
 .text.HAL_UART_RxCpltCallback
                0x08004380        0x2 build/stm32g0xx_hal_uart.o
                0x08004380                HAL_UART_RxCpltCallback
 *fill*         0x08004382        0x2 
 .text.UART_DMAReceiveCplt
                0x08004384       0x44 build/stm32g0xx_hal_uart.o
 .text.HAL_UART_RxHalfCpltCallback
                0x080043c8        0x2 build/stm32g0xx_hal_uart.o
                0x080043c8                HAL_UART_RxHalfCpltCallback
 .text.UART_DMARxHalfCplt
                0x080043ca        0xa build/stm32g0xx_hal_uart.o
 .text.HAL_UART_ErrorCallback
                0x080043d4        0x2 build/stm32g0xx_hal_uart.o
                0x080043d4                HAL_UART_ErrorCallback
 .text.UART_DMAError
                0x080043d6       0x52 build/stm32g0xx_hal_uart.o
 .text.HAL_UART_IRQHandler
                0x08004428      0x184 build/stm32g0xx_hal_uart.o
                0x08004428                HAL_UART_IRQHandler
 .text.UART_DMAAbortOnError
                0x080045ac       0x14 build/stm32g0xx_hal_uart.o
 .text.UART_SetConfig
                0x080045c0      0xc38 build/stm32g0xx_hal_uart.o
                0x080045c0                UART_SetConfig
 .text.UART_AdvFeatureConfig
                0x080051f8       0xe0 build/stm32g0xx_hal_uart.o
                0x080051f8                UART_AdvFeatureConfig
 .text.UART_WaitOnFlagUntilTimeout
                0x080052d8       0x6c build/stm32g0xx_hal_uart.o
                0x080052d8                UART_WaitOnFlagUntilTimeout
 .text.HAL_UART_Transmit
                0x08005344       0xf4 build/stm32g0xx_hal_uart.o
                0x08005344                HAL_UART_Transmit
 .text.UART_CheckIdleState
                0x08005438       0x70 build/stm32g0xx_hal_uart.o
                0x08005438                UART_CheckIdleState
 .text.HAL_UART_Init
                0x080054a8       0x70 build/stm32g0xx_hal_uart.o
                0x080054a8                HAL_UART_Init
 .text.UARTEx_SetNbDataToProcess
                0x08005518       0x64 build/stm32g0xx_hal_uart_ex.o
 .text.HAL_UARTEx_WakeupCallback
                0x0800557c        0x2 build/stm32g0xx_hal_uart_ex.o
                0x0800557c                HAL_UARTEx_WakeupCallback
 .text.HAL_UARTEx_RxFifoFullCallback
                0x0800557e        0x2 build/stm32g0xx_hal_uart_ex.o
                0x0800557e                HAL_UARTEx_RxFifoFullCallback
 .text.HAL_UARTEx_TxFifoEmptyCallback
                0x08005580        0x2 build/stm32g0xx_hal_uart_ex.o
                0x08005580                HAL_UARTEx_TxFifoEmptyCallback
 *fill*         0x08005582        0x2 
 .text.HAL_UARTEx_DisableFifoMode
                0x08005584       0x40 build/stm32g0xx_hal_uart_ex.o
                0x08005584                HAL_UARTEx_DisableFifoMode
 .text.HAL_UARTEx_SetTxFifoThreshold
                0x080055c4       0x48 build/stm32g0xx_hal_uart_ex.o
                0x080055c4                HAL_UARTEx_SetTxFifoThreshold
 .text.HAL_UARTEx_SetRxFifoThreshold
                0x0800560c       0x4c build/stm32g0xx_hal_uart_ex.o
                0x0800560c                HAL_UARTEx_SetRxFifoThreshold
 .text.MX_SPI1_Init
                0x08005658       0x54 build/spi.o
                0x08005658                MX_SPI1_Init
 .text.MX_SPI2_Init
                0x080056ac       0x50 build/spi.o
                0x080056ac                MX_SPI2_Init
 .text.HAL_SPI_MspInit
                0x080056fc       0xd8 build/spi.o
                0x080056fc                HAL_SPI_MspInit
 .text.HAL_SPI_MspDeInit
                0x080057d4       0x5c build/spi.o
                0x080057d4                HAL_SPI_MspDeInit
 .text.ADC_DATA_READY_EXTI_Init
                0x08005830       0x50 build/spi.o
                0x08005830                ADC_DATA_READY_EXTI_Init
 .text.ADC_DATA_READY_EXTI_deInit
                0x08005880       0x18 build/spi.o
                0x08005880                ADC_DATA_READY_EXTI_deInit
 .text.ADC_SPI_WRITE_8
                0x08005898       0x30 build/ADC.o
                0x08005898                ADC_SPI_WRITE_8
 .text.ADC_SPI_WRITE_16
                0x080058c8       0x2c build/ADC.o
                0x080058c8                ADC_SPI_WRITE_16
 .text.ADC_SPI_READ_16
                0x080058f4       0x28 build/ADC.o
                0x080058f4                ADC_SPI_READ_16
 .text.ADC_SPI_READ_24
                0x0800591c       0x38 build/ADC.o
                0x0800591c                ADC_SPI_READ_24
 .text.ADC_SPI_READ_8
                0x08005954       0x2c build/ADC.o
                0x08005954                ADC_SPI_READ_8
 .text.ADC_CMD  0x08005980        0xe build/ADC.o
                0x08005980                ADC_CMD
 *fill*         0x0800598e        0x2 
 .text.ADC_ID   0x08005990       0x30 build/ADC.o
                0x08005990                ADC_ID
 .text.ADC_update
                0x080059c0       0x90 build/ADC.o
                0x080059c0                ADC_update
 .text.ADC_config
                0x08005a50       0x58 build/ADC.o
                0x08005a50                ADC_config
 .text.ADC_reset
                0x08005aa8       0x58 build/ADC.o
                0x08005aa8                ADC_reset
 .text.DAC_SPI_WRITE_24
                0x08005b00       0x24 build/DAC.o
                0x08005b00                DAC_SPI_WRITE_24
 .text.DAC_reset
                0x08005b24       0x40 build/DAC.o
                0x08005b24                DAC_reset
 .text.DAC_cmd  0x08005b64       0x50 build/DAC.o
                0x08005b64                DAC_cmd
 .text.DAC_test
                0x08005bb4       0xa4 build/DAC.o
                0x08005bb4                DAC_test
 .text.SPI_WaitFlagStateUntilTimeout
                0x08005c58       0x9c build/stm32g0xx_hal_spi.o
 .text.SPI_WaitFifoStateUntilTimeout
                0x08005cf4       0xa8 build/stm32g0xx_hal_spi.o
 .text.SPI_EndRxTxTransaction
                0x08005d9c       0x68 build/stm32g0xx_hal_spi.o
 .text.SPI_EndRxTransaction
                0x08005e04       0x90 build/stm32g0xx_hal_spi.o
 .text.HAL_SPI_Init
                0x08005e94       0xcc build/stm32g0xx_hal_spi.o
                0x08005e94                HAL_SPI_Init
 .text.HAL_SPI_Transmit
                0x08005f60      0x1e0 build/stm32g0xx_hal_spi.o
                0x08005f60                HAL_SPI_Transmit
 .text.HAL_SPI_TransmitReceive
                0x08006140      0x2d0 build/stm32g0xx_hal_spi.o
                0x08006140                HAL_SPI_TransmitReceive
 .text.HAL_SPI_Receive
                0x08006410      0x19c build/stm32g0xx_hal_spi.o
                0x08006410                HAL_SPI_Receive
 .text.HAL_SPI_ErrorCallback
                0x080065ac        0x2 build/stm32g0xx_hal_spi.o
                0x080065ac                HAL_SPI_ErrorCallback
 *fill*         0x080065ae        0x2 
 .text.HAL_SPI_IRQHandler
                0x080065b0      0x11c build/stm32g0xx_hal_spi.o
                0x080065b0                HAL_SPI_IRQHandler
 .text.SPI_DMAAbortOnError
                0x080066cc       0x12 build/stm32g0xx_hal_spi.o
 *fill*         0x080066de        0x2 
 .text.MX_DMA_Init
                0x080066e0       0x30 build/dma.o
                0x080066e0                MX_DMA_Init
 .text.Reset_Handler
                0x08006710       0x50 build/startup_stm32g071xx.o
                0x08006710                Reset_Handler
 .text.Default_Handler
                0x08006760        0x2 build/startup_stm32g071xx.o
                0x08006760                USART3_4_LPUART1_IRQHandler
                0x08006760                TIM1_CC_IRQHandler
                0x08006760                ADC1_COMP_IRQHandler
                0x08006760                PVD_IRQHandler
                0x08006760                I2C1_IRQHandler
                0x08006760                TIM7_LPTIM2_IRQHandler
                0x08006760                RTC_TAMP_IRQHandler
                0x08006760                SPI1_IRQHandler
                0x08006760                EXTI2_3_IRQHandler
                0x08006760                I2C2_IRQHandler
                0x08006760                TIM17_IRQHandler
                0x08006760                TIM16_IRQHandler
                0x08006760                TIM3_IRQHandler
                0x08006760                Default_Handler
                0x08006760                CEC_IRQHandler
                0x08006760                TIM14_IRQHandler
                0x08006760                TIM15_IRQHandler
                0x08006760                EXTI0_1_IRQHandler
                0x08006760                WWDG_IRQHandler
                0x08006760                TIM2_IRQHandler
                0x08006760                DMA1_Ch4_7_DMAMUX1_OVR_IRQHandler
                0x08006760                DMA1_Channel2_3_IRQHandler
                0x08006760                UCPD1_2_IRQHandler
                0x08006760                USART1_IRQHandler
                0x08006760                TIM1_BRK_UP_TRG_COM_IRQHandler
 *fill*         0x08006762        0x2 
 .text.__libc_init_array
                0x08006764       0x48 c:/gnu tools arm embedded/bin/../lib/gcc/arm-none-eabi/9.2.1/../../../../arm-none-eabi/lib/thumb/v6-m/nofp\libc_nano.a(lib_a-init.o)
                0x08006764                __libc_init_array
 .text.memcpy   0x080067ac       0x12 c:/gnu tools arm embedded/bin/../lib/gcc/arm-none-eabi/9.2.1/../../../../arm-none-eabi/lib/thumb/v6-m/nofp\libc_nano.a(lib_a-memcpy-stub.o)
                0x080067ac                memcpy
 .text.memset   0x080067be       0x10 c:/gnu tools arm embedded/bin/../lib/gcc/arm-none-eabi/9.2.1/../../../../arm-none-eabi/lib/thumb/v6-m/nofp\libc_nano.a(lib_a-memset.o)
                0x080067be                memset
 *fill*         0x080067ce        0x2 
 .text.sprintf  0x080067d0       0x40 c:/gnu tools arm embedded/bin/../lib/gcc/arm-none-eabi/9.2.1/../../../../arm-none-eabi/lib/thumb/v6-m/nofp\libc_nano.a(lib_a-sprintf.o)
                0x080067d0                siprintf
                0x080067d0                sprintf
 .text.__ssputs_r
                0x08006810       0xc4 c:/gnu tools arm embedded/bin/../lib/gcc/arm-none-eabi/9.2.1/../../../../arm-none-eabi/lib/thumb/v6-m/nofp\libc_nano.a(lib_a-nano-svfprintf.o)
                0x08006810                __ssputs_r
 .text._svfprintf_r
                0x080068d4      0x200 c:/gnu tools arm embedded/bin/../lib/gcc/arm-none-eabi/9.2.1/../../../../arm-none-eabi/lib/thumb/v6-m/nofp\libc_nano.a(lib_a-nano-svfprintf.o)
                0x080068d4                _svfiprintf_r
                0x080068d4                _svfprintf_r
 .text._printf_common
                0x08006ad4       0xde c:/gnu tools arm embedded/bin/../lib/gcc/arm-none-eabi/9.2.1/../../../../arm-none-eabi/lib/thumb/v6-m/nofp\libc_nano.a(lib_a-nano-vfprintf_i.o)
                0x08006ad4                _printf_common
 *fill*         0x08006bb2        0x2 
 .text._printf_i
                0x08006bb4      0x224 c:/gnu tools arm embedded/bin/../lib/gcc/arm-none-eabi/9.2.1/../../../../arm-none-eabi/lib/thumb/v6-m/nofp\libc_nano.a(lib_a-nano-vfprintf_i.o)
                0x08006bb4                _printf_i
 .text.memchr   0x08006dd8       0x16 c:/gnu tools arm embedded/bin/../lib/gcc/arm-none-eabi/9.2.1/../../../../arm-none-eabi/lib/thumb/v6-m/nofp\libc_nano.a(lib_a-memchr-stub.o)
                0x08006dd8                memchr
 .text.memmove  0x08006dee       0x26 c:/gnu tools arm embedded/bin/../lib/gcc/arm-none-eabi/9.2.1/../../../../arm-none-eabi/lib/thumb/v6-m/nofp\libc_nano.a(lib_a-memmove.o)
                0x08006dee                memmove
 .text._free_r  0x08006e14       0x94 c:/gnu tools arm embedded/bin/../lib/gcc/arm-none-eabi/9.2.1/../../../../arm-none-eabi/lib/thumb/v6-m/nofp\libc_nano.a(lib_a-nano-freer.o)
                0x08006e14                _free_r
 .text._malloc_r
                0x08006ea8       0xbc c:/gnu tools arm embedded/bin/../lib/gcc/arm-none-eabi/9.2.1/../../../../arm-none-eabi/lib/thumb/v6-m/nofp\libc_nano.a(lib_a-nano-mallocr.o)
                0x08006ea8                _malloc_r
 .text._realloc_r
                0x08006f64       0x4c c:/gnu tools arm embedded/bin/../lib/gcc/arm-none-eabi/9.2.1/../../../../arm-none-eabi/lib/thumb/v6-m/nofp\libc_nano.a(lib_a-nano-reallocr.o)
                0x08006f64                _realloc_r
 .text._sbrk_r  0x08006fb0       0x24 c:/gnu tools arm embedded/bin/../lib/gcc/arm-none-eabi/9.2.1/../../../../arm-none-eabi/lib/thumb/v6-m/nofp\libc_nano.a(lib_a-sbrkr.o)
                0x08006fb0                _sbrk_r
 .text.__malloc_lock
                0x08006fd4       0x10 c:/gnu tools arm embedded/bin/../lib/gcc/arm-none-eabi/9.2.1/../../../../arm-none-eabi/lib/thumb/v6-m/nofp\libc_nano.a(lib_a-mlock.o)
                0x08006fd4                __malloc_lock
 .text.__malloc_unlock
                0x08006fe4       0x10 c:/gnu tools arm embedded/bin/../lib/gcc/arm-none-eabi/9.2.1/../../../../arm-none-eabi/lib/thumb/v6-m/nofp\libc_nano.a(lib_a-mlock.o)
                0x08006fe4                __malloc_unlock
 .text._malloc_usable_size_r
                0x08006ff4       0x10 c:/gnu tools arm embedded/bin/../lib/gcc/arm-none-eabi/9.2.1/../../../../arm-none-eabi/lib/thumb/v6-m/nofp\libc_nano.a(lib_a-nano-msizer.o)
                0x08006ff4                _malloc_usable_size_r
 .text.__retarget_lock_acquire_recursive
                0x08007004        0x2 c:/gnu tools arm embedded/bin/../lib/gcc/arm-none-eabi/9.2.1/../../../../arm-none-eabi/lib/thumb/v6-m/nofp\libc_nano.a(lib_a-lock.o)
                0x08007004                __retarget_lock_acquire_recursive
 .text.__retarget_lock_release_recursive
                0x08007006        0x2 c:/gnu tools arm embedded/bin/../lib/gcc/arm-none-eabi/9.2.1/../../../../arm-none-eabi/lib/thumb/v6-m/nofp\libc_nano.a(lib_a-lock.o)
                0x08007006                __retarget_lock_release_recursive
 .text._sbrk    0x08007008       0x1c c:/gnu tools arm embedded/bin/../lib/gcc/arm-none-eabi/9.2.1/../../../../arm-none-eabi/lib/thumb/v6-m/nofp\libnosys.a(sbrk.o)
                0x08007008                _sbrk
 *(.glue_7)
 .glue_7        0x08007024        0x0 linker stubs
 *(.glue_7t)
 .glue_7t       0x08007024        0x0 linker stubs
 *(.eh_frame)
 .eh_frame      0x08007024        0x0 c:/gnu tools arm embedded/bin/../lib/gcc/arm-none-eabi/9.2.1/thumb/v6-m/nofp/crtbegin.o
 *(.init)
 .init          0x08007024        0x4 c:/gnu tools arm embedded/bin/../lib/gcc/arm-none-eabi/9.2.1/thumb/v6-m/nofp/crti.o
                0x08007024                _init
 .init          0x08007028        0x8 c:/gnu tools arm embedded/bin/../lib/gcc/arm-none-eabi/9.2.1/thumb/v6-m/nofp/crtn.o
 *(.fini)
 .fini          0x08007030        0x4 c:/gnu tools arm embedded/bin/../lib/gcc/arm-none-eabi/9.2.1/thumb/v6-m/nofp/crti.o
                0x08007030                _fini
 .fini          0x08007034        0x8 c:/gnu tools arm embedded/bin/../lib/gcc/arm-none-eabi/9.2.1/thumb/v6-m/nofp/crtn.o
                0x0800703c                . = ALIGN (0x4)
                0x0800703c                _etext = .

.vfp11_veneer   0x0800703c        0x0
 .vfp11_veneer  0x0800703c        0x0 linker stubs

.v4_bx          0x0800703c        0x0
 .v4_bx         0x0800703c        0x0 linker stubs

.iplt           0x0800703c        0x0
 .iplt          0x0800703c        0x0 c:/gnu tools arm embedded/bin/../lib/gcc/arm-none-eabi/9.2.1/thumb/v6-m/nofp/crtbegin.o

.rodata         0x08007040      0x628
                0x08007040                . = ALIGN (0x4)
 *(.rodata)
 .rodata        0x08007040       0x80 build/PID.o
 .rodata        0x080070c0       0x10 build/stm32g0xx_hal_uart_ex.o
 .rodata        0x080070d0        0x3 build/ADC.o
 *(.rodata*)
 *fill*         0x080070d3        0x1 
 .rodata.main.str1.4
                0x080070d4      0x10d build/main.o
 *fill*         0x080071e1        0x3 
 .rodata.AHBPrescTable
                0x080071e4       0x40 build/system_stm32g0xx.o
                0x080071e4                AHBPrescTable
 .rodata.APBPrescTable
                0x08007224       0x20 build/system_stm32g0xx.o
                0x08007224                APBPrescTable
 .rodata.CHECK_IF_END.str1.4
                0x08007244        0xe build/usart.o
 *fill*         0x08007252        0x2 
 .rodata.cmd.str1.4
                0x08007254      0x26b build/cmd.o
                                0x2bb (size before relaxing)
 *fill*         0x080074bf        0x1 
 .rodata.cmd    0x080074c0       0x28 build/cmd.o
 .rodata.Calib.str1.4
                0x080074e8       0xf6 build/PID.o
                                0x126 (size before relaxing)
 *fill*         0x080075de        0x2 
 .rodata.UART_PARSE.str1.4
                0x080075e0       0x53 build/usart_utils.o
 .rodata.ADC_SPI_WRITE_8.str1.4
                0x08007633       0x53 build/ADC.o
                                  0x1 (size before relaxing)
 .rodata.DAC_test.str1.4
                0x08007633       0x53 build/DAC.o
                                  0x8 (size before relaxing)
 .rodata._svfprintf_r.str1.1
                0x08007633       0x11 c:/gnu tools arm embedded/bin/../lib/gcc/arm-none-eabi/9.2.1/../../../../arm-none-eabi/lib/thumb/v6-m/nofp\libc_nano.a(lib_a-nano-svfprintf.o)
 .rodata._printf_i.str1.1
                0x08007644       0x22 c:/gnu tools arm embedded/bin/../lib/gcc/arm-none-eabi/9.2.1/../../../../arm-none-eabi/lib/thumb/v6-m/nofp\libc_nano.a(lib_a-nano-vfprintf_i.o)
                0x08007688                . = ALIGN (0x4)
 *fill*         0x08007666        0x2 

.ARM.extab
 *(.ARM.extab* .gnu.linkonce.armextab.*)

.ARM            0x08007668        0x8
                0x08007668                __exidx_start = .
 *(.ARM.exidx*)
 .ARM.exidx     0x08007668        0x8 c:/gnu tools arm embedded/bin/../lib/gcc/arm-none-eabi/9.2.1/thumb/v6-m/nofp\libgcc.a(_udivmoddi4.o)
 .ARM.exidx     0x08007670        0x0 c:/gnu tools arm embedded/bin/../lib/gcc/arm-none-eabi/9.2.1/thumb/v6-m/nofp\libgcc.a(_divdi3.o)
                                  0x8 (size before relaxing)
                0x08007670                __exidx_end = .

.rel.dyn        0x08007670        0x0
 .rel.iplt      0x08007670        0x0 c:/gnu tools arm embedded/bin/../lib/gcc/arm-none-eabi/9.2.1/thumb/v6-m/nofp/crtbegin.o

.preinit_array  0x08007670        0x0
                0x08007670                PROVIDE (__preinit_array_start = .)
 *(.preinit_array*)
                0x08007670                PROVIDE (__preinit_array_end = .)

.init_array     0x08007670        0x4
                0x08007670                PROVIDE (__init_array_start = .)
 *(SORT_BY_NAME(.init_array.*))
 *(.init_array*)
 .init_array    0x08007670        0x4 c:/gnu tools arm embedded/bin/../lib/gcc/arm-none-eabi/9.2.1/thumb/v6-m/nofp/crtbegin.o
                0x08007674                PROVIDE (__init_array_end = .)

.fini_array     0x08007674        0x4
                [!provide]                PROVIDE (__fini_array_start = .)
 *(SORT_BY_NAME(.fini_array.*))
 *(.fini_array*)
 .fini_array    0x08007674        0x4 c:/gnu tools arm embedded/bin/../lib/gcc/arm-none-eabi/9.2.1/thumb/v6-m/nofp/crtbegin.o
                [!provide]                PROVIDE (__fini_array_end = .)
                0x08007678                _sidata = LOADADDR (.data)

.data           0x20000000       0x70 load address 0x08007678
                0x20000000                . = ALIGN (0x4)
                0x20000000                _sdata = .
 *(.data)
 *(.data*)
 .data.uwTickFreq
                0x20000000        0x4 build/stm32g0xx_hal.o
                0x20000000                uwTickFreq
 .data.uwTickPrio
                0x20000004        0x4 build/stm32g0xx_hal.o
                0x20000004                uwTickPrio
 .data.SystemCoreClock
                0x20000008        0x4 build/system_stm32g0xx.o
                0x20000008                SystemCoreClock
 .data._impure_ptr
                0x2000000c        0x4 c:/gnu tools arm embedded/bin/../lib/gcc/arm-none-eabi/9.2.1/../../../../arm-none-eabi/lib/thumb/v6-m/nofp\libc_nano.a(lib_a-impure.o)
                0x2000000c                _impure_ptr
 .data.impure_data
                0x20000010       0x60 c:/gnu tools arm embedded/bin/../lib/gcc/arm-none-eabi/9.2.1/../../../../arm-none-eabi/lib/thumb/v6-m/nofp\libc_nano.a(lib_a-impure.o)
                0x20000070                . = ALIGN (0x4)
                0x20000070                _edata = .

.igot.plt       0x20000070        0x0 load address 0x080076e8
 .igot.plt      0x20000070        0x0 c:/gnu tools arm embedded/bin/../lib/gcc/arm-none-eabi/9.2.1/thumb/v6-m/nofp/crtbegin.o
                0x20000070                . = ALIGN (0x4)

.bss            0x20000070      0x7a8 load address 0x080076e8
                0x20000070                _sbss = .
                0x20000070                __bss_start__ = _sbss
 *(.bss)
 .bss           0x20000070       0x1c c:/gnu tools arm embedded/bin/../lib/gcc/arm-none-eabi/9.2.1/thumb/v6-m/nofp/crtbegin.o
 *(.bss*)
 *fill*         0x2000008c        0x4 
 .bss.State     0x20000090      0x568 build/main.o
                0x20000090                State
 .bss.pFlash    0x200005f8       0x18 build/stm32g0xx_hal_flash.o
                0x200005f8                pFlash
 .bss.__malloc_free_list
                0x20000610        0x4 c:/gnu tools arm embedded/bin/../lib/gcc/arm-none-eabi/9.2.1/../../../../arm-none-eabi/lib/thumb/v6-m/nofp\libc_nano.a(lib_a-nano-mallocr.o)
                0x20000610                __malloc_free_list
 .bss.__malloc_sbrk_start
                0x20000614        0x4 c:/gnu tools arm embedded/bin/../lib/gcc/arm-none-eabi/9.2.1/../../../../arm-none-eabi/lib/thumb/v6-m/nofp\libc_nano.a(lib_a-nano-mallocr.o)
                0x20000614                __malloc_sbrk_start
 .bss.heap_end.4144
                0x20000618        0x4 c:/gnu tools arm embedded/bin/../lib/gcc/arm-none-eabi/9.2.1/../../../../arm-none-eabi/lib/thumb/v6-m/nofp\libnosys.a(sbrk.o)
 *(COMMON)
 COMMON         0x2000061c        0x4 build/stm32g0xx_hal.o
                0x2000061c                uwTick
 COMMON         0x20000620       0x38 build/lptim.o
                0x20000620                hlptim1
 COMMON         0x20000658       0xe8 build/usart.o
                0x20000658                hdma_usart2_rx
                0x200006b4                huart2
 COMMON         0x20000740       0xc8 build/spi.o
                0x20000740                hspi2
                0x200007a4                hspi1
 COMMON         0x20000808        0x4 c:/gnu tools arm embedded/bin/../lib/gcc/arm-none-eabi/9.2.1/../../../../arm-none-eabi/lib/thumb/v6-m/nofp\libc_nano.a(lib_a-reent.o)
                0x20000808                errno
 COMMON         0x2000080c        0x9 c:/gnu tools arm embedded/bin/../lib/gcc/arm-none-eabi/9.2.1/../../../../arm-none-eabi/lib/thumb/v6-m/nofp\libc_nano.a(lib_a-lock.o)
                0x2000080c                __lock___atexit_recursive_mutex
                0x2000080d                __lock___arc4random_mutex
                0x2000080e                __lock___env_recursive_mutex
                0x2000080f                __lock___sinit_recursive_mutex
                0x20000810                __lock___malloc_recursive_mutex
                0x20000811                __lock___at_quick_exit_mutex
                0x20000812                __lock___dd_hash_mutex
                0x20000813                __lock___tz_mutex
                0x20000814                __lock___sfp_recursive_mutex
                0x20000818                . = ALIGN (0x4)
 *fill*         0x20000815        0x3 
                0x20000818                _ebss = .
                0x20000818                __bss_end__ = _ebss

._user_heap_stack
                0x20000818      0x600 load address 0x080076e8
                0x20000818                . = ALIGN (0x8)
                0x20000818                PROVIDE (end = .)
                [!provide]                PROVIDE (_end = .)
                0x20000a18                . = (. + _Min_Heap_Size)
 *fill*         0x20000818      0x200 
                0x20000e18                . = (. + _Min_Stack_Size)
 *fill*         0x20000a18      0x400 
                0x20000e18                . = ALIGN (0x8)

/DISCARD/
 libc.a(*)
 libm.a(*)
 libgcc.a(*)

.ARM.attributes
                0x00000000       0x28
 *(.ARM.attributes)
 .ARM.attributes
                0x00000000       0x1e c:/gnu tools arm embedded/bin/../lib/gcc/arm-none-eabi/9.2.1/thumb/v6-m/nofp/crti.o
 .ARM.attributes
                0x0000001e       0x2c c:/gnu tools arm embedded/bin/../lib/gcc/arm-none-eabi/9.2.1/thumb/v6-m/nofp/crtbegin.o
 .ARM.attributes
                0x0000004a       0x2c build/main.o
 .ARM.attributes
                0x00000076       0x32 build/gpio.o
 .ARM.attributes
                0x000000a8       0x2c build/stm32g0xx_it.o
 .ARM.attributes
                0x000000d4       0x32 build/stm32g0xx_hal_msp.o
 .ARM.attributes
                0x00000106       0x32 build/stm32g0xx_hal_gpio.o
 .ARM.attributes
                0x00000138       0x32 build/stm32g0xx_hal_rcc.o
 .ARM.attributes
                0x0000016a       0x32 build/stm32g0xx_hal_rcc_ex.o
 .ARM.attributes
                0x0000019c       0x32 build/stm32g0xx_hal_flash.o
 .ARM.attributes
                0x000001ce       0x32 build/stm32g0xx_hal_flash_ex.o
 .ARM.attributes
                0x00000200       0x32 build/stm32g0xx_hal_dma.o
 .ARM.attributes
                0x00000232       0x32 build/stm32g0xx_hal_pwr_ex.o
 .ARM.attributes
                0x00000264       0x32 build/stm32g0xx_hal_cortex.o
 .ARM.attributes
                0x00000296       0x32 build/stm32g0xx_hal.o
 .ARM.attributes
                0x000002c8       0x32 build/system_stm32g0xx.o
 .ARM.attributes
                0x000002fa       0x2c build/lptim.o
 .ARM.attributes
                0x00000326       0x2c build/usart.o
 .ARM.attributes
                0x00000352       0x2c build/cmd.o
 .ARM.attributes
                0x0000037e       0x2c build/Filter.o
 .ARM.attributes
                0x000003aa       0x2c build/PID.o
 .ARM.attributes
                0x000003d6       0x2c build/usart_utils.o
 .ARM.attributes
                0x00000402       0x32 build/stm32g0xx_hal_lptim.o
 .ARM.attributes
                0x00000434       0x32 build/stm32g0xx_hal_uart.o
 .ARM.attributes
                0x00000466       0x32 build/stm32g0xx_hal_uart_ex.o
 .ARM.attributes
                0x00000498       0x2c build/spi.o
 .ARM.attributes
                0x000004c4       0x2c build/ADC.o
 .ARM.attributes
                0x000004f0       0x2c build/DAC.o
 .ARM.attributes
                0x0000051c       0x32 build/stm32g0xx_hal_spi.o
 .ARM.attributes
                0x0000054e       0x2c build/dma.o
 .ARM.attributes
                0x0000057a       0x21 build/startup_stm32g071xx.o
 .ARM.attributes
                0x0000059b       0x2c c:/gnu tools arm embedded/bin/../lib/gcc/arm-none-eabi/9.2.1/../../../../arm-none-eabi/lib/thumb/v6-m/nofp\libc_nano.a(lib_a-impure.o)
 .ARM.attributes
                0x000005c7       0x2c c:/gnu tools arm embedded/bin/../lib/gcc/arm-none-eabi/9.2.1/../../../../arm-none-eabi/lib/thumb/v6-m/nofp\libc_nano.a(lib_a-init.o)
 .ARM.attributes
                0x000005f3       0x2c c:/gnu tools arm embedded/bin/../lib/gcc/arm-none-eabi/9.2.1/../../../../arm-none-eabi/lib/thumb/v6-m/nofp\libc_nano.a(lib_a-memcpy-stub.o)
 .ARM.attributes
                0x0000061f       0x2c c:/gnu tools arm embedded/bin/../lib/gcc/arm-none-eabi/9.2.1/../../../../arm-none-eabi/lib/thumb/v6-m/nofp\libc_nano.a(lib_a-memset.o)
 .ARM.attributes
                0x0000064b       0x2c c:/gnu tools arm embedded/bin/../lib/gcc/arm-none-eabi/9.2.1/../../../../arm-none-eabi/lib/thumb/v6-m/nofp\libc_nano.a(lib_a-sprintf.o)
 .ARM.attributes
                0x00000677       0x1c c:/gnu tools arm embedded/bin/../lib/gcc/arm-none-eabi/9.2.1/../../../../arm-none-eabi/lib/thumb/v6-m/nofp\libc_nano.a(lib_a-strcmp.o)
 .ARM.attributes
                0x00000693       0x2c c:/gnu tools arm embedded/bin/../lib/gcc/arm-none-eabi/9.2.1/../../../../arm-none-eabi/lib/thumb/v6-m/nofp\libc_nano.a(lib_a-nano-svfprintf.o)
 .ARM.attributes
                0x000006bf       0x2c c:/gnu tools arm embedded/bin/../lib/gcc/arm-none-eabi/9.2.1/../../../../arm-none-eabi/lib/thumb/v6-m/nofp\libc_nano.a(lib_a-nano-vfprintf_i.o)
 .ARM.attributes
                0x000006eb       0x2c c:/gnu tools arm embedded/bin/../lib/gcc/arm-none-eabi/9.2.1/../../../../arm-none-eabi/lib/thumb/v6-m/nofp\libc_nano.a(lib_a-memchr-stub.o)
 .ARM.attributes
                0x00000717       0x2c c:/gnu tools arm embedded/bin/../lib/gcc/arm-none-eabi/9.2.1/../../../../arm-none-eabi/lib/thumb/v6-m/nofp\libc_nano.a(lib_a-memmove.o)
 .ARM.attributes
                0x00000743       0x2c c:/gnu tools arm embedded/bin/../lib/gcc/arm-none-eabi/9.2.1/../../../../arm-none-eabi/lib/thumb/v6-m/nofp\libc_nano.a(lib_a-nano-freer.o)
 .ARM.attributes
                0x0000076f       0x2c c:/gnu tools arm embedded/bin/../lib/gcc/arm-none-eabi/9.2.1/../../../../arm-none-eabi/lib/thumb/v6-m/nofp\libc_nano.a(lib_a-nano-mallocr.o)
 .ARM.attributes
                0x0000079b       0x2c c:/gnu tools arm embedded/bin/../lib/gcc/arm-none-eabi/9.2.1/../../../../arm-none-eabi/lib/thumb/v6-m/nofp\libc_nano.a(lib_a-nano-reallocr.o)
 .ARM.attributes
                0x000007c7       0x2c c:/gnu tools arm embedded/bin/../lib/gcc/arm-none-eabi/9.2.1/../../../../arm-none-eabi/lib/thumb/v6-m/nofp\libc_nano.a(lib_a-sbrkr.o)
 .ARM.attributes
                0x000007f3       0x2c c:/gnu tools arm embedded/bin/../lib/gcc/arm-none-eabi/9.2.1/../../../../arm-none-eabi/lib/thumb/v6-m/nofp\libc_nano.a(lib_a-mlock.o)
 .ARM.attributes
                0x0000081f       0x2c c:/gnu tools arm embedded/bin/../lib/gcc/arm-none-eabi/9.2.1/../../../../arm-none-eabi/lib/thumb/v6-m/nofp\libc_nano.a(lib_a-nano-msizer.o)
 .ARM.attributes
                0x0000084b       0x2c c:/gnu tools arm embedded/bin/../lib/gcc/arm-none-eabi/9.2.1/../../../../arm-none-eabi/lib/thumb/v6-m/nofp\libc_nano.a(lib_a-reent.o)
 .ARM.attributes
                0x00000877       0x2c c:/gnu tools arm embedded/bin/../lib/gcc/arm-none-eabi/9.2.1/../../../../arm-none-eabi/lib/thumb/v6-m/nofp\libc_nano.a(lib_a-lock.o)
 .ARM.attributes
                0x000008a3       0x2c c:/gnu tools arm embedded/bin/../lib/gcc/arm-none-eabi/9.2.1/../../../../arm-none-eabi/lib/thumb/v6-m/nofp\libnosys.a(sbrk.o)
 .ARM.attributes
                0x000008cf       0x1e c:/gnu tools arm embedded/bin/../lib/gcc/arm-none-eabi/9.2.1/thumb/v6-m/nofp\libgcc.a(_thumb1_case_shi.o)
 .ARM.attributes
                0x000008ed       0x1e c:/gnu tools arm embedded/bin/../lib/gcc/arm-none-eabi/9.2.1/thumb/v6-m/nofp\libgcc.a(_udivsi3.o)
 .ARM.attributes
                0x0000090b       0x1e c:/gnu tools arm embedded/bin/../lib/gcc/arm-none-eabi/9.2.1/thumb/v6-m/nofp\libgcc.a(_divsi3.o)
 .ARM.attributes
                0x00000929       0x1e c:/gnu tools arm embedded/bin/../lib/gcc/arm-none-eabi/9.2.1/thumb/v6-m/nofp\libgcc.a(_dvmd_tls.o)
 .ARM.attributes
                0x00000947       0x1e c:/gnu tools arm embedded/bin/../lib/gcc/arm-none-eabi/9.2.1/thumb/v6-m/nofp\libgcc.a(_aeabi_ldivmod.o)
 .ARM.attributes
                0x00000965       0x1e c:/gnu tools arm embedded/bin/../lib/gcc/arm-none-eabi/9.2.1/thumb/v6-m/nofp\libgcc.a(_aeabi_uldivmod.o)
 .ARM.attributes
                0x00000983       0x2c c:/gnu tools arm embedded/bin/../lib/gcc/arm-none-eabi/9.2.1/thumb/v6-m/nofp\libgcc.a(_muldi3.o)
 .ARM.attributes
                0x000009af       0x2c c:/gnu tools arm embedded/bin/../lib/gcc/arm-none-eabi/9.2.1/thumb/v6-m/nofp\libgcc.a(_udivmoddi4.o)
 .ARM.attributes
                0x000009db       0x2c c:/gnu tools arm embedded/bin/../lib/gcc/arm-none-eabi/9.2.1/thumb/v6-m/nofp\libgcc.a(bpabi.o)
 .ARM.attributes
                0x00000a07       0x1e c:/gnu tools arm embedded/bin/../lib/gcc/arm-none-eabi/9.2.1/thumb/v6-m/nofp\libgcc.a(_clzdi2.o)
 .ARM.attributes
                0x00000a25       0x2c c:/gnu tools arm embedded/bin/../lib/gcc/arm-none-eabi/9.2.1/thumb/v6-m/nofp\libgcc.a(_divdi3.o)
 .ARM.attributes
                0x00000a51       0x1e c:/gnu tools arm embedded/bin/../lib/gcc/arm-none-eabi/9.2.1/thumb/v6-m/nofp\libgcc.a(_clzsi2.o)
 .ARM.attributes
                0x00000a6f       0x1e c:/gnu tools arm embedded/bin/../lib/gcc/arm-none-eabi/9.2.1/thumb/v6-m/nofp/crtn.o
OUTPUT(build/stm32-vs.elf elf32-littlearm)

.debug_info     0x00000000    0x279be
 .debug_info    0x00000000     0x3056 build/main.o
 .debug_info    0x00003056     0x1763 build/gpio.o
 .debug_info    0x000047b9     0x1e77 build/stm32g0xx_it.o
 .debug_info    0x00006630     0x1487 build/stm32g0xx_hal_msp.o
 .debug_info    0x00007ab7      0x725 build/stm32g0xx_hal_gpio.o
 .debug_info    0x000081dc      0xdb8 build/stm32g0xx_hal_rcc.o
 .debug_info    0x00008f94      0xa29 build/stm32g0xx_hal_rcc_ex.o
 .debug_info    0x000099bd      0x82e build/stm32g0xx_hal_flash.o
 .debug_info    0x0000a1eb      0xb03 build/stm32g0xx_hal_flash_ex.o
 .debug_info    0x0000acee      0xa78 build/stm32g0xx_hal_dma.o
 .debug_info    0x0000b766      0x70a build/stm32g0xx_hal_pwr_ex.o
 .debug_info    0x0000be70      0xad7 build/stm32g0xx_hal_cortex.o
 .debug_info    0x0000c947      0xbc9 build/stm32g0xx_hal.o
 .debug_info    0x0000d510      0x4a1 build/system_stm32g0xx.o
 .debug_info    0x0000d9b1     0x1913 build/lptim.o
 .debug_info    0x0000f2c4     0x1ec0 build/usart.o
 .debug_info    0x00011184     0x4098 build/cmd.o
 .debug_info    0x0001521c     0x18ca build/Filter.o
 .debug_info    0x00016ae6     0x276c build/PID.o
 .debug_info    0x00019252     0x1742 build/usart_utils.o
 .debug_info    0x0001a994      0xda2 build/stm32g0xx_hal_lptim.o
 .debug_info    0x0001b736     0x2097 build/stm32g0xx_hal_uart.o
 .debug_info    0x0001d7cd      0xdcc build/stm32g0xx_hal_uart_ex.o
 .debug_info    0x0001e599     0x1d05 build/spi.o
 .debug_info    0x0002029e     0x2047 build/ADC.o
 .debug_info    0x000222e5     0x1db7 build/DAC.o
 .debug_info    0x0002409c     0x20ea build/stm32g0xx_hal_spi.o
 .debug_info    0x00026186     0x1816 build/dma.o
 .debug_info    0x0002799c       0x22 build/startup_stm32g071xx.o

.debug_abbrev   0x00000000     0x457e
 .debug_abbrev  0x00000000      0x33c build/main.o
 .debug_abbrev  0x0000033c      0x23d build/gpio.o
 .debug_abbrev  0x00000579      0x28d build/stm32g0xx_it.o
 .debug_abbrev  0x00000806      0x216 build/stm32g0xx_hal_msp.o
 .debug_abbrev  0x00000a1c      0x214 build/stm32g0xx_hal_gpio.o
 .debug_abbrev  0x00000c30      0x277 build/stm32g0xx_hal_rcc.o
 .debug_abbrev  0x00000ea7      0x236 build/stm32g0xx_hal_rcc_ex.o
 .debug_abbrev  0x000010dd      0x310 build/stm32g0xx_hal_flash.o
 .debug_abbrev  0x000013ed      0x2a9 build/stm32g0xx_hal_flash_ex.o
 .debug_abbrev  0x00001696      0x26e build/stm32g0xx_hal_dma.o
 .debug_abbrev  0x00001904      0x204 build/stm32g0xx_hal_pwr_ex.o
 .debug_abbrev  0x00001b08      0x282 build/stm32g0xx_hal_cortex.o
 .debug_abbrev  0x00001d8a      0x279 build/stm32g0xx_hal.o
 .debug_abbrev  0x00002003      0x146 build/system_stm32g0xx.o
 .debug_abbrev  0x00002149      0x284 build/lptim.o
 .debug_abbrev  0x000023cd      0x2eb build/usart.o
 .debug_abbrev  0x000026b8      0x2aa build/cmd.o
 .debug_abbrev  0x00002962      0x245 build/Filter.o
 .debug_abbrev  0x00002ba7      0x331 build/PID.o
 .debug_abbrev  0x00002ed8      0x2a3 build/usart_utils.o
 .debug_abbrev  0x0000317b      0x1fb build/stm32g0xx_hal_lptim.o
 .debug_abbrev  0x00003376      0x291 build/stm32g0xx_hal_uart.o
 .debug_abbrev  0x00003607      0x24d build/stm32g0xx_hal_uart_ex.o
 .debug_abbrev  0x00003854      0x296 build/spi.o
 .debug_abbrev  0x00003aea      0x2cc build/ADC.o
 .debug_abbrev  0x00003db6      0x2d2 build/DAC.o
 .debug_abbrev  0x00004088      0x2a2 build/stm32g0xx_hal_spi.o
 .debug_abbrev  0x0000432a      0x242 build/dma.o
 .debug_abbrev  0x0000456c       0x12 build/startup_stm32g071xx.o

.debug_loc      0x00000000     0xa402
 .debug_loc     0x00000000      0x1f2 build/main.o
 .debug_loc     0x000001f2       0x39 build/gpio.o
 .debug_loc     0x0000022b      0x142 build/stm32g0xx_it.o
 .debug_loc     0x0000036d       0x2c build/stm32g0xx_hal_msp.o
 .debug_loc     0x00000399      0x3aa build/stm32g0xx_hal_gpio.o
 .debug_loc     0x00000743      0x5fd build/stm32g0xx_hal_rcc.o
 .debug_loc     0x00000d40      0x9eb build/stm32g0xx_hal_rcc_ex.o
 .debug_loc     0x0000172b      0x51e build/stm32g0xx_hal_flash.o
 .debug_loc     0x00001c49      0x721 build/stm32g0xx_hal_flash_ex.o
 .debug_loc     0x0000236a      0x971 build/stm32g0xx_hal_dma.o
 .debug_loc     0x00002cdb      0x2eb build/stm32g0xx_hal_pwr_ex.o
 .debug_loc     0x00002fc6      0x418 build/stm32g0xx_hal_cortex.o
 .debug_loc     0x000033de      0x2e5 build/stm32g0xx_hal.o
 .debug_loc     0x000036c3       0xb3 build/system_stm32g0xx.o
 .debug_loc     0x00003776       0xf0 build/lptim.o
 .debug_loc     0x00003866      0x21c build/usart.o
 .debug_loc     0x00003a82      0x427 build/cmd.o
 .debug_loc     0x00003ea9       0x87 build/Filter.o
 .debug_loc     0x00003f30      0x703 build/PID.o
 .debug_loc     0x00004633       0x9f build/usart_utils.o
 .debug_loc     0x000046d2      0xb4d build/stm32g0xx_hal_lptim.o
 .debug_loc     0x0000521f     0x22f9 build/stm32g0xx_hal_uart.o
 .debug_loc     0x00007518      0x671 build/stm32g0xx_hal_uart_ex.o
 .debug_loc     0x00007b89      0x186 build/spi.o
 .debug_loc     0x00007d0f      0x345 build/ADC.o
 .debug_loc     0x00008054      0x17b build/DAC.o
 .debug_loc     0x000081cf     0x2207 build/stm32g0xx_hal_spi.o
 .debug_loc     0x0000a3d6       0x2c build/dma.o

.debug_aranges  0x00000000      0xee8
 .debug_aranges
                0x00000000       0x30 build/main.o
 .debug_aranges
                0x00000030       0x20 build/gpio.o
 .debug_aranges
                0x00000050       0x80 build/stm32g0xx_it.o
 .debug_aranges
                0x000000d0       0x20 build/stm32g0xx_hal_msp.o
 .debug_aranges
                0x000000f0       0x60 build/stm32g0xx_hal_gpio.o
 .debug_aranges
                0x00000150       0x90 build/stm32g0xx_hal_rcc.o
 .debug_aranges
                0x000001e0       0x40 build/stm32g0xx_hal_rcc_ex.o
 .debug_aranges
                0x00000220       0x88 build/stm32g0xx_hal_flash.o
 .debug_aranges
                0x000002a8       0xd0 build/stm32g0xx_hal_flash_ex.o
 .debug_aranges
                0x00000378       0x90 build/stm32g0xx_hal_dma.o
 .debug_aranges
                0x00000408       0xc0 build/stm32g0xx_hal_pwr_ex.o
 .debug_aranges
                0x000004c8       0x90 build/stm32g0xx_hal_cortex.o
 .debug_aranges
                0x00000558      0x120 build/stm32g0xx_hal.o
 .debug_aranges
                0x00000678       0x28 build/system_stm32g0xx.o
 .debug_aranges
                0x000006a0       0x30 build/lptim.o
 .debug_aranges
                0x000006d0       0x40 build/usart.o
 .debug_aranges
                0x00000710       0x20 build/cmd.o
 .debug_aranges
                0x00000730       0x20 build/Filter.o
 .debug_aranges
                0x00000750       0x68 build/PID.o
 .debug_aranges
                0x000007b8       0x20 build/usart_utils.o
 .debug_aranges
                0x000007d8      0x158 build/stm32g0xx_hal_lptim.o
 .debug_aranges
                0x00000930      0x218 build/stm32g0xx_hal_uart.o
 .debug_aranges
                0x00000b48       0x88 build/stm32g0xx_hal_uart_ex.o
 .debug_aranges
                0x00000bd0       0x48 build/spi.o
 .debug_aranges
                0x00000c18       0x70 build/ADC.o
 .debug_aranges
                0x00000c88       0x40 build/DAC.o
 .debug_aranges
                0x00000cc8      0x1d8 build/stm32g0xx_hal_spi.o
 .debug_aranges
                0x00000ea0       0x20 build/dma.o
 .debug_aranges
                0x00000ec0       0x28 build/startup_stm32g071xx.o

.debug_ranges   0x00000000      0xe40
 .debug_ranges  0x00000000       0x20 build/main.o
 .debug_ranges  0x00000020       0x10 build/gpio.o
 .debug_ranges  0x00000030       0x70 build/stm32g0xx_it.o
 .debug_ranges  0x000000a0       0x10 build/stm32g0xx_hal_msp.o
 .debug_ranges  0x000000b0       0x50 build/stm32g0xx_hal_gpio.o
 .debug_ranges  0x00000100       0xa0 build/stm32g0xx_hal_rcc.o
 .debug_ranges  0x000001a0       0x48 build/stm32g0xx_hal_rcc_ex.o
 .debug_ranges  0x000001e8       0x78 build/stm32g0xx_hal_flash.o
 .debug_ranges  0x00000260       0xc0 build/stm32g0xx_hal_flash_ex.o
 .debug_ranges  0x00000320       0x80 build/stm32g0xx_hal_dma.o
 .debug_ranges  0x000003a0       0xb0 build/stm32g0xx_hal_pwr_ex.o
 .debug_ranges  0x00000450       0xe0 build/stm32g0xx_hal_cortex.o
 .debug_ranges  0x00000530      0x110 build/stm32g0xx_hal.o
 .debug_ranges  0x00000640       0x18 build/system_stm32g0xx.o
 .debug_ranges  0x00000658       0x20 build/lptim.o
 .debug_ranges  0x00000678       0x30 build/usart.o
 .debug_ranges  0x000006a8       0x10 build/cmd.o
 .debug_ranges  0x000006b8       0x10 build/Filter.o
 .debug_ranges  0x000006c8       0xc8 build/PID.o
 .debug_ranges  0x00000790       0x28 build/usart_utils.o
 .debug_ranges  0x000007b8      0x148 build/stm32g0xx_hal_lptim.o
 .debug_ranges  0x00000900      0x208 build/stm32g0xx_hal_uart.o
 .debug_ranges  0x00000b08       0x78 build/stm32g0xx_hal_uart_ex.o
 .debug_ranges  0x00000b80       0x38 build/spi.o
 .debug_ranges  0x00000bb8       0x60 build/ADC.o
 .debug_ranges  0x00000c18       0x30 build/DAC.o
 .debug_ranges  0x00000c48      0x1c8 build/stm32g0xx_hal_spi.o
 .debug_ranges  0x00000e10       0x10 build/dma.o
 .debug_ranges  0x00000e20       0x20 build/startup_stm32g071xx.o

.debug_line     0x00000000     0x8d1a
 .debug_line    0x00000000      0x5ef build/main.o
 .debug_line    0x000005ef      0x246 build/gpio.o
 .debug_line    0x00000835      0x3c6 build/stm32g0xx_it.o
 .debug_line    0x00000bfb      0x207 build/stm32g0xx_hal_msp.o
 .debug_line    0x00000e02      0x2e2 build/stm32g0xx_hal_gpio.o
 .debug_line    0x000010e4      0x4d4 build/stm32g0xx_hal_rcc.o
 .debug_line    0x000015b8      0x487 build/stm32g0xx_hal_rcc_ex.o
 .debug_line    0x00001a3f      0x39c build/stm32g0xx_hal_flash.o
 .debug_line    0x00001ddb      0x3ee build/stm32g0xx_hal_flash_ex.o
 .debug_line    0x000021c9      0x414 build/stm32g0xx_hal_dma.o
 .debug_line    0x000025dd      0x3b9 build/stm32g0xx_hal_pwr_ex.o
 .debug_line    0x00002996      0x3b0 build/stm32g0xx_hal_cortex.o
 .debug_line    0x00002d46      0x41f build/stm32g0xx_hal.o
 .debug_line    0x00003165      0x1b1 build/system_stm32g0xx.o
 .debug_line    0x00003316      0x334 build/lptim.o
 .debug_line    0x0000364a      0x591 build/usart.o
 .debug_line    0x00003bdb      0x827 build/cmd.o
 .debug_line    0x00004402      0x3b4 build/Filter.o
 .debug_line    0x000047b6      0x7e4 build/PID.o
 .debug_line    0x00004f9a      0x308 build/usart_utils.o
 .debug_line    0x000052a2      0x581 build/stm32g0xx_hal_lptim.o
 .debug_line    0x00005823     0x12ea build/stm32g0xx_hal_uart.o
 .debug_line    0x00006b0d      0x426 build/stm32g0xx_hal_uart_ex.o
 .debug_line    0x00006f33      0x52a build/spi.o
 .debug_line    0x0000745d      0x54d build/ADC.o
 .debug_line    0x000079aa      0x3cb build/DAC.o
 .debug_line    0x00007d75      0xcd5 build/stm32g0xx_hal_spi.o
 .debug_line    0x00008a4a      0x259 build/dma.o
 .debug_line    0x00008ca3       0x77 build/startup_stm32g071xx.o

.debug_str      0x00000000     0x462b
 .debug_str     0x00000000     0x157c build/main.o
                               0x16d5 (size before relaxing)
 .debug_str     0x0000157c      0x203 build/gpio.o
                                0xe8a (size before relaxing)
 .debug_str     0x0000177f      0x1b8 build/stm32g0xx_it.o
                               0x126b (size before relaxing)
 .debug_str     0x00001937       0x24 build/stm32g0xx_hal_msp.o
                                0xdda (size before relaxing)
 .debug_str     0x0000195b      0x11a build/stm32g0xx_hal_gpio.o
                                0x4aa (size before relaxing)
 .debug_str     0x00001a75      0x2ab build/stm32g0xx_hal_rcc.o
                                0x7cf (size before relaxing)
 .debug_str     0x00001d20      0x113 build/stm32g0xx_hal_rcc_ex.o
                                0x6ce (size before relaxing)
 .debug_str     0x00001e33      0x1f1 build/stm32g0xx_hal_flash.o
                                0x535 (size before relaxing)
 .debug_str     0x00002024      0x39a build/stm32g0xx_hal_flash_ex.o
                                0x6be (size before relaxing)
 .debug_str     0x000023be      0x2a9 build/stm32g0xx_hal_dma.o
                                0x7d6 (size before relaxing)
 .debug_str     0x00002667      0x318 build/stm32g0xx_hal_pwr_ex.o
                                0x61e (size before relaxing)
 .debug_str     0x0000297f      0x341 build/stm32g0xx_hal_cortex.o
                                0x81a (size before relaxing)
 .debug_str     0x00002cc0      0x337 build/stm32g0xx_hal.o
                                0x96d (size before relaxing)
 .debug_str     0x00002ff7       0x38 build/system_stm32g0xx.o
                                0x367 (size before relaxing)
 .debug_str     0x0000302f       0x3b build/lptim.o
                               0x1026 (size before relaxing)
 .debug_str     0x0000306a       0xcf build/usart.o
                               0x11df (size before relaxing)
 .debug_str     0x00003139       0xd1 build/cmd.o
                                0xfea (size before relaxing)
 .debug_str     0x0000320a        0xd build/Filter.o
                                0xe8b (size before relaxing)
 .debug_str     0x00003217       0x8e build/PID.o
                                0xfb1 (size before relaxing)
 .debug_str     0x000032a5       0x19 build/usart_utils.o
                                0xd1e (size before relaxing)
 .debug_str     0x000032be      0x3c7 build/stm32g0xx_hal_lptim.o
                                0x86a (size before relaxing)
 .debug_str     0x00003685      0x71c build/stm32g0xx_hal_uart.o
                               0x1050 (size before relaxing)
 .debug_str     0x00003da1      0x1d4 build/stm32g0xx_hal_uart_ex.o
                                0xa53 (size before relaxing)
 .debug_str     0x00003f75       0x21 build/spi.o
                               0x10da (size before relaxing)
 .debug_str     0x00003f96      0x15d build/ADC.o
                               0x111f (size before relaxing)
 .debug_str     0x000040f3       0x39 build/DAC.o
                                0xf50 (size before relaxing)
 .debug_str     0x0000412c      0x4d1 build/stm32g0xx_hal_spi.o
                                0xcf4 (size before relaxing)
 .debug_str     0x000045fd        0xa build/dma.o
                                0xfa9 (size before relaxing)
 .debug_str     0x00004607       0x24 build/startup_stm32g071xx.o
                                 0x37 (size before relaxing)

.comment        0x00000000       0xd0
 .comment       0x00000000       0x79 build/main.o
                                 0x7a (size before relaxing)
 .comment       0x00000079       0x57 build/gpio.o
                                 0x58 (size before relaxing)
 .comment       0x000000d0       0x7a build/stm32g0xx_it.o
 .comment       0x000000d0       0x58 build/stm32g0xx_hal_msp.o
 .comment       0x000000d0       0x58 build/stm32g0xx_hal_gpio.o
 .comment       0x000000d0       0x58 build/stm32g0xx_hal_rcc.o
 .comment       0x000000d0       0x58 build/stm32g0xx_hal_rcc_ex.o
 .comment       0x000000d0       0x58 build/stm32g0xx_hal_flash.o
 .comment       0x000000d0       0x58 build/stm32g0xx_hal_flash_ex.o
 .comment       0x000000d0       0x58 build/stm32g0xx_hal_dma.o
 .comment       0x000000d0       0x58 build/stm32g0xx_hal_pwr_ex.o
 .comment       0x000000d0       0x58 build/stm32g0xx_hal_cortex.o
 .comment       0x000000d0       0x58 build/stm32g0xx_hal.o
 .comment       0x000000d0       0x58 build/system_stm32g0xx.o
 .comment       0x000000d0       0x7a build/lptim.o
 .comment       0x000000d0       0x7a build/usart.o
 .comment       0x000000d0       0x7a build/cmd.o
 .comment       0x000000d0       0x7a build/Filter.o
 .comment       0x000000d0       0x7a build/PID.o
 .comment       0x000000d0       0x7a build/usart_utils.o
 .comment       0x000000d0       0x58 build/stm32g0xx_hal_lptim.o
 .comment       0x000000d0       0x58 build/stm32g0xx_hal_uart.o
 .comment       0x000000d0       0x58 build/stm32g0xx_hal_uart_ex.o
 .comment       0x000000d0       0x7a build/spi.o
 .comment       0x000000d0       0x7a build/ADC.o
 .comment       0x000000d0       0x7a build/DAC.o
 .comment       0x000000d0       0x58 build/stm32g0xx_hal_spi.o
 .comment       0x000000d0       0x7a build/dma.o

.debug_frame    0x00000000     0x2cf0
 .debug_frame   0x00000000       0x80 build/main.o
 .debug_frame   0x00000080       0x3c build/gpio.o
 .debug_frame   0x000000bc      0x140 build/stm32g0xx_it.o
 .debug_frame   0x000001fc       0x2c build/stm32g0xx_hal_msp.o
 .debug_frame   0x00000228       0xe4 build/stm32g0xx_hal_gpio.o
 .debug_frame   0x0000030c      0x178 build/stm32g0xx_hal_rcc.o
 .debug_frame   0x00000484       0xa0 build/stm32g0xx_hal_rcc_ex.o
 .debug_frame   0x00000524      0x154 build/stm32g0xx_hal_flash.o
 .debug_frame   0x00000678      0x210 build/stm32g0xx_hal_flash_ex.o
 .debug_frame   0x00000888      0x1b8 build/stm32g0xx_hal_dma.o
 .debug_frame   0x00000a40      0x178 build/stm32g0xx_hal_pwr_ex.o
 .debug_frame   0x00000bb8      0x11c build/stm32g0xx_hal_cortex.o
 .debug_frame   0x00000cd4      0x26c build/stm32g0xx_hal.o
 .debug_frame   0x00000f40       0x3c build/system_stm32g0xx.o
 .debug_frame   0x00000f7c       0x64 build/lptim.o
 .debug_frame   0x00000fe0       0xa8 build/usart.o
 .debug_frame   0x00001088       0x48 build/cmd.o
 .debug_frame   0x000010d0       0x2c build/Filter.o
 .debug_frame   0x000010fc      0x168 build/PID.o
 .debug_frame   0x00001264       0x30 build/usart_utils.o
 .debug_frame   0x00001294      0x408 build/stm32g0xx_hal_lptim.o
 .debug_frame   0x0000169c      0x674 build/stm32g0xx_hal_uart.o
 .debug_frame   0x00001d10      0x1a4 build/stm32g0xx_hal_uart_ex.o
 .debug_frame   0x00001eb4       0xc0 build/spi.o
 .debug_frame   0x00001f74      0x14c build/ADC.o
 .debug_frame   0x000020c0       0xa4 build/DAC.o
 .debug_frame   0x00002164      0x620 build/stm32g0xx_hal_spi.o
 .debug_frame   0x00002784       0x2c build/dma.o
 .debug_frame   0x000027b0       0x2c c:/gnu tools arm embedded/bin/../lib/gcc/arm-none-eabi/9.2.1/../../../../arm-none-eabi/lib/thumb/v6-m/nofp\libc_nano.a(lib_a-init.o)
 .debug_frame   0x000027dc       0x28 c:/gnu tools arm embedded/bin/../lib/gcc/arm-none-eabi/9.2.1/../../../../arm-none-eabi/lib/thumb/v6-m/nofp\libc_nano.a(lib_a-memcpy-stub.o)
 .debug_frame   0x00002804       0x20 c:/gnu tools arm embedded/bin/../lib/gcc/arm-none-eabi/9.2.1/../../../../arm-none-eabi/lib/thumb/v6-m/nofp\libc_nano.a(lib_a-memset.o)
 .debug_frame   0x00002824       0x48 c:/gnu tools arm embedded/bin/../lib/gcc/arm-none-eabi/9.2.1/../../../../arm-none-eabi/lib/thumb/v6-m/nofp\libc_nano.a(lib_a-sprintf.o)
 .debug_frame   0x0000286c       0x20 c:/gnu tools arm embedded/bin/../lib/gcc/arm-none-eabi/9.2.1/../../../../arm-none-eabi/lib/thumb/v6-m/nofp\libc_nano.a(lib_a-strcmp.o)
 .debug_frame   0x0000288c       0x74 c:/gnu tools arm embedded/bin/../lib/gcc/arm-none-eabi/9.2.1/../../../../arm-none-eabi/lib/thumb/v6-m/nofp\libc_nano.a(lib_a-nano-svfprintf.o)
 .debug_frame   0x00002900       0x54 c:/gnu tools arm embedded/bin/../lib/gcc/arm-none-eabi/9.2.1/../../../../arm-none-eabi/lib/thumb/v6-m/nofp\libc_nano.a(lib_a-nano-vfprintf_i.o)
 .debug_frame   0x00002954       0x20 c:/gnu tools arm embedded/bin/../lib/gcc/arm-none-eabi/9.2.1/../../../../arm-none-eabi/lib/thumb/v6-m/nofp\libc_nano.a(lib_a-memchr-stub.o)
 .debug_frame   0x00002974       0x28 c:/gnu tools arm embedded/bin/../lib/gcc/arm-none-eabi/9.2.1/../../../../arm-none-eabi/lib/thumb/v6-m/nofp\libc_nano.a(lib_a-memmove.o)
 .debug_frame   0x0000299c       0x2c c:/gnu tools arm embedded/bin/../lib/gcc/arm-none-eabi/9.2.1/../../../../arm-none-eabi/lib/thumb/v6-m/nofp\libc_nano.a(lib_a-nano-freer.o)
 .debug_frame   0x000029c8       0x30 c:/gnu tools arm embedded/bin/../lib/gcc/arm-none-eabi/9.2.1/../../../../arm-none-eabi/lib/thumb/v6-m/nofp\libc_nano.a(lib_a-nano-mallocr.o)
 .debug_frame   0x000029f8       0x30 c:/gnu tools arm embedded/bin/../lib/gcc/arm-none-eabi/9.2.1/../../../../arm-none-eabi/lib/thumb/v6-m/nofp\libc_nano.a(lib_a-nano-reallocr.o)
 .debug_frame   0x00002a28       0x2c c:/gnu tools arm embedded/bin/../lib/gcc/arm-none-eabi/9.2.1/../../../../arm-none-eabi/lib/thumb/v6-m/nofp\libc_nano.a(lib_a-sbrkr.o)
 .debug_frame   0x00002a54       0x40 c:/gnu tools arm embedded/bin/../lib/gcc/arm-none-eabi/9.2.1/../../../../arm-none-eabi/lib/thumb/v6-m/nofp\libc_nano.a(lib_a-mlock.o)
 .debug_frame   0x00002a94       0x20 c:/gnu tools arm embedded/bin/../lib/gcc/arm-none-eabi/9.2.1/../../../../arm-none-eabi/lib/thumb/v6-m/nofp\libc_nano.a(lib_a-nano-msizer.o)
 .debug_frame   0x00002ab4       0x48 c:/gnu tools arm embedded/bin/../lib/gcc/arm-none-eabi/9.2.1/../../../../arm-none-eabi/lib/thumb/v6-m/nofp\libc_nano.a(lib_a-reent.o)
 .debug_frame   0x00002afc       0xb0 c:/gnu tools arm embedded/bin/../lib/gcc/arm-none-eabi/9.2.1/../../../../arm-none-eabi/lib/thumb/v6-m/nofp\libc_nano.a(lib_a-lock.o)
 .debug_frame   0x00002bac       0x20 c:/gnu tools arm embedded/bin/../lib/gcc/arm-none-eabi/9.2.1/../../../../arm-none-eabi/lib/thumb/v6-m/nofp\libnosys.a(sbrk.o)
 .debug_frame   0x00002bcc       0x20 c:/gnu tools arm embedded/bin/../lib/gcc/arm-none-eabi/9.2.1/thumb/v6-m/nofp\libgcc.a(_udivsi3.o)
 .debug_frame   0x00002bec       0x20 c:/gnu tools arm embedded/bin/../lib/gcc/arm-none-eabi/9.2.1/thumb/v6-m/nofp\libgcc.a(_divsi3.o)
 .debug_frame   0x00002c0c       0x34 c:/gnu tools arm embedded/bin/../lib/gcc/arm-none-eabi/9.2.1/thumb/v6-m/nofp\libgcc.a(_muldi3.o)
 .debug_frame   0x00002c40       0x3c c:/gnu tools arm embedded/bin/../lib/gcc/arm-none-eabi/9.2.1/thumb/v6-m/nofp\libgcc.a(_udivmoddi4.o)
 .debug_frame   0x00002c7c       0x38 c:/gnu tools arm embedded/bin/../lib/gcc/arm-none-eabi/9.2.1/thumb/v6-m/nofp\libgcc.a(bpabi.o)
 .debug_frame   0x00002cb4       0x3c c:/gnu tools arm embedded/bin/../lib/gcc/arm-none-eabi/9.2.1/thumb/v6-m/nofp\libgcc.a(_divdi3.o)

Cross Reference Table

Symbol                                            File
ADC1_COMP_IRQHandler                              build/startup_stm32g071xx.o
ADC_CMD                                           build/ADC.o
                                                  build/cmd.o
ADC_DATA                                          build/ADC.o
ADC_DATA_READY_EXTI_Init                          build/spi.o
                                                  build/ADC.o
                                                  build/cmd.o
ADC_DATA_READY_EXTI_deInit                        build/spi.o
                                                  build/ADC.o
                                                  build/cmd.o
ADC_ID                                            build/ADC.o
                                                  build/cmd.o
ADC_SPI_READ_16                                   build/ADC.o
                                                  build/cmd.o
ADC_SPI_READ_24                                   build/ADC.o
                                                  build/cmd.o
ADC_SPI_READ_8                                    build/ADC.o
                                                  build/cmd.o
ADC_SPI_WRITE_16                                  build/ADC.o
ADC_SPI_WRITE_8                                   build/ADC.o
ADC_config                                        build/ADC.o
                                                  build/main.o
ADC_reset                                         build/ADC.o
                                                  build/main.o
ADC_update                                        build/ADC.o
                                                  build/stm32g0xx_it.o
                                                  build/main.o
AHBPrescTable                                     build/system_stm32g0xx.o
                                                  build/stm32g0xx_hal_rcc.o
APBPrescTable                                     build/system_stm32g0xx.o
                                                  build/stm32g0xx_hal_rcc.o
CEC_IRQHandler                                    build/startup_stm32g071xx.o
CHECK_IF_END                                      build/usart.o
Calib                                             build/PID.o
                                                  build/main.o
DAC_SPI_WRITE_24                                  build/DAC.o
DAC_cmd                                           build/DAC.o
                                                  build/PID.o
                                                  build/main.o
DAC_reset                                         build/DAC.o
                                                  build/main.o
DAC_test                                          build/DAC.o
                                                  build/cmd.o
DAC_test_val                                      build/DAC.o
DMA1_Ch4_7_DMAMUX1_OVR_IRQHandler                 build/startup_stm32g071xx.o
DMA1_Channel1_IRQHandler                          build/stm32g0xx_it.o
DMA1_Channel2_3_IRQHandler                        build/startup_stm32g071xx.o
Default_Handler                                   build/startup_stm32g071xx.o
EXTI0_1_IRQHandler                                build/startup_stm32g071xx.o
EXTI2_3_IRQHandler                                build/startup_stm32g071xx.o
EXTI4_15_IRQHandler                               build/stm32g0xx_it.o
Error_Handler                                     build/main.o
                                                  build/spi.o
                                                  build/usart.o
                                                  build/lptim.o
FLASH_FlushCaches                                 build/stm32g0xx_hal_flash_ex.o
FLASH_IRQHandler                                  build/stm32g0xx_it.o
FLASH_PageErase                                   build/stm32g0xx_hal_flash_ex.o
                                                  build/stm32g0xx_hal_flash.o
FLASH_WaitForLastOperation                        build/stm32g0xx_hal_flash.o
                                                  build/stm32g0xx_hal_flash_ex.o
Filter                                            build/Filter.o
                                                  build/main.o
HAL_DBGMCU_DisableDBGStandbyMode                  build/stm32g0xx_hal.o
HAL_DBGMCU_DisableDBGStopMode                     build/stm32g0xx_hal.o
HAL_DBGMCU_EnableDBGStandbyMode                   build/stm32g0xx_hal.o
HAL_DBGMCU_EnableDBGStopMode                      build/stm32g0xx_hal.o
HAL_DMAEx_ConfigMuxRequestGenerator               build/stm32g0xx_hal_dma_ex.o
HAL_DMAEx_ConfigMuxSync                           build/stm32g0xx_hal_dma_ex.o
HAL_DMAEx_DisableMuxRequestGenerator              build/stm32g0xx_hal_dma_ex.o
HAL_DMAEx_EnableMuxRequestGenerator               build/stm32g0xx_hal_dma_ex.o
HAL_DMAEx_MUX_IRQHandler                          build/stm32g0xx_hal_dma_ex.o
HAL_DMA_Abort                                     build/stm32g0xx_hal_dma.o
                                                  build/stm32g0xx_hal_spi.o
                                                  build/stm32g0xx_hal_uart.o
HAL_DMA_Abort_IT                                  build/stm32g0xx_hal_dma.o
                                                  build/stm32g0xx_hal_spi.o
                                                  build/stm32g0xx_hal_uart.o
HAL_DMA_DeInit                                    build/stm32g0xx_hal_dma.o
                                                  build/usart.o
HAL_DMA_GetError                                  build/stm32g0xx_hal_dma.o
                                                  build/stm32g0xx_hal_uart.o
HAL_DMA_GetState                                  build/stm32g0xx_hal_dma.o
HAL_DMA_IRQHandler                                build/stm32g0xx_hal_dma.o
                                                  build/stm32g0xx_it.o
HAL_DMA_Init                                      build/stm32g0xx_hal_dma.o
                                                  build/usart.o
HAL_DMA_PollForTransfer                           build/stm32g0xx_hal_dma.o
HAL_DMA_RegisterCallback                          build/stm32g0xx_hal_dma.o
HAL_DMA_Start                                     build/stm32g0xx_hal_dma.o
HAL_DMA_Start_IT                                  build/stm32g0xx_hal_dma.o
                                                  build/stm32g0xx_hal_spi.o
                                                  build/stm32g0xx_hal_uart.o
HAL_DMA_UnRegisterCallback                        build/stm32g0xx_hal_dma.o
HAL_DeInit                                        build/stm32g0xx_hal.o
HAL_Delay                                         build/stm32g0xx_hal.o
                                                  build/DAC.o
                                                  build/ADC.o
                                                  build/PID.o
                                                  build/cmd.o
                                                  build/main.o
HAL_EXTI_ClearConfigLine                          build/stm32g0xx_hal_exti.o
HAL_EXTI_ClearPending                             build/stm32g0xx_hal_exti.o
HAL_EXTI_GenerateSWI                              build/stm32g0xx_hal_exti.o
HAL_EXTI_GetConfigLine                            build/stm32g0xx_hal_exti.o
HAL_EXTI_GetHandle                                build/stm32g0xx_hal_exti.o
HAL_EXTI_GetPending                               build/stm32g0xx_hal_exti.o
HAL_EXTI_IRQHandler                               build/stm32g0xx_hal_exti.o
HAL_EXTI_RegisterCallback                         build/stm32g0xx_hal_exti.o
HAL_EXTI_SetConfigLine                            build/stm32g0xx_hal_exti.o
HAL_FLASHEx_DisableDebugger                       build/stm32g0xx_hal_flash_ex.o
HAL_FLASHEx_EnableDebugger                        build/stm32g0xx_hal_flash_ex.o
HAL_FLASHEx_EnableSecMemProtection                build/stm32g0xx_hal_flash_ex.o
HAL_FLASHEx_Erase                                 build/stm32g0xx_hal_flash_ex.o
HAL_FLASHEx_Erase_IT                              build/stm32g0xx_hal_flash_ex.o
HAL_FLASHEx_FlashEmptyCheck                       build/stm32g0xx_hal_flash_ex.o
HAL_FLASHEx_ForceFlashEmpty                       build/stm32g0xx_hal_flash_ex.o
HAL_FLASHEx_OBGetConfig                           build/stm32g0xx_hal_flash_ex.o
HAL_FLASHEx_OBProgram                             build/stm32g0xx_hal_flash_ex.o
HAL_FLASH_EndOfOperationCallback                  build/stm32g0xx_hal_flash.o
HAL_FLASH_GetError                                build/stm32g0xx_hal_flash.o
HAL_FLASH_IRQHandler                              build/stm32g0xx_hal_flash.o
                                                  build/stm32g0xx_it.o
HAL_FLASH_Lock                                    build/stm32g0xx_hal_flash.o
HAL_FLASH_OB_Launch                               build/stm32g0xx_hal_flash.o
HAL_FLASH_OB_Lock                                 build/stm32g0xx_hal_flash.o
HAL_FLASH_OB_Unlock                               build/stm32g0xx_hal_flash.o
HAL_FLASH_OperationErrorCallback                  build/stm32g0xx_hal_flash.o
HAL_FLASH_Program                                 build/stm32g0xx_hal_flash.o
HAL_FLASH_Program_IT                              build/stm32g0xx_hal_flash.o
HAL_FLASH_Unlock                                  build/stm32g0xx_hal_flash.o
HAL_GPIO_DeInit                                   build/stm32g0xx_hal_gpio.o
                                                  build/spi.o
                                                  build/usart.o
HAL_GPIO_EXTI_Falling_Callback                    build/stm32g0xx_it.o
HAL_GPIO_EXTI_IRQHandler                          build/stm32g0xx_hal_gpio.o
                                                  build/stm32g0xx_it.o
HAL_GPIO_EXTI_Rising_Callback                     build/stm32g0xx_hal_gpio.o
HAL_GPIO_Init                                     build/stm32g0xx_hal_gpio.o
                                                  build/ADC.o
                                                  build/spi.o
                                                  build/usart.o
                                                  build/stm32g0xx_hal_rcc_ex.o
                                                  build/stm32g0xx_hal_rcc.o
                                                  build/gpio.o
HAL_GPIO_LockPin                                  build/stm32g0xx_hal_gpio.o
HAL_GPIO_ReadPin                                  build/stm32g0xx_hal_gpio.o
HAL_GPIO_TogglePin                                build/stm32g0xx_hal_gpio.o
                                                  build/ADC.o
                                                  build/cmd.o
                                                  build/stm32g0xx_it.o
                                                  build/main.o
HAL_GPIO_WritePin                                 build/stm32g0xx_hal_gpio.o
                                                  build/DAC.o
                                                  build/ADC.o
                                                  build/gpio.o
                                                  build/main.o
HAL_GetDEVID                                      build/stm32g0xx_hal.o
HAL_GetHalVersion                                 build/stm32g0xx_hal.o
HAL_GetREVID                                      build/stm32g0xx_hal.o
HAL_GetTick                                       build/stm32g0xx_hal.o
                                                  build/stm32g0xx_hal_spi.o
                                                  build/stm32g0xx_hal_uart_ex.o
                                                  build/stm32g0xx_hal_uart.o
                                                  build/stm32g0xx_hal_dma.o
                                                  build/stm32g0xx_hal_flash.o
                                                  build/stm32g0xx_hal_rcc_ex.o
                                                  build/stm32g0xx_hal_rcc.o
HAL_GetTickFreq                                   build/stm32g0xx_hal.o
HAL_GetTickPrio                                   build/stm32g0xx_hal.o
HAL_GetUIDw0                                      build/stm32g0xx_hal.o
HAL_GetUIDw1                                      build/stm32g0xx_hal.o
HAL_GetUIDw2                                      build/stm32g0xx_hal.o
HAL_HalfDuplex_EnableReceiver                     build/stm32g0xx_hal_uart.o
HAL_HalfDuplex_EnableTransmitter                  build/stm32g0xx_hal_uart.o
HAL_HalfDuplex_Init                               build/stm32g0xx_hal_uart.o
HAL_IncTick                                       build/stm32g0xx_hal.o
                                                  build/stm32g0xx_it.o
HAL_Init                                          build/stm32g0xx_hal.o
                                                  build/main.o
HAL_InitTick                                      build/stm32g0xx_hal.o
                                                  build/stm32g0xx_hal_rcc.o
                                                  build/main.o
HAL_LIN_Init                                      build/stm32g0xx_hal_uart.o
HAL_LIN_SendBreak                                 build/stm32g0xx_hal_uart.o
HAL_LPTIM_AutoReloadMatchCallback                 build/stm32g0xx_hal_lptim.o
HAL_LPTIM_AutoReloadWriteCallback                 build/stm32g0xx_hal_lptim.o
HAL_LPTIM_CompareMatchCallback                    build/stm32g0xx_hal_lptim.o
HAL_LPTIM_CompareWriteCallback                    build/stm32g0xx_hal_lptim.o
HAL_LPTIM_Counter_Start                           build/stm32g0xx_hal_lptim.o
HAL_LPTIM_Counter_Start_IT                        build/stm32g0xx_hal_lptim.o
                                                  build/main.o
HAL_LPTIM_Counter_Stop                            build/stm32g0xx_hal_lptim.o
HAL_LPTIM_Counter_Stop_IT                         build/stm32g0xx_hal_lptim.o
HAL_LPTIM_DeInit                                  build/stm32g0xx_hal_lptim.o
HAL_LPTIM_DirectionDownCallback                   build/stm32g0xx_hal_lptim.o
HAL_LPTIM_DirectionUpCallback                     build/stm32g0xx_hal_lptim.o
HAL_LPTIM_Encoder_Start                           build/stm32g0xx_hal_lptim.o
HAL_LPTIM_Encoder_Start_IT                        build/stm32g0xx_hal_lptim.o
HAL_LPTIM_Encoder_Stop                            build/stm32g0xx_hal_lptim.o
HAL_LPTIM_Encoder_Stop_IT                         build/stm32g0xx_hal_lptim.o
HAL_LPTIM_GetState                                build/stm32g0xx_hal_lptim.o
HAL_LPTIM_IRQHandler                              build/stm32g0xx_hal_lptim.o
                                                  build/stm32g0xx_it.o
HAL_LPTIM_Init                                    build/stm32g0xx_hal_lptim.o
                                                  build/lptim.o
HAL_LPTIM_MspDeInit                               build/lptim.o
HAL_LPTIM_MspInit                                 build/lptim.o
                                                  build/main.o
HAL_LPTIM_OnePulse_Start                          build/stm32g0xx_hal_lptim.o
HAL_LPTIM_OnePulse_Start_IT                       build/stm32g0xx_hal_lptim.o
HAL_LPTIM_OnePulse_Stop                           build/stm32g0xx_hal_lptim.o
HAL_LPTIM_OnePulse_Stop_IT                        build/stm32g0xx_hal_lptim.o
HAL_LPTIM_PWM_Start                               build/stm32g0xx_hal_lptim.o
HAL_LPTIM_PWM_Start_IT                            build/stm32g0xx_hal_lptim.o
HAL_LPTIM_PWM_Stop                                build/stm32g0xx_hal_lptim.o
HAL_LPTIM_PWM_Stop_IT                             build/stm32g0xx_hal_lptim.o
HAL_LPTIM_ReadAutoReload                          build/stm32g0xx_hal_lptim.o
HAL_LPTIM_ReadCompare                             build/stm32g0xx_hal_lptim.o
HAL_LPTIM_ReadCounter                             build/stm32g0xx_hal_lptim.o
HAL_LPTIM_SetOnce_Start                           build/stm32g0xx_hal_lptim.o
HAL_LPTIM_SetOnce_Start_IT                        build/stm32g0xx_hal_lptim.o
HAL_LPTIM_SetOnce_Stop                            build/stm32g0xx_hal_lptim.o
HAL_LPTIM_SetOnce_Stop_IT                         build/stm32g0xx_hal_lptim.o
HAL_LPTIM_TimeOut_Start                           build/stm32g0xx_hal_lptim.o
HAL_LPTIM_TimeOut_Start_IT                        build/stm32g0xx_hal_lptim.o
HAL_LPTIM_TimeOut_Stop                            build/stm32g0xx_hal_lptim.o
HAL_LPTIM_TimeOut_Stop_IT                         build/stm32g0xx_hal_lptim.o
HAL_LPTIM_TriggerCallback                         build/stm32g0xx_hal_lptim.o
HAL_MPU_ConfigRegion                              build/stm32g0xx_hal_cortex.o
HAL_MPU_Disable                                   build/stm32g0xx_hal_cortex.o
HAL_MPU_Enable                                    build/stm32g0xx_hal_cortex.o
HAL_MspDeInit                                     build/stm32g0xx_hal.o
HAL_MspInit                                       build/stm32g0xx_hal_msp.o
HAL_MultiProcessorEx_AddressLength_Set            build/stm32g0xx_hal_uart_ex.o
HAL_MultiProcessor_DisableMuteMode                build/stm32g0xx_hal_uart.o
HAL_MultiProcessor_EnableMuteMode                 build/stm32g0xx_hal_uart.o
HAL_MultiProcessor_EnterMuteMode                  build/stm32g0xx_hal_uart.o
HAL_MultiProcessor_Init                           build/stm32g0xx_hal_uart.o
HAL_NVIC_ClearPendingIRQ                          build/stm32g0xx_hal_cortex.o
HAL_NVIC_DisableIRQ                               build/stm32g0xx_hal_cortex.o
                                                  build/spi.o
                                                  build/usart.o
                                                  build/lptim.o
HAL_NVIC_EnableIRQ                                build/stm32g0xx_hal_cortex.o
                                                  build/dma.o
                                                  build/spi.o
                                                  build/usart.o
                                                  build/lptim.o
                                                  build/stm32g0xx_hal_msp.o
                                                  build/gpio.o
HAL_NVIC_GetPendingIRQ                            build/stm32g0xx_hal_cortex.o
HAL_NVIC_GetPriority                              build/stm32g0xx_hal_cortex.o
HAL_NVIC_SetPendingIRQ                            build/stm32g0xx_hal_cortex.o
HAL_NVIC_SetPriority                              build/stm32g0xx_hal_cortex.o
                                                  build/dma.o
                                                  build/spi.o
                                                  build/usart.o
                                                  build/lptim.o
                                                  build/stm32g0xx_hal.o
                                                  build/stm32g0xx_hal_msp.o
                                                  build/gpio.o
                                                  build/main.o
HAL_NVIC_SystemReset                              build/stm32g0xx_hal_cortex.o
HAL_PWREx_ControlVoltageScaling                   build/stm32g0xx_hal_pwr_ex.o
                                                  build/main.o
HAL_PWREx_DisableBatteryCharging                  build/stm32g0xx_hal_pwr_ex.o
HAL_PWREx_DisableFlashPowerDown                   build/stm32g0xx_hal_pwr_ex.o
HAL_PWREx_DisableGPIOPullDown                     build/stm32g0xx_hal_pwr_ex.o
HAL_PWREx_DisableGPIOPullUp                       build/stm32g0xx_hal_pwr_ex.o
HAL_PWREx_DisableInternalWakeUpLine               build/stm32g0xx_hal_pwr_ex.o
HAL_PWREx_DisableLowPowerRunMode                  build/stm32g0xx_hal_pwr_ex.o
                                                  build/stm32g0xx_hal_pwr.o
HAL_PWREx_DisablePORMonitorSampling               build/stm32g0xx_hal_pwr_ex.o
HAL_PWREx_DisablePullUpPullDownConfig             build/stm32g0xx_hal_pwr_ex.o
HAL_PWREx_DisableSRAMRetention                    build/stm32g0xx_hal_pwr_ex.o
HAL_PWREx_EnableBatteryCharging                   build/stm32g0xx_hal_pwr_ex.o
HAL_PWREx_EnableFlashPowerDown                    build/stm32g0xx_hal_pwr_ex.o
HAL_PWREx_EnableGPIOPullDown                      build/stm32g0xx_hal_pwr_ex.o
HAL_PWREx_EnableGPIOPullUp                        build/stm32g0xx_hal_pwr_ex.o
HAL_PWREx_EnableInternalWakeUpLine                build/stm32g0xx_hal_pwr_ex.o
HAL_PWREx_EnableLowPowerRunMode                   build/stm32g0xx_hal_pwr_ex.o
                                                  build/stm32g0xx_hal_pwr.o
HAL_PWREx_EnablePORMonitorSampling                build/stm32g0xx_hal_pwr_ex.o
HAL_PWREx_EnablePullUpPullDownConfig              build/stm32g0xx_hal_pwr_ex.o
HAL_PWREx_EnableSRAMRetention                     build/stm32g0xx_hal_pwr_ex.o
HAL_PWREx_EnterSHUTDOWNMode                       build/stm32g0xx_hal_pwr_ex.o
HAL_PWREx_GetVoltageRange                         build/stm32g0xx_hal_pwr_ex.o
HAL_PWR_ConfigPVD                                 build/stm32g0xx_hal_pwr.o
HAL_PWR_DeInit                                    build/stm32g0xx_hal_pwr.o
HAL_PWR_DisableBkUpAccess                         build/stm32g0xx_hal_pwr.o
                                                  build/stm32g0xx_hal_rcc_ex.o
HAL_PWR_DisablePVD                                build/stm32g0xx_hal_pwr.o
HAL_PWR_DisableSEVOnPend                          build/stm32g0xx_hal_pwr.o
HAL_PWR_DisableSleepOnExit                        build/stm32g0xx_hal_pwr.o
HAL_PWR_DisableWakeUpPin                          build/stm32g0xx_hal_pwr.o