Archive member included to satisfy reference by file (symbol)

c:/gnu tools arm embedded/bin/../lib/gcc/arm-none-eabi/9.2.1/../../../../arm-none-eabi/lib/thumb/v6-m/nofp\libc_nano.a(lib_a-exit.o)
                              c:/gnu tools arm embedded/bin/../lib/gcc/arm-none-eabi/9.2.1/../../../../arm-none-eabi/lib/thumb/v6-m/nofp/crt0.o (exit)
c:/gnu tools arm embedded/bin/../lib/gcc/arm-none-eabi/9.2.1/../../../../arm-none-eabi/lib/thumb/v6-m/nofp\libc_nano.a(lib_a-impure.o)
                              c:/gnu tools arm embedded/bin/../lib/gcc/arm-none-eabi/9.2.1/../../../../arm-none-eabi/lib/thumb/v6-m/nofp\libc_nano.a(lib_a-exit.o) (_global_impure_ptr)
c:/gnu tools arm embedded/bin/../lib/gcc/arm-none-eabi/9.2.1/../../../../arm-none-eabi/lib/thumb/v6-m/nofp\libc_nano.a(lib_a-init.o)
                              c:/gnu tools arm embedded/bin/../lib/gcc/arm-none-eabi/9.2.1/../../../../arm-none-eabi/lib/thumb/v6-m/nofp/crt0.o (__libc_init_array)
c:/gnu tools arm embedded/bin/../lib/gcc/arm-none-eabi/9.2.1/../../../../arm-none-eabi/lib/thumb/v6-m/nofp\libc_nano.a(lib_a-memcpy-stub.o)
                              build/PID.o (memcpy)
c:/gnu tools arm embedded/bin/../lib/gcc/arm-none-eabi/9.2.1/../../../../arm-none-eabi/lib/thumb/v6-m/nofp\libc_nano.a(lib_a-memset.o)
                              c:/gnu tools arm embedded/bin/../lib/gcc/arm-none-eabi/9.2.1/../../../../arm-none-eabi/lib/thumb/v6-m/nofp/crt0.o (memset)
c:/gnu tools arm embedded/bin/../lib/gcc/arm-none-eabi/9.2.1/../../../../arm-none-eabi/lib/thumb/v6-m/nofp\libc_nano.a(lib_a-sprintf.o)
                              build/usart.o (sprintf)
c:/gnu tools arm embedded/bin/../lib/gcc/arm-none-eabi/9.2.1/../../../../arm-none-eabi/lib/thumb/v6-m/nofp\libc_nano.a(lib_a-strcmp.o)
                              build/usart_utils.o (strcmp)
c:/gnu tools arm embedded/bin/../lib/gcc/arm-none-eabi/9.2.1/../../../../arm-none-eabi/lib/thumb/v6-m/nofp\libc_nano.a(lib_a-nano-svfprintf.o)
                              c:/gnu tools arm embedded/bin/../lib/gcc/arm-none-eabi/9.2.1/../../../../arm-none-eabi/lib/thumb/v6-m/nofp\libc_nano.a(lib_a-sprintf.o) (_svfprintf_r)
c:/gnu tools arm embedded/bin/../lib/gcc/arm-none-eabi/9.2.1/../../../../arm-none-eabi/lib/thumb/v6-m/nofp\libc_nano.a(lib_a-nano-vfprintf_i.o)
                              c:/gnu tools arm embedded/bin/../lib/gcc/arm-none-eabi/9.2.1/../../../../arm-none-eabi/lib/thumb/v6-m/nofp\libc_nano.a(lib_a-nano-svfprintf.o) (_printf_i)
c:/gnu tools arm embedded/bin/../lib/gcc/arm-none-eabi/9.2.1/../../../../arm-none-eabi/lib/thumb/v6-m/nofp\libc_nano.a(lib_a-memchr-stub.o)
                              c:/gnu tools arm embedded/bin/../lib/gcc/arm-none-eabi/9.2.1/../../../../arm-none-eabi/lib/thumb/v6-m/nofp\libc_nano.a(lib_a-nano-svfprintf.o) (memchr)
c:/gnu tools arm embedded/bin/../lib/gcc/arm-none-eabi/9.2.1/../../../../arm-none-eabi/lib/thumb/v6-m/nofp\libc_nano.a(lib_a-memmove.o)
                              c:/gnu tools arm embedded/bin/../lib/gcc/arm-none-eabi/9.2.1/../../../../arm-none-eabi/lib/thumb/v6-m/nofp\libc_nano.a(lib_a-nano-svfprintf.o) (memmove)
c:/gnu tools arm embedded/bin/../lib/gcc/arm-none-eabi/9.2.1/../../../../arm-none-eabi/lib/thumb/v6-m/nofp\libc_nano.a(lib_a-nano-freer.o)
                              c:/gnu tools arm embedded/bin/../lib/gcc/arm-none-eabi/9.2.1/../../../../arm-none-eabi/lib/thumb/v6-m/nofp\libc_nano.a(lib_a-nano-svfprintf.o) (_free_r)
c:/gnu tools arm embedded/bin/../lib/gcc/arm-none-eabi/9.2.1/../../../../arm-none-eabi/lib/thumb/v6-m/nofp\libc_nano.a(lib_a-nano-mallocr.o)
                              c:/gnu tools arm embedded/bin/../lib/gcc/arm-none-eabi/9.2.1/../../../../arm-none-eabi/lib/thumb/v6-m/nofp\libc_nano.a(lib_a-nano-svfprintf.o) (_malloc_r)
c:/gnu tools arm embedded/bin/../lib/gcc/arm-none-eabi/9.2.1/../../../../arm-none-eabi/lib/thumb/v6-m/nofp\libc_nano.a(lib_a-nano-reallocr.o)
                              c:/gnu tools arm embedded/bin/../lib/gcc/arm-none-eabi/9.2.1/../../../../arm-none-eabi/lib/thumb/v6-m/nofp\libc_nano.a(lib_a-nano-svfprintf.o) (_realloc_r)
c:/gnu tools arm embedded/bin/../lib/gcc/arm-none-eabi/9.2.1/../../../../arm-none-eabi/lib/thumb/v6-m/nofp\libc_nano.a(lib_a-sbrkr.o)
                              c:/gnu tools arm embedded/bin/../lib/gcc/arm-none-eabi/9.2.1/../../../../arm-none-eabi/lib/thumb/v6-m/nofp\libc_nano.a(lib_a-nano-mallocr.o) (_sbrk_r)
c:/gnu tools arm embedded/bin/../lib/gcc/arm-none-eabi/9.2.1/../../../../arm-none-eabi/lib/thumb/v6-m/nofp\libc_nano.a(lib_a-mlock.o)
                              c:/gnu tools arm embedded/bin/../lib/gcc/arm-none-eabi/9.2.1/../../../../arm-none-eabi/lib/thumb/v6-m/nofp\libc_nano.a(lib_a-nano-freer.o) (__malloc_lock)
c:/gnu tools arm embedded/bin/../lib/gcc/arm-none-eabi/9.2.1/../../../../arm-none-eabi/lib/thumb/v6-m/nofp\libc_nano.a(lib_a-nano-msizer.o)
[...]
Memory Configuration

Name             Origin             Length             Attributes
RAM              0x20000000         0x00009000         xrw
FLASH            0x08000000         0x00020000         xr
*default*        0x00000000         0xffffffff

Linker script and memory map

LOAD c:/gnu tools arm embedded/bin/../lib/gcc/arm-none-eabi/9.2.1/thumb/v6-m/nofp/crti.o
LOAD c:/gnu tools arm embedded/bin/../lib/gcc/arm-none-eabi/9.2.1/thumb/v6-m/nofp/crtbegin.o
LOAD c:/gnu tools arm embedded/bin/../lib/gcc/arm-none-eabi/9.2.1/../../../../arm-none-eabi/lib/thumb/v6-m/nofp/crt0.o
LOAD build/main.o
LOAD build/gpio.o
LOAD build/stm32g0xx_it.o
LOAD build/stm32g0xx_hal_msp.o
LOAD build/stm32g0xx_hal_gpio.o
LOAD build/stm32g0xx_hal_tim.o
LOAD build/stm32g0xx_hal_tim_ex.o
LOAD build/stm32g0xx_hal_rcc.o
LOAD build/stm32g0xx_hal_rcc_ex.o
LOAD build/stm32g0xx_ll_rcc.o
LOAD build/stm32g0xx_hal_flash.o
LOAD build/stm32g0xx_hal_flash_ex.o
LOAD build/stm32g0xx_hal_dma.o
LOAD build/stm32g0xx_hal_dma_ex.o
LOAD build/stm32g0xx_hal_pwr.o
LOAD build/stm32g0xx_hal_pwr_ex.o
LOAD build/stm32g0xx_hal_cortex.o
LOAD build/stm32g0xx_hal.o
LOAD build/stm32g0xx_hal_exti.o
LOAD build/system_stm32g0xx.o
LOAD build/lptim.o
LOAD build/usart.o
LOAD build/cmd.o
LOAD build/Filter.o
LOAD build/PID.o
LOAD build/usart_utils.o
LOAD build/stm32g0xx_hal_lptim.o
LOAD build/stm32g0xx_hal_uart.o
LOAD build/stm32g0xx_hal_uart_ex.o
LOAD build/spi.o
LOAD build/ADC.o
LOAD build/DAC.o
LOAD build/stm32g0xx_hal_spi.o
LOAD build/stm32g0xx_hal_spi_ex.o
LOAD build/dma.o
LOAD build/startup_stm32g071xx.o
LOAD c:/gnu tools arm embedded/bin/../lib/gcc/arm-none-eabi/9.2.1/../../../../arm-none-eabi/lib/thumb/v6-m/nofp\libc_nano.a
LOAD c:/gnu tools arm embedded/bin/../lib/gcc/arm-none-eabi/9.2.1/../../../../arm-none-eabi/lib/thumb/v6-m/nofp\libm.a
LOAD c:/gnu tools arm embedded/bin/../lib/gcc/arm-none-eabi/9.2.1/../../../../arm-none-eabi/lib/thumb/v6-m/nofp\libnosys.a
START GROUP
LOAD c:/gnu tools arm embedded/bin/../lib/gcc/arm-none-eabi/9.2.1/thumb/v6-m/nofp\libgcc.a
LOAD c:/gnu tools arm embedded/bin/../lib/gcc/arm-none-eabi/9.2.1/../../../../arm-none-eabi/lib/thumb/v6-m/nofp\libc_nano.a
END GROUP
START GROUP
LOAD c:/gnu tools arm embedded/bin/../lib/gcc/arm-none-eabi/9.2.1/thumb/v6-m/nofp\libgcc.a
LOAD c:/gnu tools arm embedded/bin/../lib/gcc/arm-none-eabi/9.2.1/../../../../arm-none-eabi/lib/thumb/v6-m/nofp\libc_nano.a
END GROUP
LOAD c:/gnu tools arm embedded/bin/../lib/gcc/arm-none-eabi/9.2.1/thumb/v6-m/nofp/crtend.o
LOAD c:/gnu tools arm embedded/bin/../lib/gcc/arm-none-eabi/9.2.1/thumb/v6-m/nofp/crtn.o
                0x20009000                _estack = 0x20009000
                0x00000200                _Min_Heap_Size = 0x200
                0x00000400                _Min_Stack_Size = 0x400

.isr_vector     0x08000000       0xbc
                0x08000000                . = ALIGN (0x4)
 *(.isr_vector)
 .isr_vector    0x08000000       0xbc build/startup_stm32g071xx.o
                0x08000000                g_pfnVectors
                0x080000bc                . = ALIGN (0x4)

.text           0x080000bc     0x74d4
                0x080000bc                . = ALIGN (0x4)
 *(.text)
 .text          0x080000bc       0x48 c:/gnu tools arm embedded/bin/../lib/gcc/arm-none-eabi/9.2.1/thumb/v6-m/nofp/crtbegin.o
 .text          0x08000104       0x14 c:/gnu tools arm embedded/bin/../lib/gcc/arm-none-eabi/9.2.1/../../../../arm-none-eabi/lib/thumb/v6-m/nofp\libc_nano.a(lib_a-strcmp.o)
                0x08000104                strcmp
 .text          0x08000118       0x14 c:/gnu tools arm embedded/bin/../lib/gcc/arm-none-eabi/9.2.1/thumb/v6-m/nofp\libgcc.a(_thumb1_case_shi.o)
                0x08000118                __gnu_thumb1_case_shi
 .text          0x0800012c      0x114 c:/gnu tools arm embedded/bin/../lib/gcc/arm-none-eabi/9.2.1/thumb/v6-m/nofp\libgcc.a(_udivsi3.o)
                0x0800012c                __aeabi_uidiv
                0x0800012c                __udivsi3
                0x08000238                __aeabi_uidivmod
 .text          0x08000240      0x1d4 c:/gnu tools arm embedded/bin/../lib/gcc/arm-none-eabi/9.2.1/thumb/v6-m/nofp\libgcc.a(_divsi3.o)
                0x08000240                __divsi3
                0x08000240                __aeabi_idiv
                0x0800040c                __aeabi_idivmod
 .text          0x08000414        0x4 c:/gnu tools arm embedded/bin/../lib/gcc/arm-none-eabi/9.2.1/thumb/v6-m/nofp\libgcc.a(_dvmd_tls.o)
                0x08000414                __aeabi_idiv0
                0x08000414                __aeabi_ldiv0
 .text          0x08000418       0x48 c:/gnu tools arm embedded/bin/../lib/gcc/arm-none-eabi/9.2.1/thumb/v6-m/nofp\libgcc.a(_aeabi_ldivmod.o)
                0x08000418                __aeabi_ldivmod
 .text          0x08000460       0x40 c:/gnu tools arm embedded/bin/../lib/gcc/arm-none-eabi/9.2.1/thumb/v6-m/nofp\libgcc.a(_aeabi_uldivmod.o)
                0x08000460                __aeabi_uldivmod
 .text          0x080004a0       0x50 c:/gnu tools arm embedded/bin/../lib/gcc/arm-none-eabi/9.2.1/thumb/v6-m/nofp\libgcc.a(_muldi3.o)
                0x080004a0                __muldi3
                0x080004a0                __aeabi_lmul
 .text          0x080004f0      0x198 c:/gnu tools arm embedded/bin/../lib/gcc/arm-none-eabi/9.2.1/thumb/v6-m/nofp\libgcc.a(_udivmoddi4.o)
                0x080004f0                __udivmoddi4
 .text          0x08000688       0x3c c:/gnu tools arm embedded/bin/../lib/gcc/arm-none-eabi/9.2.1/thumb/v6-m/nofp\libgcc.a(bpabi.o)
                0x08000688                __gnu_ldivmod_helper
 .text          0x080006c4       0x18 c:/gnu tools arm embedded/bin/../lib/gcc/arm-none-eabi/9.2.1/thumb/v6-m/nofp\libgcc.a(_clzdi2.o)
                0x080006c4                __clzdi2
 .text          0x080006dc      0x1cc c:/gnu tools arm embedded/bin/../lib/gcc/arm-none-eabi/9.2.1/thumb/v6-m/nofp\libgcc.a(_divdi3.o)
                0x080006dc                __divdi3
 .text          0x080008a8       0x3c c:/gnu tools arm embedded/bin/../lib/gcc/arm-none-eabi/9.2.1/thumb/v6-m/nofp\libgcc.a(_clzsi2.o)
                0x080008a8                __clzsi2
 *(.text*)
 .text.Error_Handler
                0x080008e4       0x2a build/main.o
                0x080008e4                Error_Handler
 *fill*         0x0800090e        0x2 
 .text.SystemClock_Config
                0x08000910       0xb4 build/main.o
                0x08000910                SystemClock_Config
 .text.main     0x080009c4      0x1b4 build/main.o
                0x080009c4                main
 .text.MX_GPIO_Init
                0x08000b78      0x154 build/gpio.o
                0x08000b78                MX_GPIO_Init
 .text.NMI_Handler
                0x08000ccc        0x2 build/stm32g0xx_it.o
                0x08000ccc                NMI_Handler
 .text.HardFault_Handler
                0x08000cce        0x2 build/stm32g0xx_it.o
                0x08000cce                HardFault_Handler
 .text.SVC_Handler
                0x08000cd0        0x2 build/stm32g0xx_it.o
                0x08000cd0                SVC_Handler
 .text.PendSV_Handler
                0x08000cd2        0x2 build/stm32g0xx_it.o
                0x08000cd2                PendSV_Handler
 .text.SysTick_Handler
                0x08000cd4        0x8 build/stm32g0xx_it.o
                0x08000cd4                SysTick_Handler
 .text.FLASH_IRQHandler
                0x08000cdc        0x8 build/stm32g0xx_it.o
                0x08000cdc                FLASH_IRQHandler
 .text.RCC_IRQHandler
                0x08000ce4        0x2 build/stm32g0xx_it.o
                0x08000ce4                RCC_IRQHandler
 .text.EXTI4_15_IRQHandler
                0x08000ce6        0xa build/stm32g0xx_it.o
                0x08000ce6                EXTI4_15_IRQHandler
 .text.DMA1_Channel1_IRQHandler
                0x08000cf0       0x10 build/stm32g0xx_it.o
                0x08000cf0                DMA1_Channel1_IRQHandler
 .text.TIM6_DAC_LPTIM1_IRQHandler
                0x08000d00       0x34 build/stm32g0xx_it.o
                0x08000d00                TIM6_DAC_LPTIM1_IRQHandler
 .text.SPI2_IRQHandler
                0x08000d34       0x10 build/stm32g0xx_it.o
                0x08000d34                SPI2_IRQHandler
 .text.USART2_IRQHandler
                0x08000d44       0x18 build/stm32g0xx_it.o
                0x08000d44                USART2_IRQHandler
 .text.HAL_GPIO_EXTI_Falling_Callback
                0x08000d5c        0xe build/stm32g0xx_it.o
                0x08000d5c                HAL_GPIO_EXTI_Falling_Callback
 *fill*         0x08000d6a        0x2 
 .text.HAL_MspInit
                0x08000d6c       0x50 build/stm32g0xx_hal_msp.o
                0x08000d6c                HAL_MspInit
 .text.HAL_GPIO_Init
                0x08000dbc      0x174 build/stm32g0xx_hal_gpio.o
                0x08000dbc                HAL_GPIO_Init
 .text.HAL_GPIO_DeInit
                0x08000f30       0xf4 build/stm32g0xx_hal_gpio.o
                0x08000f30                HAL_GPIO_DeInit
 .text.HAL_GPIO_WritePin
                0x08001024        0xc build/stm32g0xx_hal_gpio.o
                0x08001024                HAL_GPIO_WritePin
 .text.HAL_GPIO_TogglePin
                0x08001030        0xe build/stm32g0xx_hal_gpio.o
                0x08001030                HAL_GPIO_TogglePin
 .text.HAL_GPIO_EXTI_Rising_Callback
                0x0800103e        0x2 build/stm32g0xx_hal_gpio.o
                0x0800103e                HAL_GPIO_EXTI_Rising_Callback
 .text.HAL_GPIO_EXTI_IRQHandler
                0x08001040       0x30 build/stm32g0xx_hal_gpio.o
                0x08001040                HAL_GPIO_EXTI_IRQHandler
 .text.HAL_RCC_OscConfig
                0x08001070      0x4c0 build/stm32g0xx_hal_rcc.o
                0x08001070                HAL_RCC_OscConfig
 .text.HAL_RCC_GetSysClockFreq
                0x08001530       0xbc build/stm32g0xx_hal_rcc.o
                0x08001530                HAL_RCC_GetSysClockFreq
 .text.HAL_RCC_ClockConfig
                0x080015ec      0x18c build/stm32g0xx_hal_rcc.o
                0x080015ec                HAL_RCC_ClockConfig
 .text.HAL_RCC_GetHCLKFreq
                0x08001778        0xc build/stm32g0xx_hal_rcc.o
                0x08001778                HAL_RCC_GetHCLKFreq
 .text.HAL_RCC_GetPCLK1Freq
                0x08001784       0x28 build/stm32g0xx_hal_rcc.o
                0x08001784                HAL_RCC_GetPCLK1Freq
 .text.HAL_RCCEx_PeriphCLKConfig
                0x080017ac      0x244 build/stm32g0xx_hal_rcc_ex.o
                0x080017ac                HAL_RCCEx_PeriphCLKConfig
 .text.HAL_FLASH_EndOfOperationCallback
                0x080019f0        0x2 build/stm32g0xx_hal_flash.o
                0x080019f0                HAL_FLASH_EndOfOperationCallback
 .text.HAL_FLASH_OperationErrorCallback
                0x080019f2        0x2 build/stm32g0xx_hal_flash.o
                0x080019f2                HAL_FLASH_OperationErrorCallback
 .text.HAL_FLASH_IRQHandler
                0x080019f4       0xe8 build/stm32g0xx_hal_flash.o
                0x080019f4                HAL_FLASH_IRQHandler
 .text.FLASH_PageErase
                0x08001adc       0x20 build/stm32g0xx_hal_flash_ex.o
                0x08001adc                FLASH_PageErase
 .text.DMA_SetConfig
                0x08001afc       0x48 build/stm32g0xx_hal_dma.o
 .text.DMA_CalcDMAMUXChannelBaseAndMask
                0x08001b44       0x38 build/stm32g0xx_hal_dma.o
 .text.DMA_CalcDMAMUXRequestGenBaseAndMask
                0x08001b7c       0x28 build/stm32g0xx_hal_dma.o
 .text.HAL_DMA_Init
                0x08001ba4       0xb0 build/stm32g0xx_hal_dma.o
                0x08001ba4                HAL_DMA_Init
 .text.HAL_DMA_Start_IT
                0x08001c54       0x98 build/stm32g0xx_hal_dma.o
                0x08001c54                HAL_DMA_Start_IT
 .text.HAL_DMA_Abort
                0x08001cec       0x80 build/stm32g0xx_hal_dma.o
                0x08001cec                HAL_DMA_Abort
 .text.HAL_DMA_Abort_IT
                0x08001d6c       0x84 build/stm32g0xx_hal_dma.o
                0x08001d6c                HAL_DMA_Abort_IT
 .text.HAL_DMA_IRQHandler
                0x08001df0       0xcc build/stm32g0xx_hal_dma.o
                0x08001df0                HAL_DMA_IRQHandler
 .text.HAL_DMA_GetError
                0x08001ebc        0x4 build/stm32g0xx_hal_dma.o
                0x08001ebc                HAL_DMA_GetError
 .text.HAL_PWREx_ControlVoltageScaling
                0x08001ec0       0x54 build/stm32g0xx_hal_pwr_ex.o
                0x08001ec0                HAL_PWREx_ControlVoltageScaling
 .text.HAL_NVIC_SetPriority
                0x08001f14       0x64 build/stm32g0xx_hal_cortex.o
                0x08001f14                HAL_NVIC_SetPriority
 .text.HAL_NVIC_EnableIRQ
                0x08001f78       0x18 build/stm32g0xx_hal_cortex.o
                0x08001f78                HAL_NVIC_EnableIRQ
 .text.HAL_NVIC_DisableIRQ
                0x08001f90       0x20 build/stm32g0xx_hal_cortex.o
                0x08001f90                HAL_NVIC_DisableIRQ
 .text.HAL_SYSTICK_Config
                0x08001fb0       0x38 build/stm32g0xx_hal_cortex.o
                0x08001fb0                HAL_SYSTICK_Config
 .text.HAL_InitTick
                0x08001fe8       0x58 build/stm32g0xx_hal.o
                0x08001fe8                HAL_InitTick
 .text.HAL_Init
                0x08002040       0x28 build/stm32g0xx_hal.o
                0x08002040                HAL_Init
 .text.HAL_IncTick
                0x08002068       0x18 build/stm32g0xx_hal.o
                0x08002068                HAL_IncTick
 .text.HAL_GetTick
                0x08002080        0xc build/stm32g0xx_hal.o
                0x08002080                HAL_GetTick
 .text.HAL_Delay
                0x0800208c       0x24 build/stm32g0xx_hal.o
                0x0800208c                HAL_Delay
 .text.SystemInit
                0x080020b0       0x10 build/system_stm32g0xx.o
                0x080020b0                SystemInit
 .text.MX_LPTIM1_Init
                0x080020c0       0x3c build/lptim.o
                0x080020c0                MX_LPTIM1_Init
 .text.HAL_LPTIM_MspInit
                0x080020fc       0x40 build/lptim.o
                0x080020fc                HAL_LPTIM_MspInit
 .text.MX_USART2_UART_Init
                0x0800213c       0x70 build/usart.o
                0x0800213c                MX_USART2_UART_Init
 .text.HAL_UART_MspInit
                0x080021ac       0xbc build/usart.o
                0x080021ac                HAL_UART_MspInit
 .text.CHECK_IF_END
                0x08002268      0x104 build/usart.o
                0x08002268                CHECK_IF_END
 .text.IDLE_UART_IRQHandler
                0x0800236c       0x28 build/usart.o
                0x0800236c                IDLE_UART_IRQHandler
 .text.cmd      0x08002394     0x12a4 build/cmd.o
                0x08002394                cmd
 .text.Filter   0x08003638       0xc0 build/Filter.o
                0x08003638                Filter
 .text.Voltage_nV
                0x080036f8       0x2c build/PID.o
                0x080036f8                Voltage_nV
 .text.Voltage  0x08003724       0x2c build/PID.o
                0x08003724                Voltage
 .text.Phase    0x08003750       0x24 build/PID.o
                0x08003750                Phase
 .text.Phase_u  0x08003774       0x20 build/PID.o
                0x08003774                Phase_u
 .text.Temperature
                0x08003794       0x30 build/PID.o
                0x08003794                Temperature
 .text.Relative_Power
                0x080037c4       0x20 build/PID.o
                0x080037c4                Relative_Power
 .text.RMS_Power
                0x080037e4       0x40 build/PID.o
                0x080037e4                RMS_Power
 .text.Calib    0x08003824      0x5c0 build/PID.o
                0x08003824                Calib
 .text.PID_Init
                0x08003de4       0x9c build/PID.o
                0x08003de4                PID_Init
 .text.PID352   0x08003e80      0x29c build/PID.o
                0x08003e80                PID352
 .text.PID704   0x0800411c      0x29c build/PID.o
                0x0800411c                PID704
 .text.PID      0x080043b8        0xc build/PID.o
                0x080043b8                PID
 .text.UART_PARSE
                0x080043c4      0x154 build/usart_utils.o
                0x080043c4                UART_PARSE
 .text.HAL_LPTIM_Init
                0x08004518       0xb4 build/stm32g0xx_hal_lptim.o
                0x08004518                HAL_LPTIM_Init
 .text.HAL_LPTIM_Counter_Start_IT
                0x080045cc       0x5c build/stm32g0xx_hal_lptim.o
                0x080045cc                HAL_LPTIM_Counter_Start_IT
 .text.HAL_LPTIM_CompareMatchCallback
                0x08004628        0x2 build/stm32g0xx_hal_lptim.o
                0x08004628                HAL_LPTIM_CompareMatchCallback
 .text.HAL_LPTIM_AutoReloadMatchCallback
                0x0800462a        0x2 build/stm32g0xx_hal_lptim.o
                0x0800462a                HAL_LPTIM_AutoReloadMatchCallback
 .text.HAL_LPTIM_TriggerCallback
                0x0800462c        0x2 build/stm32g0xx_hal_lptim.o
                0x0800462c                HAL_LPTIM_TriggerCallback
 .text.HAL_LPTIM_CompareWriteCallback
                0x0800462e        0x2 build/stm32g0xx_hal_lptim.o
                0x0800462e                HAL_LPTIM_CompareWriteCallback
 .text.HAL_LPTIM_AutoReloadWriteCallback
                0x08004630        0x2 build/stm32g0xx_hal_lptim.o
                0x08004630                HAL_LPTIM_AutoReloadWriteCallback
 .text.HAL_LPTIM_DirectionUpCallback
                0x08004632        0x2 build/stm32g0xx_hal_lptim.o
                0x08004632                HAL_LPTIM_DirectionUpCallback
 .text.HAL_LPTIM_DirectionDownCallback
                0x08004634        0x2 build/stm32g0xx_hal_lptim.o
                0x08004634                HAL_LPTIM_DirectionDownCallback
 .text.HAL_LPTIM_IRQHandler
                0x08004636       0xba build/stm32g0xx_hal_lptim.o
                0x08004636                HAL_LPTIM_IRQHandler
 .text.UART_EndTxTransfer
                0x080046f0       0x20 build/stm32g0xx_hal_uart.o
 .text.UART_EndRxTransfer
                0x08004710       0x28 build/stm32g0xx_hal_uart.o
 .text.HAL_UART_Receive_DMA
                0x08004738       0xd4 build/stm32g0xx_hal_uart.o
                0x08004738                HAL_UART_Receive_DMA
 .text.HAL_UART_DMAStop
                0x0800480c       0x92 build/stm32g0xx_hal_uart.o
                0x0800480c                HAL_UART_DMAStop
 .text.HAL_UART_TxCpltCallback
                0x0800489e        0x2 build/stm32g0xx_hal_uart.o
                0x0800489e                HAL_UART_TxCpltCallback
 .text.UART_EndTransmit_IT
                0x080048a0       0x1c build/stm32g0xx_hal_uart.o
 .text.HAL_UART_RxCpltCallback
                0x080048bc        0x2 build/stm32g0xx_hal_uart.o
                0x080048bc                HAL_UART_RxCpltCallback
 *fill*         0x080048be        0x2 
 .text.UART_DMAReceiveCplt
                0x080048c0       0x44 build/stm32g0xx_hal_uart.o
 .text.HAL_UART_RxHalfCpltCallback
                0x08004904        0x2 build/stm32g0xx_hal_uart.o
                0x08004904                HAL_UART_RxHalfCpltCallback
 .text.UART_DMARxHalfCplt
                0x08004906        0xa build/stm32g0xx_hal_uart.o
 .text.HAL_UART_ErrorCallback
                0x08004910        0x2 build/stm32g0xx_hal_uart.o
                0x08004910                HAL_UART_ErrorCallback
 .text.UART_DMAError
                0x08004912       0x52 build/stm32g0xx_hal_uart.o
 .text.HAL_UART_IRQHandler
                0x08004964      0x184 build/stm32g0xx_hal_uart.o
                0x08004964                HAL_UART_IRQHandler
 .text.UART_DMAAbortOnError
                0x08004ae8       0x14 build/stm32g0xx_hal_uart.o
 .text.UART_SetConfig
                0x08004afc      0xc38 build/stm32g0xx_hal_uart.o
                0x08004afc                UART_SetConfig
 .text.UART_AdvFeatureConfig
                0x08005734       0xe0 build/stm32g0xx_hal_uart.o
                0x08005734                UART_AdvFeatureConfig
 .text.UART_WaitOnFlagUntilTimeout
                0x08005814       0x6c build/stm32g0xx_hal_uart.o
                0x08005814                UART_WaitOnFlagUntilTimeout
 .text.HAL_UART_Transmit
                0x08005880       0xf4 build/stm32g0xx_hal_uart.o
                0x08005880                HAL_UART_Transmit
 .text.UART_CheckIdleState
                0x08005974       0x70 build/stm32g0xx_hal_uart.o
                0x08005974                UART_CheckIdleState
 .text.HAL_UART_Init
                0x080059e4       0x70 build/stm32g0xx_hal_uart.o
                0x080059e4                HAL_UART_Init
 .text.UARTEx_SetNbDataToProcess
                0x08005a54       0x64 build/stm32g0xx_hal_uart_ex.o
 .text.HAL_UARTEx_WakeupCallback
                0x08005ab8        0x2 build/stm32g0xx_hal_uart_ex.o
                0x08005ab8                HAL_UARTEx_WakeupCallback
 .text.HAL_UARTEx_RxFifoFullCallback
                0x08005aba        0x2 build/stm32g0xx_hal_uart_ex.o
                0x08005aba                HAL_UARTEx_RxFifoFullCallback
 .text.HAL_UARTEx_TxFifoEmptyCallback
                0x08005abc        0x2 build/stm32g0xx_hal_uart_ex.o
                0x08005abc                HAL_UARTEx_TxFifoEmptyCallback
 *fill*         0x08005abe        0x2 
 .text.HAL_UARTEx_DisableFifoMode
                0x08005ac0       0x40 build/stm32g0xx_hal_uart_ex.o
                0x08005ac0                HAL_UARTEx_DisableFifoMode
 .text.HAL_UARTEx_SetTxFifoThreshold
                0x08005b00       0x48 build/stm32g0xx_hal_uart_ex.o
                0x08005b00                HAL_UARTEx_SetTxFifoThreshold
 .text.HAL_UARTEx_SetRxFifoThreshold
                0x08005b48       0x4c build/stm32g0xx_hal_uart_ex.o
                0x08005b48                HAL_UARTEx_SetRxFifoThreshold
 .text.MX_SPI1_Init
                0x08005b94       0x54 build/spi.o
                0x08005b94                MX_SPI1_Init
 .text.MX_SPI2_Init
                0x08005be8       0x50 build/spi.o
                0x08005be8                MX_SPI2_Init
 .text.HAL_SPI_MspInit
                0x08005c38       0xd8 build/spi.o
                0x08005c38                HAL_SPI_MspInit
 .text.HAL_SPI_MspDeInit
                0x08005d10       0x5c build/spi.o
                0x08005d10                HAL_SPI_MspDeInit
 .text.ADC_DATA_READY_EXTI_Init
                0x08005d6c       0x50 build/spi.o
                0x08005d6c                ADC_DATA_READY_EXTI_Init
 .text.ADC_DATA_READY_EXTI_deInit
                0x08005dbc       0x18 build/spi.o
                0x08005dbc                ADC_DATA_READY_EXTI_deInit
 .text.ADC_SPI_WRITE_8
                0x08005dd4       0x30 build/ADC.o
                0x08005dd4                ADC_SPI_WRITE_8
 .text.ADC_SPI_WRITE_16
                0x08005e04       0x2c build/ADC.o
                0x08005e04                ADC_SPI_WRITE_16
 .text.ADC_SPI_READ_16
                0x08005e30       0x28 build/ADC.o
                0x08005e30                ADC_SPI_READ_16
 .text.ADC_SPI_READ_24
                0x08005e58       0x38 build/ADC.o
                0x08005e58                ADC_SPI_READ_24
 .text.ADC_SPI_READ_8
                0x08005e90       0x2c build/ADC.o
                0x08005e90                ADC_SPI_READ_8
 .text.ADC_CMD  0x08005ebc        0xe build/ADC.o
                0x08005ebc                ADC_CMD
 *fill*         0x08005eca        0x2 
 .text.ADC_ID   0x08005ecc       0x30 build/ADC.o
                0x08005ecc                ADC_ID
 .text.ADC_update
                0x08005efc       0x90 build/ADC.o
                0x08005efc                ADC_update
 .text.ADC_config
                0x08005f8c       0x70 build/ADC.o
                0x08005f8c                ADC_config
 .text.ADC_reset
                0x08005ffc       0x58 build/ADC.o
                0x08005ffc                ADC_reset
 .text.DAC_SPI_WRITE_24
                0x08006054       0x24 build/DAC.o
                0x08006054                DAC_SPI_WRITE_24
 .text.DAC_reset
                0x08006078       0x40 build/DAC.o
                0x08006078                DAC_reset
 .text.DAC_cmd  0x080060b8       0x50 build/DAC.o
                0x080060b8                DAC_cmd
 .text.DAC_test
                0x08006108       0xa4 build/DAC.o
                0x08006108                DAC_test
 .text.SPI_WaitFlagStateUntilTimeout
                0x080061ac       0x9c build/stm32g0xx_hal_spi.o
 .text.SPI_WaitFifoStateUntilTimeout
                0x08006248       0xa8 build/stm32g0xx_hal_spi.o
 .text.SPI_EndRxTxTransaction
                0x080062f0       0x68 build/stm32g0xx_hal_spi.o
 .text.SPI_EndRxTransaction
                0x08006358       0x90 build/stm32g0xx_hal_spi.o
 .text.HAL_SPI_Init
                0x080063e8       0xcc build/stm32g0xx_hal_spi.o
                0x080063e8                HAL_SPI_Init
 .text.HAL_SPI_Transmit
                0x080064b4      0x1e0 build/stm32g0xx_hal_spi.o
                0x080064b4                HAL_SPI_Transmit
 .text.HAL_SPI_TransmitReceive
                0x08006694      0x2d0 build/stm32g0xx_hal_spi.o
                0x08006694                HAL_SPI_TransmitReceive
 .text.HAL_SPI_Receive
                0x08006964      0x19c build/stm32g0xx_hal_spi.o
                0x08006964                HAL_SPI_Receive
 .text.HAL_SPI_ErrorCallback
                0x08006b00        0x2 build/stm32g0xx_hal_spi.o
                0x08006b00                HAL_SPI_ErrorCallback
 *fill*         0x08006b02        0x2 
 .text.HAL_SPI_IRQHandler
                0x08006b04      0x11c build/stm32g0xx_hal_spi.o
                0x08006b04                HAL_SPI_IRQHandler
 .text.SPI_DMAAbortOnError
                0x08006c20       0x12 build/stm32g0xx_hal_spi.o
 *fill*         0x08006c32        0x2 
 .text.MX_DMA_Init
                0x08006c34       0x30 build/dma.o
                0x08006c34                MX_DMA_Init
 .text.Reset_Handler
                0x08006c64       0x50 build/startup_stm32g071xx.o
                0x08006c64                Reset_Handler
 .text.Default_Handler
                0x08006cb4        0x2 build/startup_stm32g071xx.o
                0x08006cb4                USART3_4_LPUART1_IRQHandler
                0x08006cb4                TIM1_CC_IRQHandler
                0x08006cb4                ADC1_COMP_IRQHandler
                0x08006cb4                PVD_IRQHandler
                0x08006cb4                I2C1_IRQHandler
                0x08006cb4                TIM7_LPTIM2_IRQHandler
                0x08006cb4                RTC_TAMP_IRQHandler
                0x08006cb4                SPI1_IRQHandler
                0x08006cb4                EXTI2_3_IRQHandler
                0x08006cb4                I2C2_IRQHandler
                0x08006cb4                TIM17_IRQHandler
                0x08006cb4                TIM16_IRQHandler
                0x08006cb4                TIM3_IRQHandler
                0x08006cb4                Default_Handler
                0x08006cb4                CEC_IRQHandler
                0x08006cb4                TIM14_IRQHandler
                0x08006cb4                TIM15_IRQHandler
                0x08006cb4                EXTI0_1_IRQHandler
                0x08006cb4                WWDG_IRQHandler
                0x08006cb4                TIM2_IRQHandler
                0x08006cb4                DMA1_Ch4_7_DMAMUX1_OVR_IRQHandler
                0x08006cb4                DMA1_Channel2_3_IRQHandler
                0x08006cb4                UCPD1_2_IRQHandler
                0x08006cb4                USART1_IRQHandler
                0x08006cb4                TIM1_BRK_UP_TRG_COM_IRQHandler
 *fill*         0x08006cb6        0x2 
 .text.__libc_init_array
                0x08006cb8       0x48 c:/gnu tools arm embedded/bin/../lib/gcc/arm-none-eabi/9.2.1/../../../../arm-none-eabi/lib/thumb/v6-m/nofp\libc_nano.a(lib_a-init.o)
                0x08006cb8                __libc_init_array
 .text.memcpy   0x08006d00       0x12 c:/gnu tools arm embedded/bin/../lib/gcc/arm-none-eabi/9.2.1/../../../../arm-none-eabi/lib/thumb/v6-m/nofp\libc_nano.a(lib_a-memcpy-stub.o)
                0x08006d00                memcpy
 .text.memset   0x08006d12       0x10 c:/gnu tools arm embedded/bin/../lib/gcc/arm-none-eabi/9.2.1/../../../../arm-none-eabi/lib/thumb/v6-m/nofp\libc_nano.a(lib_a-memset.o)
                0x08006d12                memset
 *fill*         0x08006d22        0x2 
 .text.sprintf  0x08006d24       0x40 c:/gnu tools arm embedded/bin/../lib/gcc/arm-none-eabi/9.2.1/../../../../arm-none-eabi/lib/thumb/v6-m/nofp\libc_nano.a(lib_a-sprintf.o)
                0x08006d24                siprintf
                0x08006d24                sprintf
 .text.__ssputs_r
                0x08006d64       0xc4 c:/gnu tools arm embedded/bin/../lib/gcc/arm-none-eabi/9.2.1/../../../../arm-none-eabi/lib/thumb/v6-m/nofp\libc_nano.a(lib_a-nano-svfprintf.o)
                0x08006d64                __ssputs_r
 .text._svfprintf_r
                0x08006e28      0x200 c:/gnu tools arm embedded/bin/../lib/gcc/arm-none-eabi/9.2.1/../../../../arm-none-eabi/lib/thumb/v6-m/nofp\libc_nano.a(lib_a-nano-svfprintf.o)
                0x08006e28                _svfiprintf_r
                0x08006e28                _svfprintf_r
 .text._printf_common
                0x08007028       0xde c:/gnu tools arm embedded/bin/../lib/gcc/arm-none-eabi/9.2.1/../../../../arm-none-eabi/lib/thumb/v6-m/nofp\libc_nano.a(lib_a-nano-vfprintf_i.o)
                0x08007028                _printf_common
 *fill*         0x08007106        0x2 
 .text._printf_i
                0x08007108      0x224 c:/gnu tools arm embedded/bin/../lib/gcc/arm-none-eabi/9.2.1/../../../../arm-none-eabi/lib/thumb/v6-m/nofp\libc_nano.a(lib_a-nano-vfprintf_i.o)
                0x08007108                _printf_i
 .text.memchr   0x0800732c       0x16 c:/gnu tools arm embedded/bin/../lib/gcc/arm-none-eabi/9.2.1/../../../../arm-none-eabi/lib/thumb/v6-m/nofp\libc_nano.a(lib_a-memchr-stub.o)
                0x0800732c                memchr
 .text.memmove  0x08007342       0x26 c:/gnu tools arm embedded/bin/../lib/gcc/arm-none-eabi/9.2.1/../../../../arm-none-eabi/lib/thumb/v6-m/nofp\libc_nano.a(lib_a-memmove.o)
                0x08007342                memmove
 .text._free_r  0x08007368       0x94 c:/gnu tools arm embedded/bin/../lib/gcc/arm-none-eabi/9.2.1/../../../../arm-none-eabi/lib/thumb/v6-m/nofp\libc_nano.a(lib_a-nano-freer.o)
                0x08007368                _free_r
 .text._malloc_r
                0x080073fc       0xbc c:/gnu tools arm embedded/bin/../lib/gcc/arm-none-eabi/9.2.1/../../../../arm-none-eabi/lib/thumb/v6-m/nofp\libc_nano.a(lib_a-nano-mallocr.o)
                0x080073fc                _malloc_r
 .text._realloc_r
                0x080074b8       0x4c c:/gnu tools arm embedded/bin/../lib/gcc/arm-none-eabi/9.2.1/../../../../arm-none-eabi/lib/thumb/v6-m/nofp\libc_nano.a(lib_a-nano-reallocr.o)
                0x080074b8                _realloc_r
 .text._sbrk_r  0x08007504       0x24 c:/gnu tools arm embedded/bin/../lib/gcc/arm-none-eabi/9.2.1/../../../../arm-none-eabi/lib/thumb/v6-m/nofp\libc_nano.a(lib_a-sbrkr.o)
                0x08007504                _sbrk_r
 .text.__malloc_lock
                0x08007528       0x10 c:/gnu tools arm embedded/bin/../lib/gcc/arm-none-eabi/9.2.1/../../../../arm-none-eabi/lib/thumb/v6-m/nofp\libc_nano.a(lib_a-mlock.o)
                0x08007528                __malloc_lock
 .text.__malloc_unlock
                0x08007538       0x10 c:/gnu tools arm embedded/bin/../lib/gcc/arm-none-eabi/9.2.1/../../../../arm-none-eabi/lib/thumb/v6-m/nofp\libc_nano.a(lib_a-mlock.o)
                0x08007538                __malloc_unlock
 .text._malloc_usable_size_r
                0x08007548       0x10 c:/gnu tools arm embedded/bin/../lib/gcc/arm-none-eabi/9.2.1/../../../../arm-none-eabi/lib/thumb/v6-m/nofp\libc_nano.a(lib_a-nano-msizer.o)
                0x08007548                _malloc_usable_size_r
 .text.__retarget_lock_acquire_recursive
                0x08007558        0x2 c:/gnu tools arm embedded/bin/../lib/gcc/arm-none-eabi/9.2.1/../../../../arm-none-eabi/lib/thumb/v6-m/nofp\libc_nano.a(lib_a-lock.o)
                0x08007558                __retarget_lock_acquire_recursive
 .text.__retarget_lock_release_recursive
                0x0800755a        0x2 c:/gnu tools arm embedded/bin/../lib/gcc/arm-none-eabi/9.2.1/../../../../arm-none-eabi/lib/thumb/v6-m/nofp\libc_nano.a(lib_a-lock.o)
                0x0800755a                __retarget_lock_release_recursive
 .text._sbrk    0x0800755c       0x1c c:/gnu tools arm embedded/bin/../lib/gcc/arm-none-eabi/9.2.1/../../../../arm-none-eabi/lib/thumb/v6-m/nofp\libnosys.a(sbrk.o)
                0x0800755c                _sbrk
 *(.glue_7)
 .glue_7        0x08007578        0x0 linker stubs
 *(.glue_7t)
 .glue_7t       0x08007578        0x0 linker stubs
 *(.eh_frame)
 .eh_frame      0x08007578        0x0 c:/gnu tools arm embedded/bin/../lib/gcc/arm-none-eabi/9.2.1/thumb/v6-m/nofp/crtbegin.o
 *(.init)
 .init          0x08007578        0x4 c:/gnu tools arm embedded/bin/../lib/gcc/arm-none-eabi/9.2.1/thumb/v6-m/nofp/crti.o
                0x08007578                _init
 .init          0x0800757c        0x8 c:/gnu tools arm embedded/bin/../lib/gcc/arm-none-eabi/9.2.1/thumb/v6-m/nofp/crtn.o
 *(.fini)
 .fini          0x08007584        0x4 c:/gnu tools arm embedded/bin/../lib/gcc/arm-none-eabi/9.2.1/thumb/v6-m/nofp/crti.o
                0x08007584                _fini
 .fini          0x08007588        0x8 c:/gnu tools arm embedded/bin/../lib/gcc/arm-none-eabi/9.2.1/thumb/v6-m/nofp/crtn.o
                0x08007590                . = ALIGN (0x4)
                0x08007590                _etext = .

.vfp11_veneer   0x08007590        0x0
 .vfp11_veneer  0x08007590        0x0 linker stubs

.v4_bx          0x08007590        0x0
 .v4_bx         0x08007590        0x0 linker stubs

.iplt           0x08007590        0x0
 .iplt          0x08007590        0x0 c:/gnu tools arm embedded/bin/../lib/gcc/arm-none-eabi/9.2.1/thumb/v6-m/nofp/crtbegin.o

.rodata         0x08007590      0x6fc
                0x08007590                . = ALIGN (0x4)
 *(.rodata)
 .rodata        0x08007590       0x80 build/PID.o
 .rodata        0x08007610       0x10 build/stm32g0xx_hal_uart_ex.o
 .rodata        0x08007620        0x3 build/ADC.o
 *(.rodata*)
 *fill*         0x08007623        0x1 
 .rodata.main.str1.4
                0x08007624       0x26 build/main.o
 *fill*         0x0800764a        0x2 
 .rodata.AHBPrescTable
                0x0800764c       0x40 build/system_stm32g0xx.o
                0x0800764c                AHBPrescTable
 .rodata.APBPrescTable
                0x0800768c       0x20 build/system_stm32g0xx.o
                0x0800768c                APBPrescTable
 .rodata.CHECK_IF_END.str1.4
                0x080076ac        0xe build/usart.o
 *fill*         0x080076ba        0x2 
 .rodata.cmd.str1.4
                0x080076bc      0x373 build/cmd.o
                                0x37b (size before relaxing)
 *fill*         0x08007a2f        0x1 
 .rodata.cmd    0x08007a30       0x30 build/cmd.o
 .rodata.Calib.str1.4
                0x08007a60      0x119 build/PID.o
 *fill*         0x08007b79        0x3 
 .rodata.PID352.str1.4
                0x08007b7c       0x45 build/PID.o
 *fill*         0x08007bc1        0x3 
 .rodata.PID704.str1.4
                0x08007bc4       0x35 build/PID.o
 *fill*         0x08007bf9        0x3 
 .rodata.UART_PARSE.str1.4
                0x08007bfc       0x5d build/usart_utils.o
 .rodata.ADC_SPI_WRITE_8.str1.4
                0x08007c59       0x5d build/ADC.o
                                  0x1 (size before relaxing)
 .rodata.DAC_test.str1.4
                0x08007c59       0x5d build/DAC.o
                                  0x8 (size before relaxing)
 .rodata._svfprintf_r.str1.1
                0x08007c59       0x11 c:/gnu tools arm embedded/bin/../lib/gcc/arm-none-eabi/9.2.1/../../../../arm-none-eabi/lib/thumb/v6-m/nofp\libc_nano.a(lib_a-nano-svfprintf.o)
 .rodata._printf_i.str1.1
                0x08007c6a       0x22 c:/gnu tools arm embedded/bin/../lib/gcc/arm-none-eabi/9.2.1/../../../../arm-none-eabi/lib/thumb/v6-m/nofp\libc_nano.a(lib_a-nano-vfprintf_i.o)
                0x08007cb8                . = ALIGN (0x4)

.ARM.extab
 *(.ARM.extab* .gnu.linkonce.armextab.*)

.ARM            0x08007c8c        0x8
                0x08007c8c                __exidx_start = .
 *(.ARM.exidx*)
 .ARM.exidx     0x08007c8c        0x8 c:/gnu tools arm embedded/bin/../lib/gcc/arm-none-eabi/9.2.1/thumb/v6-m/nofp\libgcc.a(_udivmoddi4.o)
 .ARM.exidx     0x08007c94        0x0 c:/gnu tools arm embedded/bin/../lib/gcc/arm-none-eabi/9.2.1/thumb/v6-m/nofp\libgcc.a(_divdi3.o)
                                  0x8 (size before relaxing)
                0x08007c94                __exidx_end = .

.rel.dyn        0x08007c94        0x0
 .rel.iplt      0x08007c94        0x0 c:/gnu tools arm embedded/bin/../lib/gcc/arm-none-eabi/9.2.1/thumb/v6-m/nofp/crtbegin.o

.preinit_array  0x08007c94        0x0
                0x08007c94                PROVIDE (__preinit_array_start = .)
 *(.preinit_array*)
                0x08007c94                PROVIDE (__preinit_array_end = .)

.init_array     0x08007c94        0x4
                0x08007c94                PROVIDE (__init_array_start = .)
 *(SORT_BY_NAME(.init_array.*))
 *(.init_array*)
 .init_array    0x08007c94        0x4 c:/gnu tools arm embedded/bin/../lib/gcc/arm-none-eabi/9.2.1/thumb/v6-m/nofp/crtbegin.o
                0x08007c98                PROVIDE (__init_array_end = .)

.fini_array     0x08007c98        0x4
                [!provide]                PROVIDE (__fini_array_start = .)
 *(SORT_BY_NAME(.fini_array.*))
 *(.fini_array*)
 .fini_array    0x08007c98        0x4 c:/gnu tools arm embedded/bin/../lib/gcc/arm-none-eabi/9.2.1/thumb/v6-m/nofp/crtbegin.o
                [!provide]                PROVIDE (__fini_array_end = .)
                0x08007c9c                _sidata = LOADADDR (.data)

.data           0x20000000       0x70 load address 0x08007c9c
                0x20000000                . = ALIGN (0x4)
                0x20000000                _sdata = .
 *(.data)
 *(.data*)
 .data.uwTickFreq
                0x20000000        0x4 build/stm32g0xx_hal.o
                0x20000000                uwTickFreq
 .data.uwTickPrio
                0x20000004        0x4 build/stm32g0xx_hal.o
                0x20000004                uwTickPrio
 .data.SystemCoreClock
                0x20000008        0x4 build/system_stm32g0xx.o
                0x20000008                SystemCoreClock
 .data._impure_ptr
                0x2000000c        0x4 c:/gnu tools arm embedded/bin/../lib/gcc/arm-none-eabi/9.2.1/../../../../arm-none-eabi/lib/thumb/v6-m/nofp\libc_nano.a(lib_a-impure.o)
                0x2000000c                _impure_ptr
 .data.impure_data
                0x20000010       0x60 c:/gnu tools arm embedded/bin/../lib/gcc/arm-none-eabi/9.2.1/../../../../arm-none-eabi/lib/thumb/v6-m/nofp\libc_nano.a(lib_a-impure.o)
                0x20000070                . = ALIGN (0x4)
                0x20000070                _edata = .

.igot.plt       0x20000070        0x0 load address 0x08007d0c
 .igot.plt      0x20000070        0x0 c:/gnu tools arm embedded/bin/../lib/gcc/arm-none-eabi/9.2.1/thumb/v6-m/nofp/crtbegin.o
                0x20000070                . = ALIGN (0x4)

.bss            0x20000070      0x7b0 load address 0x08007d0c
                0x20000070                _sbss = .
                0x20000070                __bss_start__ = _sbss
 *(.bss)
 .bss           0x20000070       0x1c c:/gnu tools arm embedded/bin/../lib/gcc/arm-none-eabi/9.2.1/thumb/v6-m/nofp/crtbegin.o
 *(.bss*)
 *fill*         0x2000008c        0x4 
 .bss.State     0x20000090      0x570 build/main.o
                0x20000090                State
 .bss.pFlash    0x20000600       0x18 build/stm32g0xx_hal_flash.o
                0x20000600                pFlash
 .bss.__malloc_free_list
                0x20000618        0x4 c:/gnu tools arm embedded/bin/../lib/gcc/arm-none-eabi/9.2.1/../../../../arm-none-eabi/lib/thumb/v6-m/nofp\libc_nano.a(lib_a-nano-mallocr.o)
                0x20000618                __malloc_free_list
 .bss.__malloc_sbrk_start
                0x2000061c        0x4 c:/gnu tools arm embedded/bin/../lib/gcc/arm-none-eabi/9.2.1/../../../../arm-none-eabi/lib/thumb/v6-m/nofp\libc_nano.a(lib_a-nano-mallocr.o)
                0x2000061c                __malloc_sbrk_start
 .bss.heap_end.4144
                0x20000620        0x4 c:/gnu tools arm embedded/bin/../lib/gcc/arm-none-eabi/9.2.1/../../../../arm-none-eabi/lib/thumb/v6-m/nofp\libnosys.a(sbrk.o)
 *(COMMON)
 COMMON         0x20000624        0x4 build/stm32g0xx_hal.o
                0x20000624                uwTick
 COMMON         0x20000628       0x38 build/lptim.o
                0x20000628                hlptim1
 COMMON         0x20000660       0xe8 build/usart.o
                0x20000660                hdma_usart2_rx
                0x200006bc                huart2
 COMMON         0x20000748       0xc8 build/spi.o
                0x20000748                hspi2
                0x200007ac                hspi1
 COMMON         0x20000810        0x4 c:/gnu tools arm embedded/bin/../lib/gcc/arm-none-eabi/9.2.1/../../../../arm-none-eabi/lib/thumb/v6-m/nofp\libc_nano.a(lib_a-reent.o)
                0x20000810                errno
 COMMON         0x20000814        0x9 c:/gnu tools arm embedded/bin/../lib/gcc/arm-none-eabi/9.2.1/../../../../arm-none-eabi/lib/thumb/v6-m/nofp\libc_nano.a(lib_a-lock.o)
                0x20000814                __lock___atexit_recursive_mutex
                0x20000815                __lock___arc4random_mutex
                0x20000816                __lock___env_recursive_mutex
                0x20000817                __lock___sinit_recursive_mutex
                0x20000818                __lock___malloc_recursive_mutex
                0x20000819                __lock___at_quick_exit_mutex
                0x2000081a                __lock___dd_hash_mutex
                0x2000081b                __lock___tz_mutex
                0x2000081c                __lock___sfp_recursive_mutex
                0x20000820                . = ALIGN (0x4)
 *fill*         0x2000081d        0x3 
                0x20000820                _ebss = .
                0x20000820                __bss_end__ = _ebss

._user_heap_stack
                0x20000820      0x600 load address 0x08007d0c
                0x20000820                . = ALIGN (0x8)
                0x20000820                PROVIDE (end = .)
                [!provide]                PROVIDE (_end = .)
                0x20000a20                . = (. + _Min_Heap_Size)
 *fill*         0x20000820      0x200 
                0x20000e20                . = (. + _Min_Stack_Size)
 *fill*         0x20000a20      0x400 
                0x20000e20                . = ALIGN (0x8)

/DISCARD/
 libc.a(*)
 libm.a(*)
 libgcc.a(*)

.ARM.attributes
                0x00000000       0x28
 *(.ARM.attributes)
 .ARM.attributes
                0x00000000       0x1e c:/gnu tools arm embedded/bin/../lib/gcc/arm-none-eabi/9.2.1/thumb/v6-m/nofp/crti.o
 .ARM.attributes
                0x0000001e       0x2c c:/gnu tools arm embedded/bin/../lib/gcc/arm-none-eabi/9.2.1/thumb/v6-m/nofp/crtbegin.o
 .ARM.attributes
                0x0000004a       0x2c build/main.o
 .ARM.attributes
                0x00000076       0x2c build/gpio.o
 .ARM.attributes
                0x000000a2       0x2c build/stm32g0xx_it.o
 .ARM.attributes
                0x000000ce       0x2c build/stm32g0xx_hal_msp.o
 .ARM.attributes
                0x000000fa       0x32 build/stm32g0xx_hal_gpio.o
 .ARM.attributes
                0x0000012c       0x32 build/stm32g0xx_hal_rcc.o
 .ARM.attributes
                0x0000015e       0x32 build/stm32g0xx_hal_rcc_ex.o
 .ARM.attributes
                0x00000190       0x32 build/stm32g0xx_hal_flash.o
 .ARM.attributes
                0x000001c2       0x32 build/stm32g0xx_hal_flash_ex.o
 .ARM.attributes
                0x000001f4       0x32 build/stm32g0xx_hal_dma.o
 .ARM.attributes
                0x00000226       0x32 build/stm32g0xx_hal_pwr_ex.o
 .ARM.attributes
                0x00000258       0x32 build/stm32g0xx_hal_cortex.o
 .ARM.attributes
                0x0000028a       0x32 build/stm32g0xx_hal.o
 .ARM.attributes
                0x000002bc       0x32 build/system_stm32g0xx.o
 .ARM.attributes
                0x000002ee       0x2c build/lptim.o
 .ARM.attributes
                0x0000031a       0x2c build/usart.o
 .ARM.attributes
                0x00000346       0x2c build/cmd.o
 .ARM.attributes
                0x00000372       0x2c build/Filter.o
 .ARM.attributes
                0x0000039e       0x2c build/PID.o
 .ARM.attributes
                0x000003ca       0x2c build/usart_utils.o
 .ARM.attributes
                0x000003f6       0x32 build/stm32g0xx_hal_lptim.o
 .ARM.attributes
                0x00000428       0x32 build/stm32g0xx_hal_uart.o
 .ARM.attributes
                0x0000045a       0x32 build/stm32g0xx_hal_uart_ex.o
 .ARM.attributes
                0x0000048c       0x2c build/spi.o
 .ARM.attributes
                0x000004b8       0x2c build/ADC.o
 .ARM.attributes
                0x000004e4       0x2c build/DAC.o
 .ARM.attributes
                0x00000510       0x32 build/stm32g0xx_hal_spi.o
 .ARM.attributes
                0x00000542       0x2c build/dma.o
 .ARM.attributes
                0x0000056e       0x21 build/startup_stm32g071xx.o
 .ARM.attributes
                0x0000058f       0x2c c:/gnu tools arm embedded/bin/../lib/gcc/arm-none-eabi/9.2.1/../../../../arm-none-eabi/lib/thumb/v6-m/nofp\libc_nano.a(lib_a-impure.o)
 .ARM.attributes
                0x000005bb       0x2c c:/gnu tools arm embedded/bin/../lib/gcc/arm-none-eabi/9.2.1/../../../../arm-none-eabi/lib/thumb/v6-m/nofp\libc_nano.a(lib_a-init.o)
 .ARM.attributes
                0x000005e7       0x2c c:/gnu tools arm embedded/bin/../lib/gcc/arm-none-eabi/9.2.1/../../../../arm-none-eabi/lib/thumb/v6-m/nofp\libc_nano.a(lib_a-memcpy-stub.o)
 .ARM.attributes
                0x00000613       0x2c c:/gnu tools arm embedded/bin/../lib/gcc/arm-none-eabi/9.2.1/../../../../arm-none-eabi/lib/thumb/v6-m/nofp\libc_nano.a(lib_a-memset.o)
 .ARM.attributes
                0x0000063f       0x2c c:/gnu tools arm embedded/bin/../lib/gcc/arm-none-eabi/9.2.1/../../../../arm-none-eabi/lib/thumb/v6-m/nofp\libc_nano.a(lib_a-sprintf.o)
 .ARM.attributes
                0x0000066b       0x1c c:/gnu tools arm embedded/bin/../lib/gcc/arm-none-eabi/9.2.1/../../../../arm-none-eabi/lib/thumb/v6-m/nofp\libc_nano.a(lib_a-strcmp.o)
 .ARM.attributes
                0x00000687       0x2c c:/gnu tools arm embedded/bin/../lib/gcc/arm-none-eabi/9.2.1/../../../../arm-none-eabi/lib/thumb/v6-m/nofp\libc_nano.a(lib_a-nano-svfprintf.o)
 .ARM.attributes
                0x000006b3       0x2c c:/gnu tools arm embedded/bin/../lib/gcc/arm-none-eabi/9.2.1/../../../../arm-none-eabi/lib/thumb/v6-m/nofp\libc_nano.a(lib_a-nano-vfprintf_i.o)
 .ARM.attributes
                0x000006df       0x2c c:/gnu tools arm embedded/bin/../lib/gcc/arm-none-eabi/9.2.1/../../../../arm-none-eabi/lib/thumb/v6-m/nofp\libc_nano.a(lib_a-memchr-stub.o)
 .ARM.attributes
                0x0000070b       0x2c c:/gnu tools arm embedded/bin/../lib/gcc/arm-none-eabi/9.2.1/../../../../arm-none-eabi/lib/thumb/v6-m/nofp\libc_nano.a(lib_a-memmove.o)
 .ARM.attributes
                0x00000737       0x2c c:/gnu tools arm embedded/bin/../lib/gcc/arm-none-eabi/9.2.1/../../../../arm-none-eabi/lib/thumb/v6-m/nofp\libc_nano.a(lib_a-nano-freer.o)
 .ARM.attributes
                0x00000763       0x2c c:/gnu tools arm embedded/bin/../lib/gcc/arm-none-eabi/9.2.1/../../../../arm-none-eabi/lib/thumb/v6-m/nofp\libc_nano.a(lib_a-nano-mallocr.o)
 .ARM.attributes
                0x0000078f       0x2c c:/gnu tools arm embedded/bin/../lib/gcc/arm-none-eabi/9.2.1/../../../../arm-none-eabi/lib/thumb/v6-m/nofp\libc_nano.a(lib_a-nano-reallocr.o)
 .ARM.attributes
                0x000007bb       0x2c c:/gnu tools arm embedded/bin/../lib/gcc/arm-none-eabi/9.2.1/../../../../arm-none-eabi/lib/thumb/v6-m/nofp\libc_nano.a(lib_a-sbrkr.o)
 .ARM.attributes
                0x000007e7       0x2c c:/gnu tools arm embedded/bin/../lib/gcc/arm-none-eabi/9.2.1/../../../../arm-none-eabi/lib/thumb/v6-m/nofp\libc_nano.a(lib_a-mlock.o)
 .ARM.attributes
                0x00000813       0x2c c:/gnu tools arm embedded/bin/../lib/gcc/arm-none-eabi/9.2.1/../../../../arm-none-eabi/lib/thumb/v6-m/nofp\libc_nano.a(lib_a-nano-msizer.o)
 .ARM.attributes
                0x0000083f       0x2c c:/gnu tools arm embedded/bin/../lib/gcc/arm-none-eabi/9.2.1/../../../../arm-none-eabi/lib/thumb/v6-m/nofp\libc_nano.a(lib_a-reent.o)
 .ARM.attributes
                0x0000086b       0x2c c:/gnu tools arm embedded/bin/../lib/gcc/arm-none-eabi/9.2.1/../../../../arm-none-eabi/lib/thumb/v6-m/nofp\libc_nano.a(lib_a-lock.o)
 .ARM.attributes
                0x00000897       0x2c c:/gnu tools arm embedded/bin/../lib/gcc/arm-none-eabi/9.2.1/../../../../arm-none-eabi/lib/thumb/v6-m/nofp\libnosys.a(sbrk.o)
 .ARM.attributes
                0x000008c3       0x1e c:/gnu tools arm embedded/bin/../lib/gcc/arm-none-eabi/9.2.1/thumb/v6-m/nofp\libgcc.a(_thumb1_case_shi.o)
 .ARM.attributes
                0x000008e1       0x1e c:/gnu tools arm embedded/bin/../lib/gcc/arm-none-eabi/9.2.1/thumb/v6-m/nofp\libgcc.a(_udivsi3.o)
 .ARM.attributes
                0x000008ff       0x1e c:/gnu tools arm embedded/bin/../lib/gcc/arm-none-eabi/9.2.1/thumb/v6-m/nofp\libgcc.a(_divsi3.o)
 .ARM.attributes
                0x0000091d       0x1e c:/gnu tools arm embedded/bin/../lib/gcc/arm-none-eabi/9.2.1/thumb/v6-m/nofp\libgcc.a(_dvmd_tls.o)
 .ARM.attributes
                0x0000093b       0x1e c:/gnu tools arm embedded/bin/../lib/gcc/arm-none-eabi/9.2.1/thumb/v6-m/nofp\libgcc.a(_aeabi_ldivmod.o)
 .ARM.attributes
                0x00000959       0x1e c:/gnu tools arm embedded/bin/../lib/gcc/arm-none-eabi/9.2.1/thumb/v6-m/nofp\libgcc.a(_aeabi_uldivmod.o)
 .ARM.attributes
                0x00000977       0x2c c:/gnu tools arm embedded/bin/../lib/gcc/arm-none-eabi/9.2.1/thumb/v6-m/nofp\libgcc.a(_muldi3.o)
 .ARM.attributes
                0x000009a3       0x2c c:/gnu tools arm embedded/bin/../lib/gcc/arm-none-eabi/9.2.1/thumb/v6-m/nofp\libgcc.a(_udivmoddi4.o)
 .ARM.attributes
                0x000009cf       0x2c c:/gnu tools arm embedded/bin/../lib/gcc/arm-none-eabi/9.2.1/thumb/v6-m/nofp\libgcc.a(bpabi.o)
 .ARM.attributes
                0x000009fb       0x1e c:/gnu tools arm embedded/bin/../lib/gcc/arm-none-eabi/9.2.1/thumb/v6-m/nofp\libgcc.a(_clzdi2.o)
 .ARM.attributes
                0x00000a19       0x2c c:/gnu tools arm embedded/bin/../lib/gcc/arm-none-eabi/9.2.1/thumb/v6-m/nofp\libgcc.a(_divdi3.o)
 .ARM.attributes
                0x00000a45       0x1e c:/gnu tools arm embedded/bin/../lib/gcc/arm-none-eabi/9.2.1/thumb/v6-m/nofp\libgcc.a(_clzsi2.o)
 .ARM.attributes
                0x00000a63       0x1e c:/gnu tools arm embedded/bin/../lib/gcc/arm-none-eabi/9.2.1/thumb/v6-m/nofp/crtn.o
OUTPUT(build/stm32-vs.elf elf32-littlearm)

.debug_info     0x00000000    0x2836b
 .debug_info    0x00000000     0x26e6 build/main.o
 .debug_info    0x000026e6     0x189c build/gpio.o
 .debug_info    0x00003f82     0x1ebe build/stm32g0xx_it.o
 .debug_info    0x00005e40     0x15bc build/stm32g0xx_hal_msp.o
 .debug_info    0x000073fc      0x725 build/stm32g0xx_hal_gpio.o
 .debug_info    0x00007b21      0xdb8 build/stm32g0xx_hal_rcc.o
 .debug_info    0x000088d9      0xa29 build/stm32g0xx_hal_rcc_ex.o
 .debug_info    0x00009302      0x82e build/stm32g0xx_hal_flash.o
 .debug_info    0x00009b30      0xb03 build/stm32g0xx_hal_flash_ex.o
 .debug_info    0x0000a633      0xa78 build/stm32g0xx_hal_dma.o
 .debug_info    0x0000b0ab      0x70a build/stm32g0xx_hal_pwr_ex.o
 .debug_info    0x0000b7b5      0xad7 build/stm32g0xx_hal_cortex.o
 .debug_info    0x0000c28c      0xbc9 build/stm32g0xx_hal.o
 .debug_info    0x0000ce55      0x4a1 build/system_stm32g0xx.o
 .debug_info    0x0000d2f6     0x1913 build/lptim.o
 .debug_info    0x0000ec09     0x1f07 build/usart.o
 .debug_info    0x00010b10     0x4d21 build/cmd.o
 .debug_info    0x00015831     0x1911 build/Filter.o
 .debug_info    0x00017142     0x291d build/PID.o
 .debug_info    0x00019a5f     0x17c3 build/usart_utils.o
 .debug_info    0x0001b222      0xda2 build/stm32g0xx_hal_lptim.o
 .debug_info    0x0001bfc4     0x2097 build/stm32g0xx_hal_uart.o
 .debug_info    0x0001e05b      0xdcc build/stm32g0xx_hal_uart_ex.o
 .debug_info    0x0001ee27     0x1d05 build/spi.o
 .debug_info    0x00020b2c     0x20d8 build/ADC.o
 .debug_info    0x00022c04     0x1dfe build/DAC.o
 .debug_info    0x00024a02     0x20ea build/stm32g0xx_hal_spi.o
 .debug_info    0x00026aec     0x185d build/dma.o
 .debug_info    0x00028349       0x22 build/startup_stm32g071xx.o

.debug_abbrev   0x00000000     0x4628
 .debug_abbrev  0x00000000      0x320 build/main.o
 .debug_abbrev  0x00000320      0x268 build/gpio.o
 .debug_abbrev  0x00000588      0x28d build/stm32g0xx_it.o
 .debug_abbrev  0x00000815      0x242 build/stm32g0xx_hal_msp.o
 .debug_abbrev  0x00000a57      0x214 build/stm32g0xx_hal_gpio.o
 .debug_abbrev  0x00000c6b      0x277 build/stm32g0xx_hal_rcc.o
 .debug_abbrev  0x00000ee2      0x236 build/stm32g0xx_hal_rcc_ex.o
 .debug_abbrev  0x00001118      0x310 build/stm32g0xx_hal_flash.o
 .debug_abbrev  0x00001428      0x2a9 build/stm32g0xx_hal_flash_ex.o
 .debug_abbrev  0x000016d1      0x26e build/stm32g0xx_hal_dma.o
 .debug_abbrev  0x0000193f      0x204 build/stm32g0xx_hal_pwr_ex.o
 .debug_abbrev  0x00001b43      0x282 build/stm32g0xx_hal_cortex.o
 .debug_abbrev  0x00001dc5      0x279 build/stm32g0xx_hal.o
 .debug_abbrev  0x0000203e      0x146 build/system_stm32g0xx.o
 .debug_abbrev  0x00002184      0x284 build/lptim.o
 .debug_abbrev  0x00002408      0x2eb build/usart.o
 .debug_abbrev  0x000026f3      0x2d8 build/cmd.o
 .debug_abbrev  0x000029cb      0x245 build/Filter.o
 .debug_abbrev  0x00002c10      0x342 build/PID.o
 .debug_abbrev  0x00002f52      0x2a3 build/usart_utils.o
 .debug_abbrev  0x000031f5      0x1fb build/stm32g0xx_hal_lptim.o
 .debug_abbrev  0x000033f0      0x291 build/stm32g0xx_hal_uart.o
 .debug_abbrev  0x00003681      0x24d build/stm32g0xx_hal_uart_ex.o
 .debug_abbrev  0x000038ce      0x296 build/spi.o
 .debug_abbrev  0x00003b64      0x2fc build/ADC.o
 .debug_abbrev  0x00003e60      0x2d2 build/DAC.o
 .debug_abbrev  0x00004132      0x2a2 build/stm32g0xx_hal_spi.o
 .debug_abbrev  0x000043d4      0x242 build/dma.o
 .debug_abbrev  0x00004616       0x12 build/startup_stm32g071xx.o

.debug_loc      0x00000000     0xa953
 .debug_loc     0x00000000       0xd6 build/main.o
 .debug_loc     0x000000d6       0x39 build/gpio.o
 .debug_loc     0x0000010f      0x142 build/stm32g0xx_it.o
 .debug_loc     0x00000251       0x2c build/stm32g0xx_hal_msp.o
 .debug_loc     0x0000027d      0x3aa build/stm32g0xx_hal_gpio.o
 .debug_loc     0x00000627      0x5fd build/stm32g0xx_hal_rcc.o
 .debug_loc     0x00000c24      0x9eb build/stm32g0xx_hal_rcc_ex.o
 .debug_loc     0x0000160f      0x51e build/stm32g0xx_hal_flash.o
 .debug_loc     0x00001b2d      0x721 build/stm32g0xx_hal_flash_ex.o
 .debug_loc     0x0000224e      0x971 build/stm32g0xx_hal_dma.o
 .debug_loc     0x00002bbf      0x2eb build/stm32g0xx_hal_pwr_ex.o
 .debug_loc     0x00002eaa      0x418 build/stm32g0xx_hal_cortex.o
 .debug_loc     0x000032c2      0x2e5 build/stm32g0xx_hal.o
 .debug_loc     0x000035a7       0xb3 build/system_stm32g0xx.o
 .debug_loc     0x0000365a       0xf0 build/lptim.o
 .debug_loc     0x0000374a      0x21c build/usart.o
 .debug_loc     0x00003966      0x840 build/cmd.o
 .debug_loc     0x000041a6       0x87 build/Filter.o
 .debug_loc     0x0000422d      0x932 build/PID.o
 .debug_loc     0x00004b5f       0x9f build/usart_utils.o
 .debug_loc     0x00004bfe      0xb4d build/stm32g0xx_hal_lptim.o
 .debug_loc     0x0000574b     0x22f9 build/stm32g0xx_hal_uart.o
 .debug_loc     0x00007a44      0x671 build/stm32g0xx_hal_uart_ex.o
 .debug_loc     0x000080b5      0x186 build/spi.o
 .debug_loc     0x0000823b      0x36a build/ADC.o
 .debug_loc     0x000085a5      0x17b build/DAC.o
 .debug_loc     0x00008720     0x2207 build/stm32g0xx_hal_spi.o
 .debug_loc     0x0000a927       0x2c build/dma.o

.debug_aranges  0x00000000      0xef8
 .debug_aranges
                0x00000000       0x30 build/main.o
 .debug_aranges
                0x00000030       0x20 build/gpio.o
 .debug_aranges
                0x00000050       0x80 build/stm32g0xx_it.o
 .debug_aranges
                0x000000d0       0x20 build/stm32g0xx_hal_msp.o
 .debug_aranges
                0x000000f0       0x60 build/stm32g0xx_hal_gpio.o
 .debug_aranges
                0x00000150       0x90 build/stm32g0xx_hal_rcc.o
 .debug_aranges
                0x000001e0       0x40 build/stm32g0xx_hal_rcc_ex.o
 .debug_aranges
                0x00000220       0x88 build/stm32g0xx_hal_flash.o
 .debug_aranges
                0x000002a8       0xd0 build/stm32g0xx_hal_flash_ex.o
 .debug_aranges
                0x00000378       0x90 build/stm32g0xx_hal_dma.o
 .debug_aranges
                0x00000408       0xc0 build/stm32g0xx_hal_pwr_ex.o
 .debug_aranges
                0x000004c8       0x90 build/stm32g0xx_hal_cortex.o
 .debug_aranges
                0x00000558      0x120 build/stm32g0xx_hal.o
 .debug_aranges
                0x00000678       0x28 build/system_stm32g0xx.o
 .debug_aranges
                0x000006a0       0x30 build/lptim.o
 .debug_aranges
                0x000006d0       0x40 build/usart.o
 .debug_aranges
                0x00000710       0x20 build/cmd.o
 .debug_aranges
                0x00000730       0x20 build/Filter.o
 .debug_aranges
                0x00000750       0x78 build/PID.o
 .debug_aranges
                0x000007c8       0x20 build/usart_utils.o
 .debug_aranges
                0x000007e8      0x158 build/stm32g0xx_hal_lptim.o
 .debug_aranges
                0x00000940      0x218 build/stm32g0xx_hal_uart.o
 .debug_aranges
                0x00000b58       0x88 build/stm32g0xx_hal_uart_ex.o
 .debug_aranges
                0x00000be0       0x48 build/spi.o
 .debug_aranges
                0x00000c28       0x70 build/ADC.o
 .debug_aranges
                0x00000c98       0x40 build/DAC.o
 .debug_aranges
                0x00000cd8      0x1d8 build/stm32g0xx_hal_spi.o
 .debug_aranges
                0x00000eb0       0x20 build/dma.o
 .debug_aranges
                0x00000ed0       0x28 build/startup_stm32g071xx.o

.debug_ranges   0x00000000      0xec8
 .debug_ranges  0x00000000       0x20 build/main.o
 .debug_ranges  0x00000020       0x10 build/gpio.o
 .debug_ranges  0x00000030       0x70 build/stm32g0xx_it.o
 .debug_ranges  0x000000a0       0x10 build/stm32g0xx_hal_msp.o
 .debug_ranges  0x000000b0       0x50 build/stm32g0xx_hal_gpio.o
 .debug_ranges  0x00000100       0xa0 build/stm32g0xx_hal_rcc.o
 .debug_ranges  0x000001a0       0x48 build/stm32g0xx_hal_rcc_ex.o
 .debug_ranges  0x000001e8       0x78 build/stm32g0xx_hal_flash.o
 .debug_ranges  0x00000260       0xc0 build/stm32g0xx_hal_flash_ex.o
 .debug_ranges  0x00000320       0x80 build/stm32g0xx_hal_dma.o
 .debug_ranges  0x000003a0       0xb0 build/stm32g0xx_hal_pwr_ex.o
 .debug_ranges  0x00000450       0xe0 build/stm32g0xx_hal_cortex.o
 .debug_ranges  0x00000530      0x110 build/stm32g0xx_hal.o
 .debug_ranges  0x00000640       0x18 build/system_stm32g0xx.o
 .debug_ranges  0x00000658       0x20 build/lptim.o
 .debug_ranges  0x00000678       0x30 build/usart.o
 .debug_ranges  0x000006a8       0x88 build/cmd.o
 .debug_ranges  0x00000730       0x10 build/Filter.o
 .debug_ranges  0x00000740       0xd8 build/PID.o
 .debug_ranges  0x00000818       0x28 build/usart_utils.o
 .debug_ranges  0x00000840      0x148 build/stm32g0xx_hal_lptim.o
 .debug_ranges  0x00000988      0x208 build/stm32g0xx_hal_uart.o
 .debug_ranges  0x00000b90       0x78 build/stm32g0xx_hal_uart_ex.o
 .debug_ranges  0x00000c08       0x38 build/spi.o
 .debug_ranges  0x00000c40       0x60 build/ADC.o
 .debug_ranges  0x00000ca0       0x30 build/DAC.o
 .debug_ranges  0x00000cd0      0x1c8 build/stm32g0xx_hal_spi.o
 .debug_ranges  0x00000e98       0x10 build/dma.o
 .debug_ranges  0x00000ea8       0x20 build/startup_stm32g071xx.o

.debug_line     0x00000000     0x91d2
 .debug_line    0x00000000      0x531 build/main.o
 .debug_line    0x00000531      0x372 build/gpio.o
 .debug_line    0x000008a3      0x3ce build/stm32g0xx_it.o
 .debug_line    0x00000c71      0x265 build/stm32g0xx_hal_msp.o
 .debug_line    0x00000ed6      0x2e2 build/stm32g0xx_hal_gpio.o
 .debug_line    0x000011b8      0x4d4 build/stm32g0xx_hal_rcc.o
 .debug_line    0x0000168c      0x487 build/stm32g0xx_hal_rcc_ex.o
 .debug_line    0x00001b13      0x39c build/stm32g0xx_hal_flash.o
 .debug_line    0x00001eaf      0x3ee build/stm32g0xx_hal_flash_ex.o
 .debug_line    0x0000229d      0x414 build/stm32g0xx_hal_dma.o
 .debug_line    0x000026b1      0x3b9 build/stm32g0xx_hal_pwr_ex.o
 .debug_line    0x00002a6a      0x3b0 build/stm32g0xx_hal_cortex.o
 .debug_line    0x00002e1a      0x41f build/stm32g0xx_hal.o
 .debug_line    0x00003239      0x1b1 build/system_stm32g0xx.o
 .debug_line    0x000033ea      0x334 build/lptim.o
 .debug_line    0x0000371e      0x591 build/usart.o
 .debug_line    0x00003caf      0x962 build/cmd.o
 .debug_line    0x00004611      0x3b4 build/Filter.o
 .debug_line    0x000049c5      0xa5c build/PID.o
 .debug_line    0x00005421      0x32e build/usart_utils.o
 .debug_line    0x0000574f      0x581 build/stm32g0xx_hal_lptim.o
 .debug_line    0x00005cd0     0x12ea build/stm32g0xx_hal_uart.o
 .debug_line    0x00006fba      0x426 build/stm32g0xx_hal_uart_ex.o
 .debug_line    0x000073e0      0x52a build/spi.o
 .debug_line    0x0000790a      0x558 build/ADC.o
 .debug_line    0x00007e62      0x3cb build/DAC.o
 .debug_line    0x0000822d      0xcd5 build/stm32g0xx_hal_spi.o
 .debug_line    0x00008f02      0x259 build/dma.o
 .debug_line    0x0000915b       0x77 build/startup_stm32g071xx.o

.debug_str      0x00000000     0x465e
 .debug_str     0x00000000     0x167c build/main.o
                               0x17d8 (size before relaxing)
 .debug_str     0x0000167c      0x133 build/gpio.o
                                0xe92 (size before relaxing)
 .debug_str     0x000017af      0x1b8 build/stm32g0xx_it.o
                               0x12a1 (size before relaxing)
 .debug_str     0x00001967       0x24 build/stm32g0xx_hal_msp.o
                                0xde2 (size before relaxing)
 .debug_str     0x0000198b      0x1d8 build/stm32g0xx_hal_gpio.o
                                0x4aa (size before relaxing)
 .debug_str     0x00001b63      0x2ab build/stm32g0xx_hal_rcc.o
                                0x7cf (size before relaxing)
 .debug_str     0x00001e0e      0x113 build/stm32g0xx_hal_rcc_ex.o
                                0x6ce (size before relaxing)
 .debug_str     0x00001f21      0x1e6 build/stm32g0xx_hal_flash.o
                                0x535 (size before relaxing)
 .debug_str     0x00002107      0x39a build/stm32g0xx_hal_flash_ex.o
                                0x6be (size before relaxing)
 .debug_str     0x000024a1      0x2a9 build/stm32g0xx_hal_dma.o
                                0x7d6 (size before relaxing)
 .debug_str     0x0000274a      0x318 build/stm32g0xx_hal_pwr_ex.o
                                0x61e (size before relaxing)
 .debug_str     0x00002a62      0x341 build/stm32g0xx_hal_cortex.o
                                0x81a (size before relaxing)
 .debug_str     0x00002da3      0x337 build/stm32g0xx_hal.o
                                0x96d (size before relaxing)
 .debug_str     0x000030da       0x38 build/system_stm32g0xx.o
                                0x367 (size before relaxing)
 .debug_str     0x00003112       0x3b build/lptim.o
                               0x1026 (size before relaxing)
 .debug_str     0x0000314d       0xd7 build/usart.o
                               0x1215 (size before relaxing)
 .debug_str     0x00003224       0xd9 build/cmd.o
                               0x1014 (size before relaxing)
 .debug_str     0x000032fd        0xd build/Filter.o
                                0xec1 (size before relaxing)
 .debug_str     0x0000330a       0xa1 build/PID.o
                                0xfee (size before relaxing)
 .debug_str     0x000033ab       0x19 build/usart_utils.o
                                0xd54 (size before relaxing)
 .debug_str     0x000033c4      0x3c7 build/stm32g0xx_hal_lptim.o
                                0x86a (size before relaxing)
 .debug_str     0x0000378b      0x71c build/stm32g0xx_hal_uart.o
                               0x1050 (size before relaxing)
 .debug_str     0x00003ea7      0x1d4 build/stm32g0xx_hal_uart_ex.o
                                0xa53 (size before relaxing)
 .debug_str     0x0000407b       0x21 build/spi.o
                               0x10da (size before relaxing)
 .debug_str     0x0000409c       0x8a build/ADC.o
                               0x115d (size before relaxing)
 .debug_str     0x00004126       0x39 build/DAC.o
                                0xf86 (size before relaxing)
 .debug_str     0x0000415f      0x4d1 build/stm32g0xx_hal_spi.o
                                0xcf4 (size before relaxing)
 .debug_str     0x00004630        0xa build/dma.o
                                0xfdf (size before relaxing)
 .debug_str     0x0000463a       0x24 build/startup_stm32g071xx.o
                                 0x37 (size before relaxing)

.comment        0x00000000       0xd0
 .comment       0x00000000       0x79 build/main.o
                                 0x7a (size before relaxing)
 .comment       0x00000079       0x7a build/gpio.o
 .comment       0x00000079       0x7a build/stm32g0xx_it.o
 .comment       0x00000079       0x7a build/stm32g0xx_hal_msp.o
 .comment       0x00000079       0x57 build/stm32g0xx_hal_gpio.o
                                 0x58 (size before relaxing)
 .comment       0x000000d0       0x58 build/stm32g0xx_hal_rcc.o
 .comment       0x000000d0       0x58 build/stm32g0xx_hal_rcc_ex.o
 .comment       0x000000d0       0x58 build/stm32g0xx_hal_flash.o
 .comment       0x000000d0       0x58 build/stm32g0xx_hal_flash_ex.o
 .comment       0x000000d0       0x58 build/stm32g0xx_hal_dma.o
 .comment       0x000000d0       0x58 build/stm32g0xx_hal_pwr_ex.o
 .comment       0x000000d0       0x58 build/stm32g0xx_hal_cortex.o
 .comment       0x000000d0       0x58 build/stm32g0xx_hal.o
 .comment       0x000000d0       0x58 build/system_stm32g0xx.o
 .comment       0x000000d0       0x7a build/lptim.o
 .comment       0x000000d0       0x7a build/usart.o
 .comment       0x000000d0       0x7a build/cmd.o
 .comment       0x000000d0       0x7a build/Filter.o
 .comment       0x000000d0       0x7a build/PID.o
 .comment       0x000000d0       0x7a build/usart_utils.o
 .comment       0x000000d0       0x58 build/stm32g0xx_hal_lptim.o
 .comment       0x000000d0       0x58 build/stm32g0xx_hal_uart.o
 .comment       0x000000d0       0x58 build/stm32g0xx_hal_uart_ex.o
 .comment       0x000000d0       0x7a build/spi.o
 .comment       0x000000d0       0x7a build/ADC.o
 .comment       0x000000d0       0x7a build/DAC.o
 .comment       0x000000d0       0x58 build/stm32g0xx_hal_spi.o
 .comment       0x000000d0       0x7a build/dma.o

.debug_frame    0x00000000     0x2d4c
 .debug_frame   0x00000000       0x70 build/main.o
 .debug_frame   0x00000070       0x44 build/gpio.o
 .debug_frame   0x000000b4      0x144 build/stm32g0xx_it.o
 .debug_frame   0x000001f8       0x2c build/stm32g0xx_hal_msp.o
 .debug_frame   0x00000224       0xe4 build/stm32g0xx_hal_gpio.o
 .debug_frame   0x00000308      0x178 build/stm32g0xx_hal_rcc.o
 .debug_frame   0x00000480       0xa0 build/stm32g0xx_hal_rcc_ex.o
 .debug_frame   0x00000520      0x154 build/stm32g0xx_hal_flash.o
 .debug_frame   0x00000674      0x210 build/stm32g0xx_hal_flash_ex.o
 .debug_frame   0x00000884      0x1b8 build/stm32g0xx_hal_dma.o
 .debug_frame   0x00000a3c      0x178 build/stm32g0xx_hal_pwr_ex.o
 .debug_frame   0x00000bb4      0x11c build/stm32g0xx_hal_cortex.o
 .debug_frame   0x00000cd0      0x26c build/stm32g0xx_hal.o
 .debug_frame   0x00000f3c       0x3c build/system_stm32g0xx.o
 .debug_frame   0x00000f78       0x64 build/lptim.o
 .debug_frame   0x00000fdc       0xa8 build/usart.o
 .debug_frame   0x00001084       0x48 build/cmd.o
 .debug_frame   0x000010cc       0x30 build/Filter.o
 .debug_frame   0x000010fc      0x1c0 build/PID.o
 .debug_frame   0x000012bc       0x30 build/usart_utils.o
 .debug_frame   0x000012ec      0x408 build/stm32g0xx_hal_lptim.o
 .debug_frame   0x000016f4      0x674 build/stm32g0xx_hal_uart.o
 .debug_frame   0x00001d68      0x1a4 build/stm32g0xx_hal_uart_ex.o
 .debug_frame   0x00001f0c       0xc0 build/spi.o
 .debug_frame   0x00001fcc      0x150 build/ADC.o
 .debug_frame   0x0000211c       0xa4 build/DAC.o
 .debug_frame   0x000021c0      0x620 build/stm32g0xx_hal_spi.o
 .debug_frame   0x000027e0       0x2c build/dma.o
 .debug_frame   0x0000280c       0x2c c:/gnu tools arm embedded/bin/../lib/gcc/arm-none-eabi/9.2.1/../../../../arm-none-eabi/lib/thumb/v6-m/nofp\libc_nano.a(lib_a-init.o)
 .debug_frame   0x00002838       0x28 c:/gnu tools arm embedded/bin/../lib/gcc/arm-none-eabi/9.2.1/../../../../arm-none-eabi/lib/thumb/v6-m/nofp\libc_nano.a(lib_a-memcpy-stub.o)
 .debug_frame   0x00002860       0x20 c:/gnu tools arm embedded/bin/../lib/gcc/arm-none-eabi/9.2.1/../../../../arm-none-eabi/lib/thumb/v6-m/nofp\libc_nano.a(lib_a-memset.o)
 .debug_frame   0x00002880       0x48 c:/gnu tools arm embedded/bin/../lib/gcc/arm-none-eabi/9.2.1/../../../../arm-none-eabi/lib/thumb/v6-m/nofp\libc_nano.a(lib_a-sprintf.o)
 .debug_frame   0x000028c8       0x20 c:/gnu tools arm embedded/bin/../lib/gcc/arm-none-eabi/9.2.1/../../../../arm-none-eabi/lib/thumb/v6-m/nofp\libc_nano.a(lib_a-strcmp.o)
 .debug_frame   0x000028e8       0x74 c:/gnu tools arm embedded/bin/../lib/gcc/arm-none-eabi/9.2.1/../../../../arm-none-eabi/lib/thumb/v6-m/nofp\libc_nano.a(lib_a-nano-svfprintf.o)
 .debug_frame   0x0000295c       0x54 c:/gnu tools arm embedded/bin/../lib/gcc/arm-none-eabi/9.2.1/../../../../arm-none-eabi/lib/thumb/v6-m/nofp\libc_nano.a(lib_a-nano-vfprintf_i.o)
 .debug_frame   0x000029b0       0x20 c:/gnu tools arm embedded/bin/../lib/gcc/arm-none-eabi/9.2.1/../../../../arm-none-eabi/lib/thumb/v6-m/nofp\libc_nano.a(lib_a-memchr-stub.o)
 .debug_frame   0x000029d0       0x28 c:/gnu tools arm embedded/bin/../lib/gcc/arm-none-eabi/9.2.1/../../../../arm-none-eabi/lib/thumb/v6-m/nofp\libc_nano.a(lib_a-memmove.o)
 .debug_frame   0x000029f8       0x2c c:/gnu tools arm embedded/bin/../lib/gcc/arm-none-eabi/9.2.1/../../../../arm-none-eabi/lib/thumb/v6-m/nofp\libc_nano.a(lib_a-nano-freer.o)
 .debug_frame   0x00002a24       0x30 c:/gnu tools arm embedded/bin/../lib/gcc/arm-none-eabi/9.2.1/../../../../arm-none-eabi/lib/thumb/v6-m/nofp\libc_nano.a(lib_a-nano-mallocr.o)
 .debug_frame   0x00002a54       0x30 c:/gnu tools arm embedded/bin/../lib/gcc/arm-none-eabi/9.2.1/../../../../arm-none-eabi/lib/thumb/v6-m/nofp\libc_nano.a(lib_a-nano-reallocr.o)
 .debug_frame   0x00002a84       0x2c c:/gnu tools arm embedded/bin/../lib/gcc/arm-none-eabi/9.2.1/../../../../arm-none-eabi/lib/thumb/v6-m/nofp\libc_nano.a(lib_a-sbrkr.o)
 .debug_frame   0x00002ab0       0x40 c:/gnu tools arm embedded/bin/../lib/gcc/arm-none-eabi/9.2.1/../../../../arm-none-eabi/lib/thumb/v6-m/nofp\libc_nano.a(lib_a-mlock.o)
 .debug_frame   0x00002af0       0x20 c:/gnu tools arm embedded/bin/../lib/gcc/arm-none-eabi/9.2.1/../../../../arm-none-eabi/lib/thumb/v6-m/nofp\libc_nano.a(lib_a-nano-msizer.o)
 .debug_frame   0x00002b10       0x48 c:/gnu tools arm embedded/bin/../lib/gcc/arm-none-eabi/9.2.1/../../../../arm-none-eabi/lib/thumb/v6-m/nofp\libc_nano.a(lib_a-reent.o)
 .debug_frame   0x00002b58       0xb0 c:/gnu tools arm embedded/bin/../lib/gcc/arm-none-eabi/9.2.1/../../../../arm-none-eabi/lib/thumb/v6-m/nofp\libc_nano.a(lib_a-lock.o)
 .debug_frame   0x00002c08       0x20 c:/gnu tools arm embedded/bin/../lib/gcc/arm-none-eabi/9.2.1/../../../../arm-none-eabi/lib/thumb/v6-m/nofp\libnosys.a(sbrk.o)
 .debug_frame   0x00002c28       0x20 c:/gnu tools arm embedded/bin/../lib/gcc/arm-none-eabi/9.2.1/thumb/v6-m/nofp\libgcc.a(_udivsi3.o)
 .debug_frame   0x00002c48       0x20 c:/gnu tools arm embedded/bin/../lib/gcc/arm-none-eabi/9.2.1/thumb/v6-m/nofp\libgcc.a(_divsi3.o)
 .debug_frame   0x00002c68       0x34 c:/gnu tools arm embedded/bin/../lib/gcc/arm-none-eabi/9.2.1/thumb/v6-m/nofp\libgcc.a(_muldi3.o)
 .debug_frame   0x00002c9c       0x3c c:/gnu tools arm embedded/bin/../lib/gcc/arm-none-eabi/9.2.1/thumb/v6-m/nofp\libgcc.a(_udivmoddi4.o)
 .debug_frame   0x00002cd8       0x38 c:/gnu tools arm embedded/bin/../lib/gcc/arm-none-eabi/9.2.1/thumb/v6-m/nofp\libgcc.a(bpabi.o)
 .debug_frame   0x00002d10       0x3c c:/gnu tools arm embedded/bin/../lib/gcc/arm-none-eabi/9.2.1/thumb/v6-m/nofp\libgcc.a(_divdi3.o)

Cross Reference Table

Symbol                                            File
ADC1_COMP_IRQHandler                              build/startup_stm32g071xx.o
ADC_CMD                                           build/ADC.o
                                                  build/cmd.o
ADC_DATA                                          build/ADC.o
ADC_DATA_READY_EXTI_Init                          build/spi.o
                                                  build/ADC.o
                                                  build/cmd.o
ADC_DATA_READY_EXTI_deInit                        build/spi.o
                                                  build/ADC.o
                                                  build/cmd.o
ADC_ID                                            build/ADC.o
                                                  build/cmd.o
ADC_SPI_READ_16                                   build/ADC.o
                                                  build/cmd.o
ADC_SPI_READ_24                                   build/ADC.o
                                                  build/cmd.o
ADC_SPI_READ_8                                    build/ADC.o
                                                  build/cmd.o
ADC_SPI_WRITE_16                                  build/ADC.o
ADC_SPI_WRITE_8                                   build/ADC.o
ADC_config                                        build/ADC.o
                                                  build/main.o
ADC_reset                                         build/ADC.o
                                                  build/main.o
ADC_update                                        build/ADC.o
                                                  build/stm32g0xx_it.o
                                                  build/main.o
AHBPrescTable                                     build/system_stm32g0xx.o
                                                  build/stm32g0xx_hal_rcc.o
APBPrescTable                                     build/system_stm32g0xx.o
                                                  build/stm32g0xx_hal_rcc.o
CEC_IRQHandler                                    build/startup_stm32g071xx.o
CHECK_IF_END                                      build/usart.o
Calib                                             build/PID.o
                                                  build/main.o
DAC_SPI_WRITE_24                                  build/DAC.o
DAC_cmd                                           build/DAC.o
                                                  build/PID.o
                                                  build/main.o
DAC_reset                                         build/DAC.o
                                                  build/main.o
DAC_test                                          build/DAC.o
                                                  build/cmd.o
DAC_test_val                                      build/DAC.o
DMA1_Ch4_7_DMAMUX1_OVR_IRQHandler                 build/startup_stm32g071xx.o
DMA1_Channel1_IRQHandler                          build/stm32g0xx_it.o
DMA1_Channel2_3_IRQHandler                        build/startup_stm32g071xx.o
Default_Handler                                   build/startup_stm32g071xx.o
EXTI0_1_IRQHandler                                build/startup_stm32g071xx.o
EXTI2_3_IRQHandler                                build/startup_stm32g071xx.o
EXTI4_15_IRQHandler                               build/stm32g0xx_it.o
Error_Handler                                     build/main.o
                                                  build/spi.o
                                                  build/usart.o
                                                  build/lptim.o
FLASH_FlushCaches                                 build/stm32g0xx_hal_flash_ex.o
FLASH_IRQHandler                                  build/stm32g0xx_it.o
FLASH_PageErase                                   build/stm32g0xx_hal_flash_ex.o
                                                  build/stm32g0xx_hal_flash.o
FLASH_WaitForLastOperation                        build/stm32g0xx_hal_flash.o
                                                  build/stm32g0xx_hal_flash_ex.o
Filter                                            build/Filter.o
                                                  build/main.o
HAL_DBGMCU_DisableDBGStandbyMode                  build/stm32g0xx_hal.o
HAL_DBGMCU_DisableDBGStopMode                     build/stm32g0xx_hal.o
HAL_DBGMCU_EnableDBGStandbyMode                   build/stm32g0xx_hal.o
HAL_DBGMCU_EnableDBGStopMode                      build/stm32g0xx_hal.o
HAL_DMAEx_ConfigMuxRequestGenerator               build/stm32g0xx_hal_dma_ex.o
HAL_DMAEx_ConfigMuxSync                           build/stm32g0xx_hal_dma_ex.o
HAL_DMAEx_DisableMuxRequestGenerator              build/stm32g0xx_hal_dma_ex.o
HAL_DMAEx_EnableMuxRequestGenerator               build/stm32g0xx_hal_dma_ex.o
HAL_DMAEx_MUX_IRQHandler                          build/stm32g0xx_hal_dma_ex.o
HAL_DMA_Abort                                     build/stm32g0xx_hal_dma.o
                                                  build/stm32g0xx_hal_spi.o
                                                  build/stm32g0xx_hal_uart.o
HAL_DMA_Abort_IT                                  build/stm32g0xx_hal_dma.o
                                                  build/stm32g0xx_hal_spi.o
                                                  build/stm32g0xx_hal_uart.o
HAL_DMA_DeInit                                    build/stm32g0xx_hal_dma.o
                                                  build/usart.o
HAL_DMA_GetError                                  build/stm32g0xx_hal_dma.o
                                                  build/stm32g0xx_hal_uart.o
HAL_DMA_GetState                                  build/stm32g0xx_hal_dma.o
HAL_DMA_IRQHandler                                build/stm32g0xx_hal_dma.o
                                                  build/stm32g0xx_it.o
HAL_DMA_Init                                      build/stm32g0xx_hal_dma.o
                                                  build/usart.o
HAL_DMA_PollForTransfer                           build/stm32g0xx_hal_dma.o
HAL_DMA_RegisterCallback                          build/stm32g0xx_hal_dma.o
HAL_DMA_Start                                     build/stm32g0xx_hal_dma.o
HAL_DMA_Start_IT                                  build/stm32g0xx_hal_dma.o
                                                  build/stm32g0xx_hal_spi.o
                                                  build/stm32g0xx_hal_uart.o
HAL_DMA_UnRegisterCallback                        build/stm32g0xx_hal_dma.o
HAL_DeInit                                        build/stm32g0xx_hal.o
HAL_Delay                                         build/stm32g0xx_hal.o
                                                  build/DAC.o
                                                  build/ADC.o
                                                  build/PID.o
                                                  build/cmd.o
                                                  build/main.o
HAL_EXTI_ClearConfigLine                          build/stm32g0xx_hal_exti.o
HAL_EXTI_ClearPending                             build/stm32g0xx_hal_exti.o
HAL_EXTI_GenerateSWI                              build/stm32g0xx_hal_exti.o
HAL_EXTI_GetConfigLine                            build/stm32g0xx_hal_exti.o
HAL_EXTI_GetHandle                                build/stm32g0xx_hal_exti.o
HAL_EXTI_GetPending                               build/stm32g0xx_hal_exti.o
HAL_EXTI_IRQHandler                               build/stm32g0xx_hal_exti.o
HAL_EXTI_RegisterCallback                         build/stm32g0xx_hal_exti.o
HAL_EXTI_SetConfigLine                            build/stm32g0xx_hal_exti.o
HAL_FLASHEx_DisableDebugger                       build/stm32g0xx_hal_flash_ex.o
HAL_FLASHEx_EnableDebugger                        build/stm32g0xx_hal_flash_ex.o
HAL_FLASHEx_EnableSecMemProtection                build/stm32g0xx_hal_flash_ex.o
HAL_FLASHEx_Erase                                 build/stm32g0xx_hal_flash_ex.o
HAL_FLASHEx_Erase_IT                              build/stm32g0xx_hal_flash_ex.o
HAL_FLASHEx_FlashEmptyCheck                       build/stm32g0xx_hal_flash_ex.o
HAL_FLASHEx_ForceFlashEmpty                       build/stm32g0xx_hal_flash_ex.o
HAL_FLASHEx_OBGetConfig                           build/stm32g0xx_hal_flash_ex.o
HAL_FLASHEx_OBProgram                             build/stm32g0xx_hal_flash_ex.o
HAL_FLASH_EndOfOperationCallback                  build/stm32g0xx_hal_flash.o
HAL_FLASH_GetError                                build/stm32g0xx_hal_flash.o
HAL_FLASH_IRQHandler                              build/stm32g0xx_hal_flash.o
                                                  build/stm32g0xx_it.o
HAL_FLASH_Lock                                    build/stm32g0xx_hal_flash.o
HAL_FLASH_OB_Launch                               build/stm32g0xx_hal_flash.o
HAL_FLASH_OB_Lock                                 build/stm32g0xx_hal_flash.o
HAL_FLASH_OB_Unlock                               build/stm32g0xx_hal_flash.o
HAL_FLASH_OperationErrorCallback                  build/stm32g0xx_hal_flash.o
HAL_FLASH_Program                                 build/stm32g0xx_hal_flash.o
HAL_FLASH_Program_IT                              build/stm32g0xx_hal_flash.o
HAL_FLASH_Unlock                                  build/stm32g0xx_hal_flash.o
HAL_GPIO_DeInit                                   build/stm32g0xx_hal_gpio.o
                                                  build/spi.o
                                                  build/usart.o
HAL_GPIO_EXTI_Falling_Callback                    build/stm32g0xx_it.o
HAL_GPIO_EXTI_IRQHandler                          build/stm32g0xx_hal_gpio.o
                                                  build/stm32g0xx_it.o
HAL_GPIO_EXTI_Rising_Callback                     build/stm32g0xx_hal_gpio.o
HAL_GPIO_Init                                     build/stm32g0xx_hal_gpio.o
                                                  build/ADC.o
                                                  build/spi.o
                                                  build/usart.o
                                                  build/stm32g0xx_hal_rcc_ex.o
                                                  build/stm32g0xx_hal_rcc.o
                                                  build/gpio.o
HAL_GPIO_LockPin                                  build/stm32g0xx_hal_gpio.o
HAL_GPIO_ReadPin                                  build/stm32g0xx_hal_gpio.o
HAL_GPIO_TogglePin                                build/stm32g0xx_hal_gpio.o
                                                  build/ADC.o
                                                  build/cmd.o
                                                  build/stm32g0xx_it.o
                                                  build/main.o
HAL_GPIO_WritePin                                 build/stm32g0xx_hal_gpio.o
                                                  build/DAC.o
                                                  build/ADC.o
                                                  build/gpio.o
                                                  build/main.o
HAL_GetDEVID                                      build/stm32g0xx_hal.o
HAL_GetHalVersion                                 build/stm32g0xx_hal.o
HAL_GetREVID                                      build/stm32g0xx_hal.o
HAL_GetTick                                       build/stm32g0xx_hal.o
                                                  build/stm32g0xx_hal_spi.o
                                                  build/stm32g0xx_hal_uart_ex.o
                                                  build/stm32g0xx_hal_uart.o
                                                  build/stm32g0xx_hal_dma.o
                                                  build/stm32g0xx_hal_flash.o
                                                  build/stm32g0xx_hal_rcc_ex.o
                                                  build/stm32g0xx_hal_rcc.o
HAL_GetTickFreq                                   build/stm32g0xx_hal.o
HAL_GetTickPrio                                   build/stm32g0xx_hal.o
HAL_GetUIDw0                                      build/stm32g0xx_hal.o
HAL_GetUIDw1                                      build/stm32g0xx_hal.o
HAL_GetUIDw2                                      build/stm32g0xx_hal.o
HAL_HalfDuplex_EnableReceiver                     build/stm32g0xx_hal_uart.o
HAL_HalfDuplex_EnableTransmitter                  build/stm32g0xx_hal_uart.o
HAL_HalfDuplex_Init                               build/stm32g0xx_hal_uart.o
HAL_IncTick                                       build/stm32g0xx_hal.o
                                                  build/stm32g0xx_it.o
HAL_Init                                          build/stm32g0xx_hal.o
                                                  build/main.o
HAL_InitTick                                      build/stm32g0xx_hal.o
                                                  build/stm32g0xx_hal_rcc.o
                                                  build/main.o
HAL_LIN_Init                                      build/stm32g0xx_hal_uart.o
HAL_LIN_SendBreak                                 build/stm32g0xx_hal_uart.o
HAL_LPTIM_AutoReloadMatchCallback                 build/stm32g0xx_hal_lptim.o
HAL_LPTIM_AutoReloadWriteCallback                 build/stm32g0xx_hal_lptim.o
HAL_LPTIM_CompareMatchCallback                    build/stm32g0xx_hal_lptim.o
HAL_LPTIM_CompareWriteCallback                    build/stm32g0xx_hal_lptim.o
HAL_LPTIM_Counter_Start                           build/stm32g0xx_hal_lptim.o
HAL_LPTIM_Counter_Start_IT                        build/stm32g0xx_hal_lptim.o
                                                  build/main.o
HAL_LPTIM_Counter_Stop                            build/stm32g0xx_hal_lptim.o
HAL_LPTIM_Counter_Stop_IT                         build/stm32g0xx_hal_lptim.o
HAL_LPTIM_DeInit                                  build/stm32g0xx_hal_lptim.o
HAL_LPTIM_DirectionDownCallback                   build/stm32g0xx_hal_lptim.o
HAL_LPTIM_DirectionUpCallback                     build/stm32g0xx_hal_lptim.o
HAL_LPTIM_Encoder_Start                           build/stm32g0xx_hal_lptim.o
HAL_LPTIM_Encoder_Start_IT                        build/stm32g0xx_hal_lptim.o
HAL_LPTIM_Encoder_Stop                            build/stm32g0xx_hal_lptim.o
HAL_LPTIM_Encoder_Stop_IT                         build/stm32g0xx_hal_lptim.o
HAL_LPTIM_GetState                                build/stm32g0xx_hal_lptim.o
HAL_LPTIM_IRQHandler                              build/stm32g0xx_hal_lptim.o
                                                  build/stm32g0xx_it.o
HAL_LPTIM_Init                                    build/stm32g0xx_hal_lptim.o
                                                  build/lptim.o
HAL_LPTIM_MspDeInit                               build/lptim.o
HAL_LPTIM_MspInit                                 build/lptim.o
                                                  build/main.o
HAL_LPTIM_OnePulse_Start                          build/stm32g0xx_hal_lptim.o
HAL_LPTIM_OnePulse_Start_IT                       build/stm32g0xx_hal_lptim.o
HAL_LPTIM_OnePulse_Stop                           build/stm32g0xx_hal_lptim.o
HAL_LPTIM_OnePulse_Stop_IT                        build/stm32g0xx_hal_lptim.o
HAL_LPTIM_PWM_Start                               build/stm32g0xx_hal_lptim.o
HAL_LPTIM_PWM_Start_IT                            build/stm32g0xx_hal_lptim.o
HAL_LPTIM_PWM_Stop                                build/stm32g0xx_hal_lptim.o
HAL_LPTIM_PWM_Stop_IT                             build/stm32g0xx_hal_lptim.o
HAL_LPTIM_ReadAutoReload                          build/stm32g0xx_hal_lptim.o
HAL_LPTIM_ReadCompare                             build/stm32g0xx_hal_lptim.o
HAL_LPTIM_ReadCounter                             build/stm32g0xx_hal_lptim.o
HAL_LPTIM_SetOnce_Start                           build/stm32g0xx_hal_lptim.o
HAL_LPTIM_SetOnce_Start_IT                        build/stm32g0xx_hal_lptim.o
HAL_LPTIM_SetOnce_Stop                            build/stm32g0xx_hal_lptim.o
HAL_LPTIM_SetOnce_Stop_IT                         build/stm32g0xx_hal_lptim.o
HAL_LPTIM_TimeOut_Start                           build/stm32g0xx_hal_lptim.o
HAL_LPTIM_TimeOut_Start_IT                        build/stm32g0xx_hal_lptim.o
HAL_LPTIM_TimeOut_Stop                            build/stm32g0xx_hal_lptim.o
HAL_LPTIM_TimeOut_Stop_IT                         build/stm32g0xx_hal_lptim.o
HAL_LPTIM_TriggerCallback                         build/stm32g0xx_hal_lptim.o
HAL_MPU_ConfigRegion                              build/stm32g0xx_hal_cortex.o
HAL_MPU_Disable                                   build/stm32g0xx_hal_cortex.o
HAL_MPU_Enable                                    build/stm32g0xx_hal_cortex.o
HAL_MspDeInit                                     build/stm32g0xx_hal.o
HAL_MspInit                                       build/stm32g0xx_hal_msp.o
HAL_MultiProcessorEx_AddressLength_Set            build/stm32g0xx_hal_uart_ex.o
HAL_MultiProcessor_DisableMuteMode                build/stm32g0xx_hal_uart.o
HAL_MultiProcessor_EnableMuteMode                 build/stm32g0xx_hal_uart.o
HAL_MultiProcessor_EnterMuteMode                  build/stm32g0xx_hal_uart.o
HAL_MultiProcessor_Init                           build/stm32g0xx_hal_uart.o
HAL_NVIC_ClearPendingIRQ                          build/stm32g0xx_hal_cortex.o
HAL_NVIC_DisableIRQ                               build/stm32g0xx_hal_cortex.o
                                                  build/spi.o
                                                  build/usart.o
                                                  build/lptim.o
HAL_NVIC_EnableIRQ                                build/stm32g0xx_hal_cortex.o
                                                  build/dma.o
                                                  build/spi.o
                                                  build/usart.o
                                                  build/lptim.o
                                                  build/stm32g0xx_hal_msp.o
                                                  build/gpio.o
HAL_NVIC_GetPendingIRQ                            build/stm32g0xx_hal_cortex.o
HAL_NVIC_GetPriority                              build/stm32g0xx_hal_cortex.o
HAL_NVIC_SetPendingIRQ                            build/stm32g0xx_hal_cortex.o
HAL_NVIC_SetPriority                              build/stm32g0xx_hal_cortex.o
                                                  build/dma.o
                                                  build/spi.o
                                                  build/usart.o
                                                  build/lptim.o
                                                  build/stm32g0xx_hal.o
                                                  build/stm32g0xx_hal_msp.o
                                                  build/gpio.o
                                                  build/main.o
HAL_NVIC_SystemReset                              build/stm32g0xx_hal_cortex.o
HAL_PWREx_ControlVoltageScaling                   build/stm32g0xx_hal_pwr_ex.o
                                                  build/main.o
HAL_PWREx_DisableBatteryCharging                  build/stm32g0xx_hal_pwr_ex.o
HAL_PWREx_DisableFlashPowerDown                   build/stm32g0xx_hal_pwr_ex.o
HAL_PWREx_DisableGPIOPullDown                     build/stm32g0xx_hal_pwr_ex.o
HAL_PWREx_DisableGPIOPullUp                       build/stm32g0xx_hal_pwr_ex.o
HAL_PWREx_DisableInternalWakeUpLine               build/stm32g0xx_hal_pwr_ex.o
HAL_PWREx_DisableLowPowerRunMode                  build/stm32g0xx_hal_pwr_ex.o
                                                  build/stm32g0xx_hal_pwr.o
HAL_PWREx_DisablePORMonitorSampling               build/stm32g0xx_hal_pwr_ex.o
HAL_PWREx_DisablePullUpPullDownConfig             build/stm32g0xx_hal_pwr_ex.o
HAL_PWREx_DisableSRAMRetention                    build/stm32g0xx_hal_pwr_ex.o
HAL_PWREx_EnableBatteryCharging                   build/stm32g0xx_hal_pwr_ex.o
HAL_PWREx_EnableFlashPowerDown                    build/stm32g0xx_hal_pwr_ex.o
HAL_PWREx_EnableGPIOPullDown                      build/stm32g0xx_hal_pwr_ex.o
HAL_PWREx_EnableGPIOPullUp                        build/stm32g0xx_hal_pwr_ex.o
HAL_PWREx_EnableInternalWakeUpLine                build/stm32g0xx_hal_pwr_ex.o
HAL_PWREx_EnableLowPowerRunMode                   build/stm32g0xx_hal_pwr_ex.o
                                                  build/stm32g0xx_hal_pwr.o
HAL_PWREx_EnablePORMonitorSampling                build/stm32g0xx_hal_pwr_ex.o
HAL_PWREx_EnablePullUpPullDownConfig              build/stm32g0xx_hal_pwr_ex.o
HAL_PWREx_EnableSRAMRetention                     build/stm32g0xx_hal_pwr_ex.o
HAL_PWREx_EnterSHUTDOWNMode                       build/stm32g0xx_hal_pwr_ex.o
HAL_PWREx_GetVoltageRange                         build/stm32g0xx_hal_pwr_ex.o
HAL_PWR_ConfigPVD                                 build/stm32g0xx_hal_pwr.o
HAL_PWR_DeInit                                    build/stm32g0xx_hal_pwr.o
HAL_PWR_DisableBkUpAccess                         build/stm32g0xx_hal_pwr.o